E/Diag_Lib(  417): Thread state: conn_id=58, state=MAIN_THREAD_MODEM_TX
E/Diag_Lib(  417): qmi_qmux_open_connection: connection is disabled for conn_id=48
E/Diag_Lib(  417): qmi_qmux_tx_msg: failed to open inactive connd_id=48
E/Diag_Lib(  417): Sending control message with message id:21
E/Diag_Lib(  417): qmi_qmux: TX failed, connection inactive or in reset, conn_id=48, status_flags=4
E/Diag_Lib(  417): qmi_ctl_tx_msg: qmi_qmux_tx_msg failed
E/Diag_Lib(  417): qmi_ctl_handle_request: qmi_ctl_tx_msg call failed
E/Diag_Lib(  417): qmi_qmux_tx_msg failed....replying back to client
E/Diag_Lib(  417): qmuxd: TX message on fd=30, to qmux_client_id=0x1, len=896
E/Diag_Lib(  675): qmi_client [675] 1: Received 896 bytes on fd = 36
E/Diag_Lib(  675): Sending signal ...... to read cmd data 
E/Diag_Lib(  675): qmi error code.........:0
E/Diag_Lib(  675): qmi sys error code.........:-5
E/Diag_Lib(  417): Thread state: conn_id=6, state=RX_THREAD_WAIT_READ
E/Diag_Lib(  675): qmi_client [675] 1: sending 896 bytes on fd = 36
E/Diag_Lib(  417): Thread state: conn_id=6, state=RX_THREAD_CLIENT_TX
E/Diag_Lib(  417): qmi_qmux: TX/RX - RX 24 bytes on conn_id=6
E/Diag_Lib(  417): Thread state: conn_id=58, state=MAIN_THREAD_WAIT_SELECT
E/Diag_Lib(  417): 01 17 00 80 00 00 01 03 22 00 0C 00 02 04 00 00 
E/Diag_Lib(  417): 00 00 00 01 02 00 01 0E 
E/Diag_Lib(  417):  Striping of the standard result code ...
E/Diag_Lib(  417): Thread state: conn_id=58, state=MAIN_THREAD_CLIENT_RECV
E/Diag_Lib(  417): Adding client 14, service 1, conn_id=6...
E/Diag_Lib(  417): .... for qmux_client_id = 0, in slot 1, for clnt_srv_info=b5c29268
E/Diag_Lib(  417): qmuxd: RX 896 bytes on fd=30 from qmux_client_id=0x1
E/Diag_Lib(  417): qmuxd: TX message on fd=29, to qmux_client_id=0x0, len=896
E/Diag_Lib(  417): Thread state: conn_id=58, state=MAIN_THREAD_MODEM_TX
E/Diag_Lib(  417): Thread state: conn_id=6, state=RX_THREAD_WAIT_POLL
E/Diag_Lib(  417): qmi_qmux_open_connection: connection is disabled for conn_id=29
E/Diag_Lib(  417): qmi_qmux_tx_msg: failed to open inactive connd_id=29
E/Diag_Lib(  417): Sending control message with message id:21
E/Diag_Lib(  417): qmi_qmux: TX failed, connection inactive or in reset, conn_id=29, status_flags=4
E/Diag_Lib(  417): qmi_ctl_tx_msg: qmi_qmux_tx_msg failed
E/Diag_Lib(  417): qmi_ctl_handle_request: qmi_ctl_tx_msg call failed
E/Diag_Lib(  417): qmi_qmux_tx_msg failed....replying back to client
E/Diag_Lib(  417): qmuxd: TX message on fd=30, to qmux_client_id=0x1, len=896
E/Diag_Lib(  675): qmi_client [675] 1: Received 896 bytes on fd = 36
E/Diag_Lib(  675): Sending signal ...... to read cmd data 
E/Diag_Lib(  675): qmi error code.........:0
E/Diag_Lib(  675): qmi sys error code.........:-5
E/Diag_Lib(  417): Thread state: conn_id=58, state=MAIN_THREAD_WAIT_SELECT
E/Diag_Lib(  675): qmi_client [675] 1: sending 896 bytes on fd = 36
E/Diag_Lib(  417): Thread state: conn_id=58, state=MAIN_THREAD_CLIENT_RECV
E/Diag_Lib(  417): qmuxd: RX 896 bytes on fd=29 from qmux_client_id=0x0
E/Diag_Lib(  417): Thread state: conn_id=58, state=MAIN_THREAD_MODEM_TX
E/Diag_Lib(  417): Sending control message with message id:22
E/Diag_Lib(  417): qmi_qmux: TX/RX - TX 16 bytes on conn_id=6
E/Diag_Lib(  417): 01 0F 00 00 00 00 00 04 22 00 04 00 01 01 00 04 
E/Diag_Lib(  417): Thread state: conn_id=58, state=MAIN_THREAD_CLIENT_RECV
E/Diag_Lib(  417): qmuxd: RX 896 bytes on fd=30 from qmux_client_id=0x1
E/Diag_Lib(  417): Thread state: conn_id=58, state=MAIN_THREAD_MODEM_TX
E/Diag_Lib(  417): qmi_qmux_open_connection: connection is disabled for conn_id=48
E/Diag_Lib(  417): qmi_qmux_tx_msg: failed to open inactive connd_id=48
E/Diag_Lib(  417): Sending control message with message id:21
E/Diag_Lib(  417): qmi_qmux: TX failed, connection inactive or in reset, conn_id=48, status_flags=4
E/Diag_Lib(  417): qmi_ctl_tx_msg: qmi_qmux_tx_msg failed
E/Diag_Lib(  417): qmi_ctl_handle_request: qmi_ctl_tx_msg call failed
E/Diag_Lib(  417): qmi_qmux_tx_msg failed....replying back to client
E/Diag_Lib(  417): qmuxd: TX message on fd=30, to qmux_client_id=0x1, len=896
E/Diag_Lib(  675): qmi_client [675] 1: Received 896 bytes on fd = 36
E/Diag_Lib(  675): Sending signal ...... to read cmd data 
E/Diag_Lib(  675): qmi error code.........:0
E/Diag_Lib(  675): qmi sys error code.........:-5
E/Diag_Lib(  675): qmi_client [675] 1: sending 896 bytes on fd = 36
E/Diag_Lib(  417): Thread state: conn_id=6, state=RX_THREAD_WAIT_READ
E/Diag_Lib(  417): Thread state: conn_id=58, state=MAIN_THREAD_WAIT_SELECT
E/Diag_Lib(  417): Thread state: conn_id=6, state=RX_THREAD_CLIENT_TX
E/Diag_Lib(  417): qmi_qmux: TX/RX - RX 24 bytes on conn_id=6
E/Diag_Lib(  417): 01 17 00 80 00 00 01 04 22 00 0C 00 02 04 00 00 
E/Diag_Lib(  417): 00 00 00 01 02 00 04 01 
E/Diag_Lib(  417): Thread state: conn_id=58, state=MAIN_THREAD_CLIENT_RECV
E/Diag_Lib(  417):  Striping of the standard result code ...
E/Diag_Lib(  417): qmuxd: TX message on fd=29, to qmux_client_id=0x0, len=896
E/Diag_Lib(  417): qmuxd: RX 896 bytes on fd=30 from qmux_client_id=0x1
E/Diag_Lib(  417): Thread state: conn_id=58, state=MAIN_THREAD_MODEM_TX
E/Diag_Lib(  417): Thread state: conn_id=6, state=RX_THREAD_WAIT_POLL
E/Diag_Lib(  417): qmi_qmux_open_connection: connection is disabled for conn_id=48
E/Diag_Lib(  417): qmi_qmux_tx_msg: failed to open inactive connd_id=48
E/Diag_Lib(  417): qmi_ctl_handle_reg_srvc_avail_req: Requesting for new service id:17
E/Diag_Lib(  417): Service requested is already in the list
E/Diag_Lib(  417): Sending control message with message id:2e
E/Diag_Lib(  417): qmi_qmux: TX failed, connection inactive or in reset, conn_id=48, status_flags=4
E/Diag_Lib(  417): qmi_ctl_tx_msg: qmi_qmux_tx_msg failed
E/Diag_Lib(  417): qmi_ctl_handle_request: qmi_ctl_tx_msg call failed
E/Diag_Lib(  417): qmi_qmux_tx_msg failed....replying back to client
E/Diag_Lib(  417): qmuxd: TX message on fd=30, to qmux_client_id=0x1, len=896
E/Diag_Lib(  675): qmi_client [675] 1: Received 896 bytes on fd = 36
E/Diag_Lib(  675): Sending signal ...... to read cmd data 
E/Diag_Lib(  675): qmi error code.........:0
E/Diag_Lib(  675): qmi sys error code.........:-5
E/Diag_Lib(  675): Getting service version from cache: Conn_id 0, Service 23, Major version 1, Minor version 0..........
E/Diag_Lib(  675):  Sending message control to modem for getting version information..........
E/Diag_Lib(  675): qmi_client [675] 1: sending 896 bytes on fd = 36
E/Diag_Lib(  417): Thread state: conn_id=58, state=MAIN_THREAD_WAIT_SELECT
E/Diag_Lib(  417): Thread state: conn_id=58, state=MAIN_THREAD_CLIENT_RECV
E/Diag_Lib(  417): qmuxd: RX 896 bytes on fd=29 from qmux_client_id=0x0
E/Diag_Lib(  417): Thread state: conn_id=58, state=MAIN_THREAD_MODEM_TX
E/Diag_Lib(  417): Sending control message with message id:22
E/Diag_Lib(  417): qmi_qmux: TX/RX - TX 16 bytes on conn_id=7
E/Diag_Lib(  417): 01 0F 00 00 00 00 00 02 22 00 04 00 01 01 00 01 
E/Diag_Lib(  417): Thread state: conn_id=58, state=MAIN_THREAD_CLIENT_RECV
E/Diag_Lib(  417): qmuxd: RX 896 bytes on fd=30 from qmux_client_id=0x1
E/Diag_Lib(  417): Thread state: conn_id=58, state=MAIN_THREAD_MODEM_TX
E/Diag_Lib(  417): qmi_qmux_open_connection: connection is disabled for conn_id=29
E/Diag_Lib(  417): qmi_qmux_tx_msg: failed to open inactive connd_id=29
E/Diag_Lib(  417): qmi_ctl_handle_reg_srvc_avail_req: Requesting for new service id:18
E/Diag_Lib(  417): Service requested is already in the list
E/Diag_Lib(  417): Sending control message with message id:2e
E/Diag_Lib(  417): qmi_qmux: TX failed, connection inactive or in reset, conn_id=29, status_flags=4
E/Diag_Lib(  417): qmi_ctl_tx_msg: qmi_qmux_tx_msg failed
E/Diag_Lib(  417): qmi_ctl_handle_request: qmi_ctl_tx_msg call failed
E/Diag_Lib(  417): qmi_qmux_tx_msg failed....replying back to client
E/Diag_Lib(  417): qmuxd: TX message on fd=30, to qmux_client_id=0x1, len=896
E/Diag_Lib(  675): qmi_client [675] 1: Received 896 bytes on fd = 36
E/Diag_Lib(  675): Sending signal ...... to read cmd data 
E/Diag_Lib(  675): qmi error code.........:0
E/Diag_Lib(  675): qmi sys error code.........:-5
E/Diag_Lib(  417): Thread state: conn_id=58, state=MAIN_THREAD_WAIT_SELECT
E/Diag_Lib(  675):  Sending message control to modem for getting version information..........
E/Diag_Lib(  675): qmi_client [675] 1: sending 896 bytes on fd = 36
E/Diag_Lib(  417): Thread state: conn_id=58, state=MAIN_THREAD_CLIENT_RECV
E/Diag_Lib(  417): qmuxd: RX 896 bytes on fd=30 from qmux_client_id=0x1
E/Diag_Lib(  417): Thread state: conn_id=58, state=MAIN_THREAD_MODEM_TX
E/Diag_Lib(  417): qmi_qmux_open_connection: connection is disabled for conn_id=48
E/Diag_Lib(  417): qmi_qmux_tx_msg: failed to open inactive connd_id=48
E/Diag_Lib(  417): qmi_ctl_handle_reg_srvc_avail_req: Requesting for new service id:18
E/Diag_Lib(  417): Service requested is already in the list
E/Diag_Lib(  417): Sending control message with message id:2e
E/Diag_Lib(  417): qmi_qmux: TX failed, connection inactive or in reset, conn_id=48, status_flags=4
E/Diag_Lib(  417): qmi_ctl_tx_msg: qmi_qmux_tx_msg failed
E/Diag_Lib(  417): qmi_ctl_handle_request: qmi_ctl_tx_msg call failed
E/Diag_Lib(  417): qmi_qmux_tx_msg failed....replying back to client
E/Diag_Lib(  417): qmuxd: TX message on fd=30, to qmux_client_id=0x1, len=896
E/Diag_Lib(  675): qmi_client [675] 1: Received 896 bytes on fd = 36
E/Diag_Lib(  675): Sending signal ...... to read cmd data 
E/Diag_Lib(  675): qmi error code.........:0
E/Diag_Lib(  675): qmi sys error code.........:-5
E/Diag_Lib(  675): Getting service version from cache: Conn_id 0, Service 24, Major version 1, Minor version 0..........
E/Diag_Lib(  675):  Sending message control to modem for getting version information..........
E/Diag_Lib(  675): qmi_client [675] 1: sending 896 bytes on fd = 36
E/Diag_Lib(  417): Thread state: conn_id=58, state=MAIN_THREAD_WAIT_SELECT
E/Diag_Lib(  417): Thread state: conn_id=58, state=MAIN_THREAD_CLIENT_RECV
E/Diag_Lib(  417): qmuxd: RX 896 bytes on fd=30 from qmux_client_id=0x1
E/Diag_Lib(  417): Thread state: conn_id=58, state=MAIN_THREAD_MODEM_TX
E/Diag_Lib(  417): qmi_qmux_open_connection: connection is disabled for conn_id=29
E/Diag_Lib(  417): qmi_qmux_tx_msg: failed to open inactive connd_id=29
E/Diag_Lib(  417): Sending control message with message id:21
E/Diag_Lib(  417): qmi_qmux: TX failed, connection inactive or in reset, conn_id=29, status_flags=4
E/Diag_Lib(  417): qmi_ctl_tx_msg: qmi_qmux_tx_msg failed
E/Diag_Lib(  417): qmi_ctl_handle_request: qmi_ctl_tx_msg call failed
E/Diag_Lib(  417): qmi_qmux_tx_msg failed....replying back to client
E/Diag_Lib(  417): qmuxd: TX message on fd=30, to qmux_client_id=0x1, len=896
E/Diag_Lib(  675): qmi_client [675] 1: Received 896 bytes on fd = 36
E/Diag_Lib(  675): Sending signal ...... to read cmd data 
E/Diag_Lib(  675): qmi error code.........:0
E/Diag_Lib(  675): qmi sys error code.........:-5
E/Diag_Lib(  675): qmi_client [675] 1: sending 896 bytes on fd = 36
E/Diag_Lib(  417): Thread state: conn_id=58, state=MAIN_THREAD_WAIT_SELECT
E/Diag_Lib(  417): Thread state: conn_id=58, state=MAIN_THREAD_CLIENT_RECV
E/Diag_Lib(  417): qmuxd: RX 896 bytes on fd=30 from qmux_client_id=0x1
E/Diag_Lib(  417): Thread state: conn_id=58, state=MAIN_THREAD_MODEM_TX
E/Diag_Lib(  417): qmi_qmux_open_connection: connection is disabled for conn_id=48
E/Diag_Lib(  417): qmi_qmux_tx_msg: failed to open inactive connd_id=48
E/Diag_Lib(  417): Sending control message with message id:21
E/Diag_Lib(  417): qmi_qmux: TX failed, connection inactive or in reset, conn_id=48, status_flags=4
E/Diag_Lib(  417): qmi_ctl_tx_msg: qmi_qmux_tx_msg failed
E/Diag_Lib(  417): qmi_ctl_handle_request: qmi_ctl_tx_msg call failed
E/Diag_Lib(  417): qmi_qmux_tx_msg failed....replying back to client
E/Diag_Lib(  417): qmuxd: TX message on fd=30, to qmux_client_id=0x1, len=896
E/Diag_Lib(  675): qmi_client [675] 1: Received 896 bytes on fd = 36
E/Diag_Lib(  675): Sending signal ...... to read cmd data 
E/Diag_Lib(  675): qmi error code.........:0
E/Diag_Lib(  675): qmi sys error code.........:-5
E/Diag_Lib(  417): Thread state: conn_id=58, state=MAIN_THREAD_WAIT_SELECT
E/Diag_Lib(  675): qmi_client [675] 1: sending 896 bytes on fd = 36
E/Diag_Lib(  417): Thread state: conn_id=58, state=MAIN_THREAD_CLIENT_RECV
E/Diag_Lib(  417): qmuxd: RX 896 bytes on fd=30 from qmux_client_id=0x1
E/Diag_Lib(  417): Thread state: conn_id=58, state=MAIN_THREAD_MODEM_TX
E/Diag_Lib(  417): qmi_qmux_open_connection: connection is disabled for conn_id=29
E/Diag_Lib(  417): qmi_qmux_tx_msg: failed to open inactive connd_id=29
E/Diag_Lib(  417): Sending control message with message id:21
E/Diag_Lib(  417): qmi_qmux: TX failed, connection inactive or in reset, conn_id=29, status_flags=4
E/Diag_Lib(  417): qmi_ctl_tx_msg: qmi_qmux_tx_msg failed
E/Diag_Lib(  417): qmi_ctl_handle_request: qmi_ctl_tx_msg call failed
E/Diag_Lib(  417): qmi_qmux_tx_msg failed....replying back to client
E/Diag_Lib(  417): qmuxd: TX message on fd=30, to qmux_client_id=0x1, len=896
E/Diag_Lib(  675): qmi_client [675] 1: Received 896 bytes on fd = 36
E/Diag_Lib(  675): Sending signal ...... to read cmd data 
E/Diag_Lib(  675): qmi error code.........:0
E/Diag_Lib(  675): qmi sys error code.........:-5
E/Diag_Lib(  675): qmi_client [675] 1: sending 896 bytes on fd = 36
E/Diag_Lib(  417): Thread state: conn_id=58, state=MAIN_THREAD_WAIT_SELECT
E/Diag_Lib(  417): Thread state: conn_id=58, state=MAIN_THREAD_CLIENT_RECV
E/Diag_Lib(  417): qmuxd: RX 896 bytes on fd=30 from qmux_client_id=0x1
E/Diag_Lib(  417): Thread state: conn_id=58, state=MAIN_THREAD_MODEM_TX
E/Diag_Lib(  417): qmi_qmux_open_connection: connection is disabled for conn_id=29
E/Diag_Lib(  417): qmi_qmux_tx_msg: failed to open inactive connd_id=29
E/Diag_Lib(  417): qmi_ctl_handle_reg_srvc_avail_req: Requesting for new service id:17
E/Diag_Lib(  417): Service requested is already in the list
E/Diag_Lib(  417): Sending control message with message id:2e
E/Diag_Lib(  417): qmi_qmux: TX failed, connection inactive or in reset, conn_id=29, status_flags=4
E/Diag_Lib(  417): qmi_ctl_tx_msg: qmi_qmux_tx_msg failed
E/Diag_Lib(  417): qmi_ctl_handle_request: qmi_ctl_tx_msg call failed
E/Diag_Lib(  417): qmi_qmux_tx_msg failed....replying back to client
E/Diag_Lib(  417): qmuxd: TX message on fd=30, to qmux_client_id=0x1, len=896
E/Diag_Lib(  675): qmi_client [675] 1: Received 896 bytes on fd = 36
E/Diag_Lib(  675): Sending signal ...... to read cmd data 
E/Diag_Lib(  675): qmi error code.........:0
E/Diag_Lib(  675): qmi sys error code.........:-5
E/Diag_Lib(  675):  Sending message control to modem for getting version information..........
E/Diag_Lib(  675): qmi_client [675] 1: sending 896 bytes on fd = 36
E/Diag_Lib(  417): Thread state: conn_id=58, state=MAIN_THREAD_WAIT_SELECT
E/Diag_Lib(  417): Thread state: conn_id=58, state=MAIN_THREAD_CLIENT_RECV
E/Diag_Lib(  417): qmuxd: RX 896 bytes on fd=30 from qmux_client_id=0x1
E/Diag_Lib(  417): Thread state: conn_id=58, state=MAIN_THREAD_MODEM_TX
E/Diag_Lib(  417): qmi_qmux_open_connection: connection is disabled for conn_id=48
E/Diag_Lib(  417): qmi_qmux_tx_msg: failed to open inactive connd_id=48
E/Diag_Lib(  417): qmi_ctl_handle_reg_srvc_avail_req: Requesting for new service id:18
E/Diag_Lib(  417): Service requested is already in the list
E/Diag_Lib(  417): Sending control message with message id:2e
E/Diag_Lib(  417): qmi_qmux: TX failed, connection inactive or in reset, conn_id=48, status_flags=4
E/Diag_Lib(  417): qmi_ctl_tx_msg: qmi_qmux_tx_msg failed
E/Diag_Lib(  417): qmi_ctl_handle_request: qmi_ctl_tx_msg call failed
E/Diag_Lib(  417): qmi_qmux_tx_msg failed....replying back to client
E/Diag_Lib(  417): qmuxd: TX message on fd=30, to qmux_client_id=0x1, len=896
E/Diag_Lib(  675): qmi_client [675] 1: Received 896 bytes on fd = 36
E/Diag_Lib(  675): Sending signal ...... to read cmd data 
E/Diag_Lib(  675): qmi error code.........:0
E/Diag_Lib(  675): qmi sys error code.........:-5
E/Diag_Lib(  417): Thread state: conn_id=58, state=MAIN_THREAD_WAIT_SELECT
E/Diag_Lib(  417): Thread state: conn_id=58, state=MAIN_THREAD_CLIENT_RECV
E/Diag_Lib(  417): qmuxd: RX 896 bytes on fd=30 from qmux_client_id=0x1
E/Diag_Lib(  417): Thread state: conn_id=58, state=MAIN_THREAD_MODEM_TX
E/Diag_Lib(  417): qmi_qmux_open_connection: connection is disabled for conn_id=29
E/Diag_Lib(  417): qmi_qmux_tx_msg: failed to open inactive connd_id=29
E/Diag_Lib(  417): qmi_ctl_handle_reg_srvc_avail_req: Requesting for new service id:18
E/Diag_Lib(  417): Service requested is already in the list
E/Diag_Lib(  417): Sending control message with message id:2e
E/Diag_Lib(  417): qmi_qmux: TX failed, connection inactive or in reset, conn_id=29, status_flags=4
E/Diag_Lib(  417): qmi_ctl_tx_msg: qmi_qmux_tx_msg failed
E/Diag_Lib(  417): qmi_ctl_handle_request: qmi_ctl_tx_msg call failed
E/Diag_Lib(  417): qmi_qmux_tx_msg failed....replying back to client
E/Diag_Lib(  417): qmuxd: TX message on fd=30, to qmux_client_id=0x1, len=896
E/Diag_Lib(  675): qmi_client [675] 1: Received 896 bytes on fd = 36
E/Diag_Lib(  675): Sending signal ...... to read cmd data 
E/Diag_Lib(  675): qmi error code.........:0
E/Diag_Lib(  675): qmi sys error code.........:-5
E/Diag_Lib(  675):  Sending message control to modem for getting version information..........
E/Diag_Lib(  675): qmi_client [675] 1: sending 896 bytes on fd = 36
E/Diag_Lib(  417): Thread state: conn_id=58, state=MAIN_THREAD_WAIT_SELECT
I/ThermalEngine(  675): MODEM thermal mitigation available.
E/Diag_Lib(  417): Thread state: conn_id=58, state=MAIN_THREAD_CLIENT_RECV
E/Diag_Lib(  417): qmuxd: RX 896 bytes on fd=30 from qmux_client_id=0x1
E/Diag_Lib(  417): Thread state: conn_id=58, state=MAIN_THREAD_MODEM_TX
E/Diag_Lib(  417): qmi_qmux_open_connection: connection is disabled for conn_id=48
E/Diag_Lib(  417): qmi_qmux_tx_msg: failed to open inactive connd_id=48
E/Diag_Lib(  417): Sending control message with message id:21
E/Diag_Lib(  417): qmi_qmux: TX failed, connection inactive or in reset, conn_id=48, status_flags=4
E/Diag_Lib(  417): qmi_ctl_tx_msg: qmi_qmux_tx_msg failed
E/Diag_Lib(  417): qmi_ctl_handle_request: qmi_ctl_tx_msg call failed
E/Diag_Lib(  417): qmi_qmux_tx_msg failed....replying back to client
E/Diag_Lib(  417): qmuxd: TX message on fd=30, to qmux_client_id=0x1, len=896
E/Diag_Lib(  675): qmi_client [675] 1: Received 896 bytes on fd = 36
E/Diag_Lib(  675): Sending signal ...... to read cmd data 
E/Diag_Lib(  675): qmi error code.........:0
E/Diag_Lib(  675): qmi sys error code.........:-5
E/Diag_Lib(  675): qmi_client [675] 1: sending 896 bytes on fd = 36
E/Diag_Lib(  417): Thread state: conn_id=58, state=MAIN_THREAD_WAIT_SELECT
E/Diag_Lib(  417): Thread state: conn_id=58, state=MAIN_THREAD_CLIENT_RECV
E/Diag_Lib(  417): qmuxd: RX 896 bytes on fd=30 from qmux_client_id=0x1
E/Diag_Lib(  417): Thread state: conn_id=58, state=MAIN_THREAD_MODEM_TX
E/Diag_Lib(  417): qmi_qmux_open_connection: connection is disabled for conn_id=48
E/Diag_Lib(  417): qmi_qmux_tx_msg: failed to open inactive connd_id=48
E/Diag_Lib(  417): Sending control message with message id:21
E/Diag_Lib(  417): qmi_qmux: TX failed, connection inactive or in reset, conn_id=48, status_flags=4
E/Diag_Lib(  417): qmi_ctl_tx_msg: qmi_qmux_tx_msg failed
E/Diag_Lib(  417): qmi_ctl_handle_request: qmi_ctl_tx_msg call failed
E/Diag_Lib(  417): qmi_qmux_tx_msg failed....replying back to client
E/Diag_Lib(  417): qmuxd: TX message on fd=30, to qmux_client_id=0x1, len=896
E/Diag_Lib(  675): qmi_client [675] 1: Received 896 bytes on fd = 36
E/Diag_Lib(  675): Sending signal ...... to read cmd data 
E/Diag_Lib(  675): qmi error code.........:0
E/Diag_Lib(  675): qmi sys error code.........:-5
E/Diag_Lib(  675): qmi_client [675] 1: sending 896 bytes on fd = 36
E/Diag_Lib(  417): Thread state: conn_id=58, state=MAIN_THREAD_WAIT_SELECT
E/Diag_Lib(  417): Thread state: conn_id=58, state=MAIN_THREAD_CLIENT_RECV
E/Diag_Lib(  417): qmuxd: RX 896 bytes on fd=30 from qmux_client_id=0x1
E/Diag_Lib(  417): Thread state: conn_id=58, state=MAIN_THREAD_MODEM_TX
E/Diag_Lib(  417): qmi_qmux_open_connection: connection is disabled for conn_id=48
E/Diag_Lib(  417): qmi_qmux_tx_msg: failed to open inactive connd_id=48
E/Diag_Lib(  417): qmi_ctl_handle_reg_srvc_avail_req: Requesting for new service id:17
E/Diag_Lib(  417): Service requested is already in the list
E/Diag_Lib(  417): Sending control message with message id:2e
E/Diag_Lib(  417): qmi_qmux: TX failed, connection inactive or in reset, conn_id=48, status_flags=4
E/Diag_Lib(  417): qmi_ctl_tx_msg: qmi_qmux_tx_msg failed
E/Diag_Lib(  417): qmi_ctl_handle_request: qmi_ctl_tx_msg call failed
E/Diag_Lib(  417): qmi_qmux_tx_msg failed....replying back to client
E/Diag_Lib(  417): qmuxd: TX message on fd=30, to qmux_client_id=0x1, len=896
E/Diag_Lib(  675): qmi_client [675] 1: Received 896 bytes on fd = 36
E/Diag_Lib(  675): Sending signal ...... to read cmd data 
E/Diag_Lib(  675): qmi error code.........:0
E/Diag_Lib(  675): qmi sys error code.........:-5
E/Diag_Lib(  417): Thread state: conn_id=58, state=MAIN_THREAD_WAIT_SELECT
E/Diag_Lib(  417): Thread state: conn_id=58, state=MAIN_THREAD_CLIENT_RECV
E/Diag_Lib(  417): qmuxd: RX 896 bytes on fd=30 from qmux_client_id=0x1
E/Diag_Lib(  417): Thread state: conn_id=58, state=MAIN_THREAD_MODEM_TX
E/Diag_Lib(  417): qmi_qmux_open_connection: connection is disabled for conn_id=48
E/Diag_Lib(  417): qmi_qmux_tx_msg: failed to open inactive connd_id=48
E/Diag_Lib(  417): qmi_ctl_handle_reg_srvc_avail_req: Requesting for new service id:18
E/Diag_Lib(  417): Service requested is already in the list
E/Diag_Lib(  417): Sending control message with message id:2e
E/Diag_Lib(  417): qmi_qmux: TX failed, connection inactive or in reset, conn_id=48, status_flags=4
E/Diag_Lib(  417): qmi_ctl_tx_msg: qmi_qmux_tx_msg failed
E/Diag_Lib(  417): qmi_ctl_handle_request: qmi_ctl_tx_msg call failed
E/Diag_Lib(  417): qmi_qmux_tx_msg failed....replying back to client
E/Diag_Lib(  417): qmuxd: TX message on fd=30, to qmux_client_id=0x1, len=896
E/Diag_Lib(  675): qmi_client [675] 1: Received 896 bytes on fd = 36
E/Diag_Lib(  675): Sending signal ...... to read cmd data 
E/Diag_Lib(  675): qmi error code.........:0
E/Diag_Lib(  675): qmi sys error code.........:-5
E/Diag_Lib(  675): Getting service version from cache: Conn_id 0, Service 24, Major version 1, Minor version 0..........
E/Diag_Lib(  675):  Sending message control to modem for getting version information..........
E/Diag_Lib(  675): qmi_client [675] 1: sending 896 bytes on fd = 36
E/Diag_Lib(  417): Thread state: conn_id=58, state=MAIN_THREAD_WAIT_SELECT
E/Diag_Lib(  417): Thread state: conn_id=58, state=MAIN_THREAD_CLIENT_RECV
E/Diag_Lib(  417): qmuxd: RX 896 bytes on fd=30 from qmux_client_id=0x1
E/Diag_Lib(  417): Thread state: conn_id=58, state=MAIN_THREAD_MODEM_TX
E/Diag_Lib(  417): qmi_qmux_open_connection: connection is disabled for conn_id=29
E/Diag_Lib(  417): qmi_qmux_tx_msg: failed to open inactive connd_id=29
E/Diag_Lib(  417): Sending control message with message id:21
E/Diag_Lib(  417): qmi_qmux: TX failed, connection inactive or in reset, conn_id=29, status_flags=4
E/Diag_Lib(  417): qmi_ctl_tx_msg: qmi_qmux_tx_msg failed
E/Diag_Lib(  417): qmi_ctl_handle_request: qmi_ctl_tx_msg call failed
E/Diag_Lib(  417): qmi_qmux_tx_msg failed....replying back to client
E/Diag_Lib(  417): qmuxd: TX message on fd=30, to qmux_client_id=0x1, len=896
E/Diag_Lib(  675): qmi_client [675] 1: Received 896 bytes on fd = 36
E/Diag_Lib(  675): Sending signal ...... to read cmd data 
E/Diag_Lib(  675): qmi error code.........:0
E/Diag_Lib(  675): qmi sys error code.........:-5
E/Diag_Lib(  675): qmi_client [675] 1: sending 896 bytes on fd = 36
E/Diag_Lib(  417): Thread state: conn_id=58, state=MAIN_THREAD_WAIT_SELECT
E/Diag_Lib(  417): Thread state: conn_id=58, state=MAIN_THREAD_CLIENT_RECV
E/Diag_Lib(  417): qmuxd: RX 896 bytes on fd=30 from qmux_client_id=0x1
E/Diag_Lib(  417): Thread state: conn_id=58, state=MAIN_THREAD_MODEM_TX
E/Diag_Lib(  417): qmi_qmux_open_connection: connection is disabled for conn_id=29
E/Diag_Lib(  417): qmi_qmux_tx_msg: failed to open inactive connd_id=29
E/Diag_Lib(  417): qmi_ctl_handle_reg_srvc_avail_req: Requesting for new service id:18
E/Diag_Lib(  417): Service requested is already in the list
E/Diag_Lib(  417): Sending control message with message id:2e
E/Diag_Lib(  417): qmi_qmux: TX failed, connection inactive or in reset, conn_id=29, status_flags=4
E/Diag_Lib(  417): qmi_ctl_tx_msg: qmi_qmux_tx_msg failed
E/Diag_Lib(  417): qmi_ctl_handle_request: qmi_ctl_tx_msg call failed
E/Diag_Lib(  417): qmi_qmux_tx_msg failed....replying back to client
E/Diag_Lib(  417): qmuxd: TX message on fd=30, to qmux_client_id=0x1, len=896
E/Diag_Lib(  675): qmi_client [675] 1: Received 896 bytes on fd = 36
E/Diag_Lib(  675): Sending signal ...... to read cmd data 
E/Diag_Lib(  675): qmi error code.........:0
E/Diag_Lib(  675): qmi sys error code.........:-5
E/Diag_Lib(  675):  Sending message control to modem for getting version information..........
E/Diag_Lib(  675): qmi_client [675] 1: sending 896 bytes on fd = 36
E/Diag_Lib(  417): Thread state: conn_id=58, state=MAIN_THREAD_WAIT_SELECT
E/Diag_Lib(  417): Thread state: conn_id=58, state=MAIN_THREAD_CLIENT_RECV
E/Diag_Lib(  417): qmuxd: RX 896 bytes on fd=30 from qmux_client_id=0x1
E/Diag_Lib(  417): Thread state: conn_id=58, state=MAIN_THREAD_MODEM_TX
E/Diag_Lib(  417): qmi_qmux_open_connection: connection is disabled for conn_id=48
E/Diag_Lib(  417): qmi_qmux_tx_msg: failed to open inactive connd_id=48
E/Diag_Lib(  417): Sending control message with message id:21
E/Diag_Lib(  417): qmi_qmux: TX failed, connection inactive or in reset, conn_id=48, status_flags=4
E/Diag_Lib(  417): qmi_ctl_tx_msg: qmi_qmux_tx_msg failed
E/Diag_Lib(  417): qmi_ctl_handle_request: qmi_ctl_tx_msg call failed
E/Diag_Lib(  417): qmi_qmux_tx_msg failed....replying back to client
E/Diag_Lib(  417): qmuxd: TX message on fd=30, to qmux_client_id=0x1, len=896
E/Diag_Lib(  417): Thread state: conn_id=7, state=RX_THREAD_WAIT_READ
E/Diag_Lib(  417): Thread state: conn_id=7, state=RX_THREAD_CLIENT_TX
E/Diag_Lib(  675): qmi_client [675] 1: Received 896 bytes on fd = 36
E/Diag_Lib(  417): qmi_qmux: TX/RX - RX 24 bytes on conn_id=7
E/Diag_Lib(  417): 01 17 00 80 00 00 01 02 22 00 0C 00 02 04 00 00 
E/Diag_Lib(  675): Sending signal ...... to read cmd data 
E/Diag_Lib(  417): 00 00 00 01 02 00 01 0F 
E/Diag_Lib(  417):  Striping of the standard result code ...
E/Diag_Lib(  675): qmi error code.........:0
E/Diag_Lib(  675): qmi sys error code.........:-5
E/Diag_Lib(  675): qmi_client [675] 1: sending 896 bytes on fd = 36
E/Diag_Lib(  417): qmuxd: TX message on fd=29, to qmux_client_id=0x0, len=896
I/ThermalEngine(  675): ACTION: MODEM - Pending request: pa mitigation succeeded for level 0.
I/ThermalEngine(  675): Mitigation:Modem:0
E/Diag_Lib(  417): Thread state: conn_id=7, state=RX_THREAD_WAIT_POLL
E/Diag_Lib(  417): Thread state: conn_id=58, state=MAIN_THREAD_WAIT_SELECT
E/Diag_Lib(  417): Thread state: conn_id=58, state=MAIN_THREAD_CLIENT_RECV
E/Diag_Lib(  417): qmuxd: RX 896 bytes on fd=29 from qmux_client_id=0x0
E/Diag_Lib(  417): Thread state: conn_id=58, state=MAIN_THREAD_MODEM_TX
E/Diag_Lib(  417): Sending control message with message id:22
E/Diag_Lib(  417): qmi_qmux: TX/RX - TX 16 bytes on conn_id=7
E/Diag_Lib(  417): 01 0F 00 00 00 00 00 03 22 00 04 00 01 01 00 01 
E/Diag_Lib(  417): Thread state: conn_id=58, state=MAIN_THREAD_CLIENT_RECV
E/Diag_Lib(  417): qmuxd: RX 896 bytes on fd=30 from qmux_client_id=0x1
E/Diag_Lib(  417): Thread state: conn_id=58, state=MAIN_THREAD_MODEM_TX
E/Diag_Lib(  417): qmi_qmux_open_connection: connection is disabled for conn_id=48
E/Diag_Lib(  417): qmi_qmux_tx_msg: failed to open inactive connd_id=48
E/Diag_Lib(  417): qmi_ctl_handle_reg_srvc_avail_req: Requesting for new service id:18
E/Diag_Lib(  417): Service requested is already in the list
E/Diag_Lib(  417): Sending control message with message id:2e
I/ThermalEngine(  675): ACTION: MODEM - Pending request: cpuv_restriction_cold mitigation succeeded for level 0.
E/Diag_Lib(  417): qmi_qmux: TX failed, connection inactive or in reset, conn_id=48, status_flags=4
I/ThermalEngine(  675): Mitigation:VDD[MODEM-cpuv_restriction_cold]:0
E/Diag_Lib(  417): qmi_ctl_tx_msg: qmi_qmux_tx_msg failed
E/Diag_Lib(  417): qmi_ctl_handle_request: qmi_ctl_tx_msg call failed
E/Diag_Lib(  417): qmi_qmux_tx_msg failed....replying back to client
E/Diag_Lib(  417): qmuxd: TX message on fd=30, to qmux_client_id=0x1, len=896
E/Diag_Lib(  675): qmi_client [675] 1: Received 896 bytes on fd = 36
E/Diag_Lib(  675): Sending signal ...... to read cmd data 
E/Diag_Lib(  675): qmi error code.........:0
E/Diag_Lib(  675): qmi sys error code.........:-5
E/Diag_Lib(  417): Thread state: conn_id=7, state=RX_THREAD_WAIT_READ
E/Diag_Lib(  417): Thread state: conn_id=7, state=RX_THREAD_CLIENT_TX
E/Diag_Lib(  417): qmi_qmux: TX/RX - RX 24 bytes on conn_id=7
E/Diag_Lib(  417): 01 17 00 80 00 00 01 03 22 00 0C 00 02 04 00 00 
E/Diag_Lib(  417): 00 00 00 01 02 00 01 10 
E/Diag_Lib(  417):  Striping of the standard result code ...
E/Diag_Lib(  417): Adding client 16, service 1, conn_id=7...
E/Diag_Lib(  417): .... for qmux_client_id = 0, in slot 1, for clnt_srv_info=b6437280
E/Diag_Lib(  417): qmuxd: TX message on fd=29, to qmux_client_id=0x0, len=896
E/Diag_Lib(  417): Thread state: conn_id=58, state=MAIN_THREAD_WAIT_SELECT
E/Diag_Lib(  417): Thread state: conn_id=7, state=RX_THREAD_WAIT_POLL
E/Diag_Lib(  417): Thread state: conn_id=58, state=MAIN_THREAD_CLIENT_RECV
E/Diag_Lib(  417): qmuxd: RX 896 bytes on fd=29 from qmux_client_id=0x0
E/Diag_Lib(  417): Thread state: conn_id=58, state=MAIN_THREAD_MODEM_TX
E/Diag_Lib(  417): Sending control message with message id:22
E/Diag_Lib(  417): qmi_qmux: TX/RX - TX 16 bytes on conn_id=7
E/Diag_Lib(  417): 01 0F 00 00 00 00 00 04 22 00 04 00 01 01 00 04 
E/Diag_Lib(  417): Thread state: conn_id=58, state=MAIN_THREAD_WAIT_SELECT
E/Diag_Lib(  417): Thread state: conn_id=7, state=RX_THREAD_WAIT_READ
E/Diag_Lib(  417): Thread state: conn_id=7, state=RX_THREAD_CLIENT_TX
E/Diag_Lib(  417): qmi_qmux: TX/RX - RX 24 bytes on conn_id=7
E/Diag_Lib(  417): 01 17 00 80 00 00 01 04 22 00 0C 00 02 04 00 00 
E/Diag_Lib(  417): 00 00 00 01 02 00 04 01 
E/Diag_Lib(  417):  Striping of the standard result code ...
E/Diag_Lib(  417): qmuxd: TX message on fd=29, to qmux_client_id=0x0, len=896
E/Diag_Lib(  417): Thread state: conn_id=7, state=RX_THREAD_WAIT_POLL
E/Diag_Lib(  417): Thread state: conn_id=58, state=MAIN_THREAD_CLIENT_RECV
E/Diag_Lib(  417): qmuxd: RX 896 bytes on fd=29 from qmux_client_id=0x0
E/Diag_Lib(  417): Thread state: conn_id=58, state=MAIN_THREAD_MODEM_TX
E/Diag_Lib(  417): qmi_qmux_open_connection: connection is disabled for conn_id=21
E/Diag_Lib(  417): qmi_qmux_tx_msg: failed to open inactive connd_id=21
E/Diag_Lib(  417): Sending control message with message id:22
E/Diag_Lib(  417): qmi_qmux: TX failed, connection inactive or in reset, conn_id=21, status_flags=4
E/Diag_Lib(  417): qmi_ctl_tx_msg: qmi_qmux_tx_msg failed
E/Diag_Lib(  417): qmi_ctl_handle_request: qmi_ctl_tx_msg call failed
E/Diag_Lib(  417): qmi_qmux_tx_msg failed....replying back to client
E/Diag_Lib(  417): qmuxd: TX message on fd=29, to qmux_client_id=0x0, len=896
I/ThermalEngine(  675): ADSP thermal mitigation available.
E/Diag_Lib(  417): Thread state: conn_id=58, state=MAIN_THREAD_WAIT_SELECT
E/Diag_Lib(  417): Thread state: conn_id=58, state=MAIN_THREAD_CLIENT_RECV
E/Diag_Lib(  417): qmuxd: RX 896 bytes on fd=29 from qmux_client_id=0x0
E/Diag_Lib(  417): Thread state: conn_id=58, state=MAIN_THREAD_MODEM_TX
E/Diag_Lib(  417): qmi_qmux_open_connection: connection is disabled for conn_id=21
E/Diag_Lib(  417): qmi_qmux_tx_msg: failed to open inactive connd_id=21
E/Diag_Lib(  417): Sending control message with message id:22
E/Diag_Lib(  417): qmi_qmux: TX failed, connection inactive or in reset, conn_id=21, status_flags=4
E/Diag_Lib(  417): qmi_ctl_tx_msg: qmi_qmux_tx_msg failed
E/Diag_Lib(  417): qmi_ctl_handle_request: qmi_ctl_tx_msg call failed
E/Diag_Lib(  417): qmi_qmux_tx_msg failed....replying back to client
E/Diag_Lib(  417): qmuxd: TX message on fd=29, to qmux_client_id=0x0, len=896
E/Diag_Lib(  417): Thread state: conn_id=58, state=MAIN_THREAD_WAIT_SELECT
E/Diag_Lib(  417): Thread state: conn_id=58, state=MAIN_THREAD_CLIENT_RECV
E/Diag_Lib(  417): qmuxd: RX 896 bytes on fd=29 from qmux_client_id=0x0
E/Diag_Lib(  417): Thread state: conn_id=58, state=MAIN_THREAD_MODEM_TX
E/Diag_Lib(  417): qmi_qmux_open_connection: connection is disabled for conn_id=22
E/Diag_Lib(  417): qmi_qmux_tx_msg: failed to open inactive connd_id=22
E/Diag_Lib(  417): Sending control message with message id:22
E/Diag_Lib(  417): qmi_qmux: TX failed, connection inactive or in reset, conn_id=22, status_flags=4
E/Diag_Lib(  417): qmi_ctl_tx_msg: qmi_qmux_tx_msg failed
E/Diag_Lib(  417): qmi_ctl_handle_request: qmi_ctl_tx_msg call failed
E/Diag_Lib(  417): qmi_qmux_tx_msg failed....replying back to client
E/Diag_Lib(  417): qmuxd: TX message on fd=29, to qmux_client_id=0x0, len=896
E/Diag_Lib(  417): Thread state: conn_id=58, state=MAIN_THREAD_WAIT_SELECT
E/Diag_Lib(  417): Thread state: conn_id=58, state=MAIN_THREAD_CLIENT_RECV
E/Diag_Lib(  417): qmuxd: RX 896 bytes on fd=29 from qmux_client_id=0x0
E/Diag_Lib(  417): Thread state: conn_id=58, state=MAIN_THREAD_MODEM_TX
E/Diag_Lib(  417): qmi_qmux_open_connection: connection is disabled for conn_id=22
E/Diag_Lib(  417): qmi_qmux_tx_msg: failed to open inactive connd_id=22
E/Diag_Lib(  417): Sending control message with message id:22
E/Diag_Lib(  417): qmi_qmux: TX failed, connection inactive or in reset, conn_id=22, status_flags=4
E/Diag_Lib(  417): qmi_ctl_tx_msg: qmi_qmux_tx_msg failed
E/Diag_Lib(  417): qmi_ctl_handle_request: qmi_ctl_tx_msg call failed
E/Diag_Lib(  417): qmi_qmux_tx_msg failed....replying back to client
E/Diag_Lib(  417): qmuxd: TX message on fd=29, to qmux_client_id=0x0, len=896
E/Diag_Lib(  417): Thread state: conn_id=58, state=MAIN_THREAD_WAIT_SELECT
E/Diag_Lib(  417): Thread state: conn_id=58, state=MAIN_THREAD_CLIENT_RECV
E/Diag_Lib(  417): qmuxd: RX 896 bytes on fd=29 from qmux_client_id=0x0
E/Diag_Lib(  417): Thread state: conn_id=58, state=MAIN_THREAD_MODEM_TX
E/Diag_Lib(  417): qmi_qmux_open_connection: connection is disabled for conn_id=23
E/Diag_Lib(  417): qmi_qmux_tx_msg: failed to open inactive connd_id=23
E/Diag_Lib(  417): Sending control message with message id:22
E/Diag_Lib(  417): qmi_qmux: TX failed, connection inactive or in reset, conn_id=23, status_flags=4
E/Diag_Lib(  417): qmi_ctl_tx_msg: qmi_qmux_tx_msg failed
E/Diag_Lib(  417): qmi_ctl_handle_request: qmi_ctl_tx_msg call failed
E/Diag_Lib(  417): qmi_qmux_tx_msg failed....replying back to client
E/Diag_Lib(  417): qmuxd: TX message on fd=29, to qmux_client_id=0x0, len=896
I/ThermalEngine(  675): ACTION: ADSP - Pending request: cpuv_restriction_cold mitigation succeeded for level 0.
I/ThermalEngine(  675): Mitigation:VDD[ADSP-cpuv_restriction_cold]:0
E/Diag_Lib(  417): Thread state: conn_id=58, state=MAIN_THREAD_WAIT_SELECT
E/Diag_Lib(  417): Thread state: conn_id=58, state=MAIN_THREAD_CLIENT_RECV
E/Diag_Lib(  417): qmuxd: RX 896 bytes on fd=29 from qmux_client_id=0x0
E/Diag_Lib(  417): Thread state: conn_id=58, state=MAIN_THREAD_MODEM_TX
E/Diag_Lib(  417): qmi_qmux_open_connection: connection is disabled for conn_id=23
E/Diag_Lib(  417): qmi_qmux_tx_msg: failed to open inactive connd_id=23
E/Diag_Lib(  417): Sending control message with message id:22
E/Diag_Lib(  417): qmi_qmux: TX failed, connection inactive or in reset, conn_id=23, status_flags=4
E/Diag_Lib(  417): qmi_ctl_tx_msg: qmi_qmux_tx_msg failed
E/Diag_Lib(  417): qmi_ctl_handle_request: qmi_ctl_tx_msg call failed
E/Diag_Lib(  417): qmi_qmux_tx_msg failed....replying back to client
E/Diag_Lib(  417): qmuxd: TX message on fd=29, to qmux_client_id=0x0, len=896
E/Diag_Lib(  417): Thread state: conn_id=58, state=MAIN_THREAD_WAIT_SELECT
E/Diag_Lib(  417): Thread state: conn_id=58, state=MAIN_THREAD_CLIENT_RECV
E/Diag_Lib(  417): qmuxd: RX 896 bytes on fd=29 from qmux_client_id=0x0
E/Diag_Lib(  417): Thread state: conn_id=58, state=MAIN_THREAD_MODEM_TX
E/Diag_Lib(  417): qmi_qmux_open_connection: connection is disabled for conn_id=24
E/Diag_Lib(  417): qmi_qmux_tx_msg: failed to open inactive connd_id=24
E/Diag_Lib(  417): Sending control message with message id:22
E/Diag_Lib(  417): qmi_qmux: TX failed, connection inactive or in reset, conn_id=24, status_flags=4
E/Diag_Lib(  417): qmi_ctl_tx_msg: qmi_qmux_tx_msg failed
E/Diag_Lib(  417): qmi_ctl_handle_request: qmi_ctl_tx_msg call failed
E/Diag_Lib(  417): qmi_qmux_tx_msg failed....replying back to client
E/Diag_Lib(  417): qmuxd: TX message on fd=29, to qmux_client_id=0x0, len=896
E/Diag_Lib(  417): Thread state: conn_id=58, state=MAIN_THREAD_WAIT_SELECT
E/Diag_Lib(  417): Thread state: conn_id=58, state=MAIN_THREAD_CLIENT_RECV
E/Diag_Lib(  417): qmuxd: RX 896 bytes on fd=29 from qmux_client_id=0x0
E/Diag_Lib(  417): Thread state: conn_id=58, state=MAIN_THREAD_MODEM_TX
E/Diag_Lib(  417): qmi_qmux_open_connection: connection is disabled for conn_id=24
E/Diag_Lib(  417): qmi_qmux_tx_msg: failed to open inactive connd_id=24
E/Diag_Lib(  417): Sending control message with message id:22
E/Diag_Lib(  417): qmi_qmux: TX failed, connection inactive or in reset, conn_id=24, status_flags=4
E/Diag_Lib(  417): qmi_ctl_tx_msg: qmi_qmux_tx_msg failed
E/Diag_Lib(  417): qmi_ctl_handle_request: qmi_ctl_tx_msg call failed
E/Diag_Lib(  417): qmi_qmux_tx_msg failed....replying back to client
E/Diag_Lib(  417): qmuxd: TX message on fd=29, to qmux_client_id=0x0, len=896
E/Diag_Lib(  417): Thread state: conn_id=58, state=MAIN_THREAD_WAIT_SELECT
E/Diag_Lib(  417): Thread state: conn_id=58, state=MAIN_THREAD_CLIENT_RECV
E/Diag_Lib(  417): qmuxd: RX 896 bytes on fd=29 from qmux_client_id=0x0
E/Diag_Lib(  417): Thread state: conn_id=58, state=MAIN_THREAD_MODEM_TX
E/Diag_Lib(  417): qmi_qmux_open_connection: connection is disabled for conn_id=25
E/Diag_Lib(  417): qmi_qmux_tx_msg: failed to open inactive connd_id=25
E/Diag_Lib(  417): Sending control message with message id:22
E/Diag_Lib(  417): qmi_qmux: TX failed, connection inactive or in reset, conn_id=25, status_flags=4
E/Diag_Lib(  417): qmi_ctl_tx_msg: qmi_qmux_tx_msg failed
E/Diag_Lib(  417): qmi_ctl_handle_request: qmi_ctl_tx_msg call failed
E/Diag_Lib(  417): qmi_qmux_tx_msg failed....replying back to client
E/Diag_Lib(  417): qmuxd: TX message on fd=29, to qmux_client_id=0x0, len=896
E/Diag_Lib(  417): Thread state: conn_id=58, state=MAIN_THREAD_WAIT_SELECT
E/Diag_Lib(  417): Thread state: conn_id=58, state=MAIN_THREAD_CLIENT_RECV
E/Diag_Lib(  417): qmuxd: RX 896 bytes on fd=29 from qmux_client_id=0x0
E/Diag_Lib(  417): Thread state: conn_id=58, state=MAIN_THREAD_MODEM_TX
E/Diag_Lib(  417): qmi_qmux_open_connection: connection is disabled for conn_id=25
E/Diag_Lib(  417): qmi_qmux_tx_msg: failed to open inactive connd_id=25
E/Diag_Lib(  417): Sending control message with message id:22
E/Diag_Lib(  417): qmi_qmux: TX failed, connection inactive or in reset, conn_id=25, status_flags=4
E/Diag_Lib(  417): qmi_ctl_tx_msg: qmi_qmux_tx_msg failed
E/Diag_Lib(  417): qmi_ctl_handle_request: qmi_ctl_tx_msg call failed
E/Diag_Lib(  417): qmi_qmux_tx_msg failed....replying back to client
E/Diag_Lib(  417): qmuxd: TX message on fd=29, to qmux_client_id=0x0, len=896
E/Diag_Lib(  417): Thread state: conn_id=58, state=MAIN_THREAD_WAIT_SELECT
E/Diag_Lib(  417): Thread state: conn_id=58, state=MAIN_THREAD_CLIENT_RECV
E/Diag_Lib(  417): qmuxd: RX 896 bytes on fd=29 from qmux_client_id=0x0
E/Diag_Lib(  417): Thread state: conn_id=58, state=MAIN_THREAD_MODEM_TX
E/Diag_Lib(  417): qmi_qmux_open_connection: connection is disabled for conn_id=26
E/Diag_Lib(  417): qmi_qmux_tx_msg: failed to open inactive connd_id=26
E/Diag_Lib(  417): Sending control message with message id:22
E/Diag_Lib(  417): qmi_qmux: TX failed, connection inactive or in reset, conn_id=26, status_flags=4
E/Diag_Lib(  417): qmi_ctl_tx_msg: qmi_qmux_tx_msg failed
E/Diag_Lib(  417): qmi_ctl_handle_request: qmi_ctl_tx_msg call failed
E/Diag_Lib(  417): qmi_qmux_tx_msg failed....replying back to client
E/Diag_Lib(  417): qmuxd: TX message on fd=29, to qmux_client_id=0x0, len=896
E/Diag_Lib(  417): Thread state: conn_id=58, state=MAIN_THREAD_WAIT_SELECT
E/Diag_Lib(  417): Thread state: conn_id=58, state=MAIN_THREAD_CLIENT_RECV
E/Diag_Lib(  417): qmuxd: RX 896 bytes on fd=29 from qmux_client_id=0x0
E/Diag_Lib(  417): Thread state: conn_id=58, state=MAIN_THREAD_MODEM_TX
E/Diag_Lib(  417): qmi_qmux_open_connection: connection is disabled for conn_id=26
E/Diag_Lib(  417): qmi_qmux_tx_msg: failed to open inactive connd_id=26
E/Diag_Lib(  417): Sending control message with message id:22
E/Diag_Lib(  417): qmi_qmux: TX failed, connection inactive or in reset, conn_id=26, status_flags=4
E/Diag_Lib(  417): qmi_ctl_tx_msg: qmi_qmux_tx_msg failed
E/Diag_Lib(  417): qmi_ctl_handle_request: qmi_ctl_tx_msg call failed
E/Diag_Lib(  417): qmi_qmux_tx_msg failed....replying back to client
E/Diag_Lib(  417): qmuxd: TX message on fd=29, to qmux_client_id=0x0, len=896
E/Diag_Lib(  417): Thread state: conn_id=58, state=MAIN_THREAD_WAIT_SELECT
E/Diag_Lib(  417): Thread state: conn_id=58, state=MAIN_THREAD_CLIENT_RECV
E/Diag_Lib(  417): qmuxd: RX 896 bytes on fd=29 from qmux_client_id=0x0
E/Diag_Lib(  417): Thread state: conn_id=58, state=MAIN_THREAD_MODEM_TX
E/Diag_Lib(  417): qmi_qmux_open_connection: connection is disabled for conn_id=27
E/Diag_Lib(  417): qmi_qmux_tx_msg: failed to open inactive connd_id=27
E/Diag_Lib(  417): Sending control message with message id:22
E/Diag_Lib(  417): qmi_qmux: TX failed, connection inactive or in reset, conn_id=27, status_flags=4
E/Diag_Lib(  417): qmi_ctl_tx_msg: qmi_qmux_tx_msg failed
E/Diag_Lib(  417): qmi_ctl_handle_request: qmi_ctl_tx_msg call failed
E/Diag_Lib(  417): qmi_qmux_tx_msg failed....replying back to client
E/Diag_Lib(  417): qmuxd: TX message on fd=29, to qmux_client_id=0x0, len=896
E/Diag_Lib(  417): Thread state: conn_id=58, state=MAIN_THREAD_WAIT_SELECT
E/Diag_Lib(  417): Thread state: conn_id=58, state=MAIN_THREAD_CLIENT_RECV
E/Diag_Lib(  417): qmuxd: RX 896 bytes on fd=29 from qmux_client_id=0x0
E/Diag_Lib(  417): Thread state: conn_id=58, state=MAIN_THREAD_MODEM_TX
E/Diag_Lib(  417): qmi_qmux_open_connection: connection is disabled for conn_id=27
E/Diag_Lib(  417): qmi_qmux_tx_msg: failed to open inactive connd_id=27
E/Diag_Lib(  417): Sending control message with message id:22
E/Diag_Lib(  417): qmi_qmux: TX failed, connection inactive or in reset, conn_id=27, status_flags=4
E/Diag_Lib(  417): qmi_ctl_tx_msg: qmi_qmux_tx_msg failed
E/Diag_Lib(  417): qmi_ctl_handle_request: qmi_ctl_tx_msg call failed
E/Diag_Lib(  417): qmi_qmux_tx_msg failed....replying back to client
E/Diag_Lib(  417): qmuxd: TX message on fd=29, to qmux_client_id=0x0, len=896
E/Diag_Lib(  417): Thread state: conn_id=58, state=MAIN_THREAD_WAIT_SELECT
E/Diag_Lib(  417): Thread state: conn_id=58, state=MAIN_THREAD_CLIENT_RECV
E/Diag_Lib(  417): qmuxd: RX 896 bytes on fd=29 from qmux_client_id=0x0
E/Diag_Lib(  417): Thread state: conn_id=58, state=MAIN_THREAD_MODEM_TX
E/Diag_Lib(  417): qmi_qmux_open_connection: connection is disabled for conn_id=28
E/Diag_Lib(  417): qmi_qmux_tx_msg: failed to open inactive connd_id=28
E/Diag_Lib(  417): Sending control message with message id:22
E/Diag_Lib(  417): qmi_qmux: TX failed, connection inactive or in reset, conn_id=28, status_flags=4
E/Diag_Lib(  417): qmi_ctl_tx_msg: qmi_qmux_tx_msg failed
E/Diag_Lib(  417): qmi_ctl_handle_request: qmi_ctl_tx_msg call failed
E/Diag_Lib(  417): qmi_qmux_tx_msg failed....replying back to client
E/Diag_Lib(  417): qmuxd: TX message on fd=29, to qmux_client_id=0x0, len=896
E/Diag_Lib(  417): Thread state: conn_id=58, state=MAIN_THREAD_WAIT_SELECT
E/Diag_Lib(  417): Thread state: conn_id=58, state=MAIN_THREAD_CLIENT_RECV
E/Diag_Lib(  417): qmuxd: RX 896 bytes on fd=29 from qmux_client_id=0x0
E/Diag_Lib(  417): Thread state: conn_id=58, state=MAIN_THREAD_MODEM_TX
E/Diag_Lib(  417): qmi_qmux_open_connection: connection is disabled for conn_id=28
E/Diag_Lib(  417): qmi_qmux_tx_msg: failed to open inactive connd_id=28
E/Diag_Lib(  417): Sending control message with message id:22
E/Diag_Lib(  417): qmi_qmux: TX failed, connection inactive or in reset, conn_id=28, status_flags=4
E/Diag_Lib(  417): qmi_ctl_tx_msg: qmi_qmux_tx_msg failed
E/Diag_Lib(  417): qmi_ctl_handle_request: qmi_ctl_tx_msg call failed
E/Diag_Lib(  417): qmi_qmux_tx_msg failed....replying back to client
E/Diag_Lib(  417): qmuxd: TX message on fd=29, to qmux_client_id=0x0, len=896
E/Diag_Lib(  417): Thread state: conn_id=58, state=MAIN_THREAD_WAIT_SELECT
E/Diag_Lib(  417): Thread state: conn_id=58, state=MAIN_THREAD_CLIENT_RECV
E/Diag_Lib(  417): qmuxd: RX 896 bytes on fd=29 from qmux_client_id=0x0
E/Diag_Lib(  417): Thread state: conn_id=58, state=MAIN_THREAD_MODEM_TX
E/Diag_Lib(  417): Sending control message with message id:22
E/Diag_Lib(  417): qmi_qmux: TX/RX - TX 16 bytes on conn_id=0
E/Diag_Lib(  417): 01 0F 00 00 00 00 00 19 22 00 04 00 01 01 00 01 
E/Diag_Lib(  417): Thread state: conn_id=58, state=MAIN_THREAD_WAIT_SELECT
E/Diag_Lib(  417): Thread state: conn_id=0, state=RX_THREAD_WAIT_READ
E/Diag_Lib(  417): Thread state: conn_id=0, state=RX_THREAD_CLIENT_TX
E/Diag_Lib(  417): qmi_qmux: TX/RX - RX 24 bytes on conn_id=0
E/Diag_Lib(  417): 01 17 00 80 00 00 01 19 22 00 0C 00 02 04 00 00 
E/Diag_Lib(  417): 00 00 00 01 02 00 01 11 
E/Diag_Lib(  417):  Striping of the standard result code ...
E/Diag_Lib(  417): Adding client 17, service 1, conn_id=0...
E/Diag_Lib(  417): .... for qmux_client_id = 0, in slot 2, for clnt_srv_info=b5c29130
E/Diag_Lib(  417): qmuxd: TX message on fd=29, to qmux_client_id=0x0, len=896
E/Diag_Lib(  417): Thread state: conn_id=0, state=RX_THREAD_WAIT_POLL
E/Diag_Lib(  417): Thread state: conn_id=58, state=MAIN_THREAD_CLIENT_RECV
E/Diag_Lib(  417): qmuxd: RX 51 bytes on fd=29 from qmux_client_id=0x0
E/Diag_Lib(  417): Thread state: conn_id=58, state=MAIN_THREAD_MODEM_TX
E/Diag_Lib(  417): qmi_qmux: TX/RX - TX 17 bytes on conn_id=0
E/Diag_Lib(  417): 01 10 00 00 01 11 00 01 00 01 00 04 00 17 01 00 
E/Diag_Lib(  417): 01 
E/Diag_Lib(  417): Thread state: conn_id=58, state=MAIN_THREAD_WAIT_SELECT
E/Diag_Lib(  417): Thread state: conn_id=0, state=RX_THREAD_WAIT_READ
E/Diag_Lib(  417): Thread state: conn_id=0, state=RX_THREAD_CLIENT_TX
E/Diag_Lib(  417): qmi_qmux: TX/RX - RX 20 bytes on conn_id=0
E/Diag_Lib(  417): 01 13 00 80 01 11 02 01 00 01 00 07 00 02 04 00 
E/Diag_Lib(  417): 00 00 00 00 
E/Diag_Lib(  417): qmuxd: TX message on fd=29, to qmux_client_id=0x0, len=54
E/Diag_Lib(  417): Thread state: conn_id=0, state=RX_THREAD_WAIT_POLL
E/Diag_Lib(  417): Thread state: conn_id=58, state=MAIN_THREAD_CLIENT_RECV
E/Diag_Lib(  417): qmuxd: RX 896 bytes on fd=29 from qmux_client_id=0x0
E/Diag_Lib(  417): Thread state: conn_id=58, state=MAIN_THREAD_MODEM_TX
E/Diag_Lib(  417): Sending control message with message id:22
E/Diag_Lib(  417): qmi_qmux: TX/RX - TX 16 bytes on conn_id=0
E/Diag_Lib(  417): 01 0F 00 00 00 00 00 1A 22 00 04 00 01 01 00 2A 
E/Diag_Lib(  417): Thread state: conn_id=58, state=MAIN_THREAD_WAIT_SELECT
E/Diag_Lib(  417): Thread state: conn_id=0, state=RX_THREAD_WAIT_READ
E/Diag_Lib(  417): Thread state: conn_id=0, state=RX_THREAD_CLIENT_TX
E/Diag_Lib(  417): qmi_qmux: TX/RX - RX 24 bytes on conn_id=0
E/Diag_Lib(  417): 01 17 00 80 00 00 01 1A 22 00 0C 00 02 04 00 00 
E/Diag_Lib(  417): 00 00 00 01 02 00 2A 01 
E/Diag_Lib(  417):  Striping of the standard result code ...
E/Diag_Lib(  417): qmuxd: TX message on fd=29, to qmux_client_id=0x0, len=896
E/Diag_Lib(  417): Thread state: conn_id=0, state=RX_THREAD_WAIT_POLL
E/Diag_Lib(  417): Thread state: conn_id=58, state=MAIN_THREAD_CLIENT_RECV
E/Diag_Lib(  417): qmuxd: RX 54 bytes on fd=29 from qmux_client_id=0x0
E/Diag_Lib(  417): Thread state: conn_id=58, state=MAIN_THREAD_MODEM_TX
E/Diag_Lib(  417): qmi_qmux: TX/RX - TX 20 bytes on conn_id=0
E/Diag_Lib(  417): 01 13 00 00 2A 01 00 01 00 27 00 07 00 01 04 00 
E/Diag_Lib(  417): 01 00 00 00 
E/Diag_Lib(  417): Thread state: conn_id=58, state=MAIN_THREAD_WAIT_SELECT
E/Diag_Lib(  417): Thread state: conn_id=0, state=RX_THREAD_WAIT_READ
E/Diag_Lib(  417): Thread state: conn_id=0, state=RX_THREAD_CLIENT_TX
E/Diag_Lib(  417): qmi_qmux: TX/RX - RX 20 bytes on conn_id=0
E/Diag_Lib(  417): 01 13 00 80 2A 01 02 01 00 27 00 07 00 02 04 00 
E/Diag_Lib(  417): 00 00 00 00 
E/Diag_Lib(  417): qmuxd: TX message on fd=29, to qmux_client_id=0x0, len=54
E/Diag_Lib(  417): Thread state: conn_id=0, state=RX_THREAD_WAIT_POLL
E/Diag_Lib(  417): Thread state: conn_id=58, state=MAIN_THREAD_CLIENT_RECV
E/Diag_Lib(  417): qmuxd: RX 47 bytes on fd=29 from qmux_client_id=0x0
E/Diag_Lib(  417): Thread state: conn_id=58, state=MAIN_THREAD_MODEM_TX
E/Diag_Lib(  417): qmi_qmux: TX/RX - TX 13 bytes on conn_id=0
E/Diag_Lib(  417): 01 0C 00 00 2A 01 00 02 00 24 00 00 00 
E/Diag_Lib(  417): Thread state: conn_id=58, state=MAIN_THREAD_WAIT_SELECT
E/Diag_Lib(  417): Thread state: conn_id=0, state=RX_THREAD_WAIT_READ
E/Diag_Lib(  417): Thread state: conn_id=0, state=RX_THREAD_CLIENT_TX
E/Diag_Lib(  417): qmi_qmux: TX/RX - RX 40 bytes on conn_id=0
E/Diag_Lib(  417): 01 27 00 80 2A 01 02 02 00 24 00 1B 00 02 04 00 
E/Diag_Lib(  417): 00 00 00 00 10 11 00 01 00 00 00 00 00 00 00 00 
E/Diag_Lib(  417): 00 00 00 00 00 00 00 00 
E/Diag_Lib(  417): qmuxd: TX message on fd=29, to qmux_client_id=0x0, len=74
