E/Diag_Lib(  417): Thread state: conn_id=0, state=RX_THREAD_WAIT_POLL
E/Diag_Lib(  417): Thread state: conn_id=58, state=MAIN_THREAD_CLIENT_RECV
E/Diag_Lib(  417): qmuxd: RX 47 bytes on fd=29 from qmux_client_id=0x0
E/Diag_Lib(  417): Thread state: conn_id=58, state=MAIN_THREAD_MODEM_TX
E/Diag_Lib(  417): qmi_qmux: TX/RX - TX 13 bytes on conn_id=0
E/Diag_Lib(  417): 01 0C 00 00 2A 01 00 03 00 25 00 00 00 
E/Diag_Lib(  417): Thread state: conn_id=58, state=MAIN_THREAD_WAIT_SELECT
E/Diag_Lib(  417): Thread state: conn_id=0, state=RX_THREAD_WAIT_READ
E/Diag_Lib(  417): Thread state: conn_id=0, state=RX_THREAD_CLIENT_TX
E/Diag_Lib(  417): qmi_qmux: TX/RX - RX 20 bytes on conn_id=0
E/Diag_Lib(  417): 01 13 00 80 2A 01 02 03 00 25 00 07 00 02 04 00 
E/Diag_Lib(  417): 00 00 00 00 
E/Diag_Lib(  417): qmuxd: TX message on fd=29, to qmux_client_id=0x0, len=54
E/Diag_Lib(  417): Thread state: conn_id=0, state=RX_THREAD_WAIT_POLL
E/Diag_Lib(  417): Thread state: conn_id=58, state=MAIN_THREAD_CLIENT_RECV
E/Diag_Lib(  417): qmuxd: RX 896 bytes on fd=29 from qmux_client_id=0x0
E/Diag_Lib(  417): Thread state: conn_id=58, state=MAIN_THREAD_MODEM_TX
E/Diag_Lib(  417): Sending control message with message id:22
E/Diag_Lib(  417): qmi_qmux: TX/RX - TX 16 bytes on conn_id=0
E/Diag_Lib(  417): 01 0F 00 00 00 00 00 1B 22 00 04 00 01 01 00 01 
E/Diag_Lib(  417): Thread state: conn_id=58, state=MAIN_THREAD_WAIT_SELECT
E/Diag_Lib(  417): Thread state: conn_id=0, state=RX_THREAD_WAIT_READ
E/Diag_Lib(  417): Thread state: conn_id=0, state=RX_THREAD_CLIENT_TX
E/Diag_Lib(  417): qmi_qmux: TX/RX - RX 24 bytes on conn_id=0
E/Diag_Lib(  417): 01 17 00 80 00 00 01 1B 22 00 0C 00 02 04 00 00 
E/Diag_Lib(  417): 00 00 00 01 02 00 01 12 
E/Diag_Lib(  417):  Striping of the standard result code ...
E/Diag_Lib(  417): Adding client 18, service 1, conn_id=0...
E/Diag_Lib(  417): .... for qmux_client_id = 0, in slot 3, for clnt_srv_info=b5c29130
E/Diag_Lib(  417): qmuxd: TX message on fd=29, to qmux_client_id=0x0, len=896
E/Diag_Lib(  417): Thread state: conn_id=0, state=RX_THREAD_WAIT_POLL
E/Diag_Lib(  417): Thread state: conn_id=58, state=MAIN_THREAD_CLIENT_RECV
E/Diag_Lib(  417): qmuxd: RX 47 bytes on fd=29 from qmux_client_id=0x0
E/Diag_Lib(  417): Thread state: conn_id=58, state=MAIN_THREAD_MODEM_TX
E/Diag_Lib(  417): qmi_qmux: TX/RX - TX 13 bytes on conn_id=0
E/Diag_Lib(  417): 01 0C 00 00 02 01 00 05 00 53 00 00 00 
E/Diag_Lib(  417): Thread state: conn_id=58, state=MAIN_THREAD_WAIT_SELECT
E/Diag_Lib(  417): Thread state: conn_id=0, state=RX_THREAD_WAIT_READ
E/Diag_Lib(  417): Thread state: conn_id=0, state=RX_THREAD_CLIENT_TX
E/Diag_Lib(  417): qmi_qmux: TX/RX - RX 29 bytes on conn_id=0
E/Diag_Lib(  417): 01 1C 00 80 02 01 02 05 00 53 00 10 00 02 04 00 
E/Diag_Lib(  417): 00 00 00 00 10 02 00 01 00 11 01 00 00 
E/Diag_Lib(  417): qmuxd: TX message on fd=29, to qmux_client_id=0x0, len=63
E/Diag_Lib(  417): Thread state: conn_id=0, state=RX_THREAD_WAIT_POLL
E/Diag_Lib(  417): Thread state: conn_id=58, state=MAIN_THREAD_CLIENT_RECV
E/Diag_Lib(  417): qmuxd: RX 51 bytes on fd=29 from qmux_client_id=0x0
E/Diag_Lib(  417): Thread state: conn_id=58, state=MAIN_THREAD_MODEM_TX
E/Diag_Lib(  417): qmi_qmux: TX/RX - TX 17 bytes on conn_id=0
E/Diag_Lib(  417): 01 10 00 00 05 01 00 01 00 45 00 04 00 01 01 00 
E/Diag_Lib(  417): 01 
E/Diag_Lib(  417): Thread state: conn_id=58, state=MAIN_THREAD_WAIT_SELECT
E/Diag_Lib(  417): Thread state: conn_id=0, state=RX_THREAD_WAIT_READ
E/Diag_Lib(  417): Thread state: conn_id=0, state=RX_THREAD_CLIENT_TX
E/Diag_Lib(  417): qmi_qmux: TX/RX - RX 20 bytes on conn_id=0
E/Diag_Lib(  417): 01 13 00 80 05 01 02 01 00 45 00 07 00 02 04 00 
E/Diag_Lib(  417): 00 00 00 00 
E/Diag_Lib(  417): qmuxd: TX message on fd=29, to qmux_client_id=0x0, len=54
E/Diag_Lib(  417): Thread state: conn_id=0, state=RX_THREAD_WAIT_POLL
E/Diag_Lib(  417): Thread state: conn_id=58, state=MAIN_THREAD_CLIENT_RECV
E/Diag_Lib(  417): qmuxd: RX 80 bytes on fd=29 from qmux_client_id=0x0
E/Diag_Lib(  417): Thread state: conn_id=58, state=MAIN_THREAD_MODEM_TX
E/Diag_Lib(  417): qmi_qmux: TX/RX - TX 46 bytes on conn_id=0
E/Diag_Lib(  417): 01 2D 00 00 05 01 00 02 00 32 00 21 00 01 1A 00 
E/Diag_Lib(  417): 06 00 00 00 FF 02 00 01 FF 02 00 02 00 01 00 03 
E/Diag_Lib(  417): FF 02 00 04 FF 02 00 05 FF 02 10 01 00 01 
E/Diag_Lib(  417): Thread state: conn_id=58, state=MAIN_THREAD_WAIT_SELECT
E/Diag_Lib(  417): Thread state: conn_id=0, state=RX_THREAD_WAIT_READ
E/Diag_Lib(  417): Thread state: conn_id=0, state=RX_THREAD_CLIENT_TX
E/Diag_Lib(  417): qmi_qmux: TX/RX - RX 20 bytes on conn_id=0
E/Diag_Lib(  417): 01 13 00 80 05 01 02 02 00 32 00 07 00 02 04 00 
E/Diag_Lib(  417): 00 00 00 00 
E/Diag_Lib(  417): qmuxd: TX message on fd=29, to qmux_client_id=0x0, len=54
E/Diag_Lib(  417): Thread state: conn_id=0, state=RX_THREAD_WAIT_POLL
E/Diag_Lib(  417): Thread state: conn_id=58, state=MAIN_THREAD_CLIENT_RECV
E/Diag_Lib(  417): qmuxd: RX 59 bytes on fd=29 from qmux_client_id=0x0
E/Diag_Lib(  417): Thread state: conn_id=58, state=MAIN_THREAD_MODEM_TX
E/Diag_Lib(  417): qmi_qmux: TX/RX - TX 25 bytes on conn_id=0
E/Diag_Lib(  417): 01 18 00 00 05 01 00 03 00 01 00 0C 00 10 01 00 
E/Diag_Lib(  417): 01 11 01 00 01 12 01 00 01 
E/Diag_Lib(  417): Thread state: conn_id=58, state=MAIN_THREAD_WAIT_SELECT
E/Diag_Lib(  417): Thread state: conn_id=0, state=RX_THREAD_WAIT_READ
E/Diag_Lib(  417): Thread state: conn_id=0, state=RX_THREAD_CLIENT_TX
E/Diag_Lib(  417): qmi_qmux: TX/RX - RX 20 bytes on conn_id=0
E/Diag_Lib(  417): 01 13 00 80 05 01 02 03 00 01 00 07 00 02 04 00 
E/Diag_Lib(  417): 00 00 00 00 
E/Diag_Lib(  417): qmuxd: TX message on fd=29, to qmux_client_id=0x0, len=54
E/Diag_Lib(  417): Thread state: conn_id=0, state=RX_THREAD_WAIT_POLL
E/Diag_Lib(  417): Thread state: conn_id=58, state=MAIN_THREAD_CLIENT_RECV
E/Diag_Lib(  417): qmuxd: RX 59 bytes on fd=29 from qmux_client_id=0x0
E/Diag_Lib(  417): Thread state: conn_id=58, state=MAIN_THREAD_MODEM_TX
E/Diag_Lib(  417): qmi_qmux: TX/RX - TX 25 bytes on conn_id=0
E/Diag_Lib(  417): 01 18 00 00 05 01 00 04 00 47 00 0C 00 10 01 00 
E/Diag_Lib(  417): 01 11 01 00 01 13 01 00 01 
E/Diag_Lib(  417): Thread state: conn_id=58, state=MAIN_THREAD_WAIT_SELECT
E/Diag_Lib(  417): Thread state: conn_id=0, state=RX_THREAD_WAIT_READ
E/Diag_Lib(  417): Thread state: conn_id=0, state=RX_THREAD_CLIENT_TX
E/Diag_Lib(  417): qmi_qmux: TX/RX - RX 20 bytes on conn_id=0
E/Diag_Lib(  417): 01 13 00 80 05 01 02 04 00 47 00 07 00 02 04 00 
E/Diag_Lib(  417): 00 00 00 00 
E/Diag_Lib(  417): qmuxd: TX message on fd=29, to qmux_client_id=0x0, len=54
E/Diag_Lib(  417): Thread state: conn_id=0, state=RX_THREAD_WAIT_POLL
E/Diag_Lib(  417): Thread state: conn_id=58, state=MAIN_THREAD_CLIENT_RECV
E/Diag_Lib(  417): qmuxd: RX 47 bytes on fd=29 from qmux_client_id=0x0
E/Diag_Lib(  417): Thread state: conn_id=58, state=MAIN_THREAD_MODEM_TX
E/Diag_Lib(  417): qmi_qmux: TX/RX - TX 13 bytes on conn_id=0
E/Diag_Lib(  417): 01 0C 00 00 05 01 00 05 00 4D 00 00 00 
E/Diag_Lib(  417): Thread state: conn_id=58, state=MAIN_THREAD_WAIT_SELECT
E/Diag_Lib(  417): Thread state: conn_id=0, state=RX_THREAD_WAIT_READ
E/Diag_Lib(  417): Thread state: conn_id=0, state=RX_THREAD_CLIENT_TX
E/Diag_Lib(  417): qmi_qmux: TX/RX - RX 44 bytes on conn_id=0
E/Diag_Lib(  417): 01 2B 00 80 05 01 02 05 00 4D 00 1F 00 02 04 00 
E/Diag_Lib(  417): 00 00 00 00 10 01 00 01 11 01 00 01 12 01 00 00 
E/Diag_Lib(  417): 13 01 00 01 14 01 00 00 15 01 00 00 
E/Diag_Lib(  417): qmuxd: TX message on fd=29, to qmux_client_id=0x0, len=78
E/Diag_Lib(  417): Thread state: conn_id=0, state=RX_THREAD_WAIT_POLL
E/Diag_Lib(  417): Thread state: conn_id=58, state=MAIN_THREAD_CLIENT_RECV
E/Diag_Lib(  417): qmuxd: RX 47 bytes on fd=29 from qmux_client_id=0x0
E/Diag_Lib(  417): Thread state: conn_id=58, state=MAIN_THREAD_MODEM_TX
E/Diag_Lib(  417): qmi_qmux: TX/RX - TX 13 bytes on conn_id=0
E/Diag_Lib(  417): 01 0C 00 00 05 01 00 06 00 5C 00 00 00 
E/Diag_Lib(  417): Thread state: conn_id=58, state=MAIN_THREAD_WAIT_SELECT
E/Diag_Lib(  417): Thread state: conn_id=0, state=RX_THREAD_WAIT_READ
E/Diag_Lib(  417): Thread state: conn_id=0, state=RX_THREAD_CLIENT_TX
E/Diag_Lib(  417): qmi_qmux: TX/RX - RX 31 bytes on conn_id=0
E/Diag_Lib(  417): 01 1E 00 80 05 01 02 06 00 5C 00 12 00 02 04 00 
E/Diag_Lib(  417): 00 00 00 00 10 01 00 01 11 04 00 01 00 00 00 
E/Diag_Lib(  417): qmuxd: TX message on fd=29, to qmux_client_id=0x0, len=65
E/Diag_Lib(  417): Thread state: conn_id=0, state=RX_THREAD_WAIT_POLL
E/Diag_Lib(  417): Thread state: conn_id=58, state=MAIN_THREAD_CLIENT_RECV
E/Diag_Lib(  417): qmuxd: RX 47 bytes on fd=29 from qmux_client_id=0x0
E/Diag_Lib(  417): Thread state: conn_id=58, state=MAIN_THREAD_MODEM_TX
E/Diag_Lib(  417): qmi_qmux: TX/RX - TX 13 bytes on conn_id=0
E/Diag_Lib(  417): 01 0C 00 00 05 01 00 07 00 48 00 00 00 
E/Diag_Lib(  417): Thread state: conn_id=58, state=MAIN_THREAD_WAIT_SELECT
E/Diag_Lib(  417): Thread state: conn_id=0, state=RX_THREAD_WAIT_READ
E/Diag_Lib(  417): Thread state: conn_id=0, state=RX_THREAD_CLIENT_TX
E/Diag_Lib(  417): qmi_qmux: TX/RX - RX 20 bytes on conn_id=0
E/Diag_Lib(  417): 01 13 00 80 05 01 02 07 00 48 00 07 00 02 04 00 
E/Diag_Lib(  417): 01 00 34 00 
E/Diag_Lib(  417): qmuxd: TX message on fd=29, to qmux_client_id=0x0, len=54
E/Diag_Lib(  417): Thread state: conn_id=0, state=RX_THREAD_WAIT_POLL
E/Diag_Lib(  417): Thread state: conn_id=58, state=MAIN_THREAD_CLIENT_RECV
E/Diag_Lib(  417): qmuxd: RX 69 bytes on fd=29 from qmux_client_id=0x0
E/Diag_Lib(  417): Thread state: conn_id=58, state=MAIN_THREAD_MODEM_TX
E/Diag_Lib(  417): qmi_qmux: TX/RX - TX 35 bytes on conn_id=0
E/Diag_Lib(  417): 01 22 00 00 02 01 00 06 00 56 00 16 00 01 13 00 
E/Diag_Lib(  417): 46 6C 79 6D 65 20 35 2E 31 2E 35 2E 36 52 20 62 
E/Diag_Lib(  417): 65 74 61 
E/Diag_Lib(  417): Thread state: conn_id=58, state=MAIN_THREAD_WAIT_SELECT
E/Diag_Lib(  417): Thread state: conn_id=0, state=RX_THREAD_WAIT_READ
E/Diag_Lib(  417): Thread state: conn_id=0, state=RX_THREAD_CLIENT_TX
E/Diag_Lib(  417): qmi_qmux: TX/RX - RX 20 bytes on conn_id=0
E/Diag_Lib(  417): 01 13 00 80 02 01 02 06 00 56 00 07 00 02 04 00 
E/Diag_Lib(  417): 00 00 00 00 
E/Diag_Lib(  417): qmuxd: TX message on fd=29, to qmux_client_id=0x0, len=54
E/Diag_Lib(  417): Thread state: conn_id=0, state=RX_THREAD_WAIT_POLL
E/Diag_Lib(  417): Thread state: conn_id=58, state=MAIN_THREAD_CLIENT_RECV
E/Diag_Lib(  417): qmuxd: RX 59 bytes on fd=29 from qmux_client_id=0x0
E/Diag_Lib(  417): Thread state: conn_id=58, state=MAIN_THREAD_MODEM_TX
E/Diag_Lib(  417): qmi_qmux: TX/RX - TX 25 bytes on conn_id=0
E/Diag_Lib(  417): 01 18 00 00 0B 01 00 03 00 36 00 0C 00 01 02 00 
E/Diag_Lib(  417): 00 00 02 04 00 01 00 00 00 
E/Diag_Lib(  417): Thread state: conn_id=58, state=MAIN_THREAD_WAIT_SELECT
E/Diag_Lib(  417): Thread state: conn_id=58, state=MAIN_THREAD_CLIENT_RECV
E/Diag_Lib(  417): qmuxd: RX 64 bytes on fd=29 from qmux_client_id=0x0
E/Diag_Lib(  417): Thread state: conn_id=58, state=MAIN_THREAD_MODEM_TX
E/Diag_Lib(  417): qmi_qmux: TX/RX - TX 30 bytes on conn_id=0
E/Diag_Lib(  417): 01 1D 00 00 0B 01 00 04 00 24 00 11 00 01 02 00 
E/Diag_Lib(  417): 00 00 02 09 00 30 4F 06 00 3F 10 7F 3A 5F 
E/Diag_Lib(  417): Thread state: conn_id=58, state=MAIN_THREAD_WAIT_SELECT
E/Diag_Lib(  417): Thread state: conn_id=0, state=RX_THREAD_WAIT_READ
E/Diag_Lib(  417): Thread state: conn_id=0, state=RX_THREAD_CLIENT_TX
E/Diag_Lib(  417): qmi_qmux: TX/RX - RX 88 bytes on conn_id=0
E/Diag_Lib(  417): 01 57 00 80 0B 01 02 04 00 24 00 4B 00 02 04 00 
E/Diag_Lib(  417): 00 00 00 00 13 04 00 01 00 00 00 11 35 00 98 00 
E/Diag_Lib(  417): 30 4F 02 4C 00 02 00 04 01 00 04 08 00 00 00 00 
E/Diag_Lib(  417): 04 08 00 04 08 00 1B 00 62 19 82 05 42 21 00 4C 
E/Diag_Lib(  417): 02 83 02 4F 30 8A 01 05 8B 03 2F 06 01 80 02 00 
E/Diag_Lib(  417): 98 88 00 10 02 00 90 00 
E/Diag_Lib(  417): qmuxd: TX message on fd=29, to qmux_client_id=0x0, len=122
E/Diag_Lib(  417): Thread state: conn_id=0, state=RX_THREAD_WAIT_POLL
E/Diag_Lib(  417): Thread state: conn_id=58, state=MAIN_THREAD_CLIENT_RECV
E/Diag_Lib(  417): qmuxd: RX 71 bytes on fd=29 from qmux_client_id=0x0
E/Diag_Lib(  417): Thread state: conn_id=58, state=MAIN_THREAD_MODEM_TX
E/Diag_Lib(  417): qmi_qmux: TX/RX - TX 37 bytes on conn_id=0
E/Diag_Lib(  417): 01 24 00 00 0B 01 00 05 00 21 00 18 00 01 02 00 
E/Diag_Lib(  417): 00 00 02 09 00 30 4F 06 00 3F 10 7F 3A 5F 03 04 
E/Diag_Lib(  417): 00 01 00 4C 00 
E/Diag_Lib(  417): Thread state: conn_id=58, state=MAIN_THREAD_WAIT_SELECT
E/Diag_Lib(  417): Thread state: conn_id=0, state=RX_THREAD_WAIT_READ
E/Diag_Lib(  417): Thread state: conn_id=0, state=RX_THREAD_CLIENT_TX
E/Diag_Lib(  417): qmi_qmux: TX/RX - RX 24 bytes on conn_id=0
E/Diag_Lib(  417): 01 17 00 80 0B 01 02 03 00 36 00 0B 00 02 04 00 
E/Diag_Lib(  417): 00 00 00 00 10 01 00 01 
E/Diag_Lib(  417): qmuxd: TX message on fd=29, to qmux_client_id=0x0, len=58
E/Diag_Lib(  417): Thread state: conn_id=0, state=RX_THREAD_WAIT_POLL
E/Diag_Lib(  417): Thread state: conn_id=0, state=RX_THREAD_WAIT_READ
E/Diag_Lib(  417): Thread state: conn_id=0, state=RX_THREAD_CLIENT_TX
E/Diag_Lib(  417): qmi_qmux: TX/RX - RX 106 bytes on conn_id=0
E/Diag_Lib(  417): 01 69 00 80 0B 01 02 05 00 21 00 5D 00 02 04 00 
E/Diag_Lib(  417): 00 00 00 00 11 4E 00 4C 00 A8 1E C0 03 4F 3A 05 
E/Diag_Lib(  417): C1 03 4F 31 06 C5 03 4F 41 07 C6 03 4F 51 08 C9 
E/Diag_Lib(  417): 03 4F 61 09 C4 03 4F 5A 0A A9 05 CA 03 4F 71 0D 
E/Diag_Lib(  417): AA 14 C2 03 4F 4A 01 C7 03 4F 4B 02 C8 03 4F 4C 
E/Diag_Lib(  417): 03 CB 03 4F 4F 04 FF FF FF FF FF FF FF FF FF FF 
E/Diag_Lib(  417): FF FF FF FF FF 10 02 00 90 00 
E/Diag_Lib(  417): qmuxd: TX message on fd=29, to qmux_client_id=0x0, len=140
E/Diag_Lib(  417): Thread state: conn_id=0, state=RX_THREAD_WAIT_POLL
E/Diag_Lib(  417): Thread state: conn_id=58, state=MAIN_THREAD_CLIENT_RECV
E/Diag_Lib(  417): qmuxd: RX 71 bytes on fd=29 from qmux_client_id=0x0
E/Diag_Lib(  417): Thread state: conn_id=58, state=MAIN_THREAD_MODEM_TX
E/Diag_Lib(  417): qmi_qmux: TX/RX - TX 37 bytes on conn_id=0
E/Diag_Lib(  417): 01 24 00 00 0B 01 00 06 00 21 00 18 00 01 02 00 
E/Diag_Lib(  417): 00 00 02 09 00 30 4F 06 00 3F 10 7F 3A 5F 03 04 
E/Diag_Lib(  417): 00 02 00 4C 00 
E/Diag_Lib(  417): Thread state: conn_id=58, state=MAIN_THREAD_WAIT_SELECT
E/Diag_Lib(  417): Thread state: conn_id=0, state=RX_THREAD_WAIT_READ
E/Diag_Lib(  417): Thread state: conn_id=0, state=RX_THREAD_CLIENT_TX
E/Diag_Lib(  417): qmi_qmux: TX/RX - RX 106 bytes on conn_id=0
E/Diag_Lib(  417): 01 69 00 80 0B 01 02 06 00 21 00 5D 00 02 04 00 
E/Diag_Lib(  417): 00 00 00 00 11 4E 00 4C 00 A8 1E C0 03 4F 3B 0E 
E/Diag_Lib(  417): C1 03 4F 32 0F C5 03 4F 42 10 C6 03 4F 52 11 C9 
E/Diag_Lib(  417): 03 4F 62 12 C4 03 4F 5B 13 A9 05 CA 03 4F 72 16 
E/Diag_Lib(  417): AA 14 C2 03 4F 4A 01 C7 03 4F 4B 02 C8 03 4F 4C 
E/Diag_Lib(  417): 03 CB 03 4F 4F 04 FF FF FF FF FF FF FF FF FF FF 
E/Diag_Lib(  417): FF FF FF FF FF 10 02 00 90 00 
E/Diag_Lib(  417): qmuxd: TX message on fd=29, to qmux_client_id=0x0, len=140
E/Diag_Lib(  417): Thread state: conn_id=0, state=RX_THREAD_WAIT_POLL
E/Diag_Lib(  417): Thread state: conn_id=58, state=MAIN_THREAD_CLIENT_RECV
E/Diag_Lib(  417): qmuxd: RX 425 bytes on fd=29 from qmux_client_id=0x0
E/Diag_Lib(  417): Thread state: conn_id=58, state=MAIN_THREAD_MODEM_TX
E/Diag_Lib(  417): qmi_qmux: TX/RX - TX 391 bytes on conn_id=0
E/Diag_Lib(  417): 01 86 01 00 0B 01 00 07 00 2A 00 7A 01 01 02 00 
E/Diag_Lib(  417): 00 00 02 72 01 01 00 2E 00 07 6F 04 00 3F 20 7F 
E/Diag_Lib(  417): 13 6F 04 00 3F 20 7F 15 6F 04 00 3F 20 7F 46 6F 
E/Diag_Lib(  417): 04 00 3F 20 7F C5 6F 04 00 3F 20 7F C6 6F 04 00 
E/Diag_Lib(  417): 3F 20 7F C7 6F 04 00 3F 20 7F CB 6F 04 00 3F 20 
E/Diag_Lib(  417): 7F 07 6F 04 00 3F FF 7F 13 6F 04 00 3F FF 7F 15 
E/Diag_Lib(  417): 6F 04 00 3F FF 7F 3B 6F 04 00 3F FF 7F 3C 6F 04 
E/Diag_Lib(  417): 00 3F FF 7F 40 6F 04 00 3F FF 7F 46 6F 04 00 3F 
E/Diag_Lib(  417): FF 7F C5 6F 04 00 3F FF 7F C6 6F 04 00 3F FF 7F 
E/Diag_Lib(  417): C7 6F 04 00 3F FF 7F CB 6F 04 00 3F FF 7F 3A 6F 
E/Diag_Lib(  417): 04 00 3F 10 7F 3B 6F 04 00 3F 10 7F 3C 6F 04 00 
E/Diag_Lib(  417): 3F 10 7F 40 6F 04 00 3F 10 7F 4A 6F 04 00 3F 10 
E/Diag_Lib(  417): 7F 3A 4F 06 00 3F 10 7F 3A 5F 31 4F 06 00 3F 10 
E/Diag_Lib(  417): 7F 3A 5F 41 4F 06 00 3F 10 7F 3A 5F 51 4F 06 00 
E/Diag_Lib(  417): 3F 10 7F 3A 5F 61 4F 06 00 3F 10 7F 3A 5F 5A 4F 
E/Diag_Lib(  417): 06 00 3F 10 7F 3A 5F 71 4F 06 00 3F 10 7F 3A 5F 
E/Diag_Lib(  417): 4A 4F 06 00 3F 10 7F 3A 5F 4B 4F 06 00 3F 10 7F 
E/Diag_Lib(  417): 3A 5F 4C 4F 06 00 3F 10 7F 3A 5F 4F 4F 06 00 3F 
E/Diag_Lib(  417): 10 7F 3A 5F 3B 4F 06 00 3F 10 7F 3A 5F 32 4F 06 
E/Diag_Lib(  417): 00 3F 10 7F 3A 5F 42 4F 06 00 3F 10 7F 3A 5F 52 
E/Diag_Lib(  417): 4F 06 00 3F 10 7F 3A 5F 62 4F 06 00 3F 10 7F 3A 
E/Diag_Lib(  417): 5F 5B 4F 06 00 3F 10 7F 3A 5F 72 4F 06 00 3F 10 
E/Diag_Lib(  417): 7F 3A 5F 4A 4F 06 00 3F 10 7F 3A 5F 4B 4F 06 00 
E/Diag_Lib(  417): 3F 10 7F 3A 5F 4C 4F 06 00 3F 10 7F 3A 5F 4F 4F 
E/Diag_Lib(  417): 06 00 3F 10 7F 3A 5F 
E/Diag_Lib(  417): Thread state: conn_id=58, state=MAIN_THREAD_WAIT_SELECT
E/Diag_Lib(  417): Thread state: conn_id=0, state=RX_THREAD_WAIT_READ
E/Diag_Lib(  417): Thread state: conn_id=0, state=RX_THREAD_CLIENT_TX
E/Diag_Lib(  417): qmi_qmux: TX/RX - RX 20 bytes on conn_id=0
E/Diag_Lib(  417): 01 13 00 80 0B 01 02 07 00 2A 00 07 00 02 04 00 
E/Diag_Lib(  417): 00 00 00 00 
E/Diag_Lib(  417): qmuxd: TX message on fd=29, to qmux_client_id=0x0, len=54
E/Diag_Lib(  417): Thread state: conn_id=0, state=RX_THREAD_WAIT_POLL
E/Diag_Lib(  417): Thread state: conn_id=58, state=MAIN_THREAD_CLIENT_RECV
E/Diag_Lib(  417): qmuxd: RX 79 bytes on fd=29 from qmux_client_id=0x0
E/Diag_Lib(  417): Thread state: conn_id=58, state=MAIN_THREAD_MODEM_TX
E/Diag_Lib(  417): qmi_qmux: TX/RX - TX 45 bytes on conn_id=0
E/Diag_Lib(  417): 01 2C 00 00 03 01 00 07 00 50 00 20 00 11 1D 00 
E/Diag_Lib(  417): 0E 02 00 04 00 06 00 08 00 0A 00 0C 00 0E 00 10 
E/Diag_Lib(  417): 00 12 00 14 00 16 00 18 00 1A 00 1C 00 
E/Diag_Lib(  417): Thread state: conn_id=58, state=MAIN_THREAD_WAIT_SELECT
E/Diag_Lib(  417): Thread state: conn_id=0, state=RX_THREAD_WAIT_READ
E/Diag_Lib(  417): Thread state: conn_id=0, state=RX_THREAD_CLIENT_TX
E/Diag_Lib(  417): qmi_qmux: TX/RX - RX 20 bytes on conn_id=0
E/Diag_Lib(  417): 01 13 00 80 03 01 02 07 00 50 00 07 00 02 04 00 
E/Diag_Lib(  417): 00 00 00 00 
E/Diag_Lib(  417): qmuxd: TX message on fd=29, to qmux_client_id=0x0, len=54
E/Diag_Lib(  417): Thread state: conn_id=0, state=RX_THREAD_WAIT_POLL
E/Diag_Lib(  417): Thread state: conn_id=58, state=MAIN_THREAD_CLIENT_RECV
E/Diag_Lib(  417): qmuxd: RX 47 bytes on fd=29 from qmux_client_id=0x0
E/Diag_Lib(  417): Thread state: conn_id=58, state=MAIN_THREAD_MODEM_TX
E/Diag_Lib(  417): qmi_qmux: TX/RX - TX 13 bytes on conn_id=0
E/Diag_Lib(  417): 01 0C 00 00 02 01 00 07 00 3C 00 00 00 
E/Diag_Lib(  417): Thread state: conn_id=58, state=MAIN_THREAD_WAIT_SELECT
E/Diag_Lib(  417): Thread state: conn_id=0, state=RX_THREAD_WAIT_READ
E/Diag_Lib(  417): Thread state: conn_id=0, state=RX_THREAD_CLIENT_TX
E/Diag_Lib(  417): qmi_qmux: TX/RX - RX 35 bytes on conn_id=0
E/Diag_Lib(  417): 01 22 00 80 02 01 02 07 00 3C 00 16 00 02 04 00 
E/Diag_Lib(  417): 00 00 00 00 01 0C 00 38 39 38 36 30 30 30 32 30 
E/Diag_Lib(  417): 39 31 35 
E/Diag_Lib(  417): qmuxd: TX message on fd=29, to qmux_client_id=0x0, len=69
E/Diag_Lib(  417): Thread state: conn_id=0, state=RX_THREAD_WAIT_POLL
E/Diag_Lib(  417): Thread state: conn_id=0, state=RX_THREAD_WAIT_READ
E/Diag_Lib(  417): Thread state: conn_id=0, state=RX_THREAD_CLIENT_TX
E/Diag_Lib(  417): qmi_qmux: TX/RX - RX 175 bytes on conn_id=0
E/Diag_Lib(  417): 01 AE 00 80 0B 01 04 01 00 32 00 A2 00 12 4F 00 
E/Diag_Lib(  417): 02 00 00 FF FF 02 FF FF FF FF 02 01 00 00 00 00 
E/Diag_Lib(  417): 02 02 07 02 0B 00 00 10 A0 00 00 00 87 10 02 FF 
E/Diag_Lib(  417): 86 FF FF 89 FF FF FF FF 00 03 03 0A 01 03 0A 00 
E/Diag_Lib(  417): 01 00 0B 00 00 0C A0 00 00 00 63 50 4B 43 53 2D 
E/Diag_Lib(  417): 31 35 00 00 00 00 00 00 00 02 00 00 00 03 00 10 
E/Diag_Lib(  417): 4D 00 00 00 FF FF FF FF FF FF 02 01 00 00 00 00 
E/Diag_Lib(  417): 02 02 07 02 0B 00 00 10 A0 00 00 00 87 10 02 FF 
E/Diag_Lib(  417): 86 FF FF 89 FF FF FF FF 00 03 03 0A 01 03 0A 00 
E/Diag_Lib(  417): 01 00 0B 00 00 0C A0 00 00 00 63 50 4B 43 53 2D 
E/Diag_Lib(  417): 31 35 00 00 00 00 00 00 00 02 00 00 00 03 00 
E/Diag_Lib(  417): qmuxd: TX message on fd=29, to qmux_client_id=0x0, len=209
E/Diag_Lib(  417): Thread state: conn_id=0, state=RX_THREAD_WAIT_POLL
D/charger_monitor(  961): AICL: usbin 4484720, vin 4300000
D/charger_monitor(  961): AICL: step up: input_current_max 900000 usb_target_ua 1500000
I/ThermalEngine(  675): Sensor:tsens_tz_sensor5:55000 mC
I/ThermalEngine(  675): Sensor:tsens_tz_sensor5:55000 mC
I/ThermalEngine(  675): TM Id 'CPU0_MONITOR' Sensor 'cpu0' - alarm cleared 2 at 55.0 degC
I/ThermalEngine(  675): ACTION: CPU - Setting CPU[0] to 1728000
E/ThermalEngine(  675): Failed to set desired CPU[0] frequency limit to 1728000
I/ThermalEngine(  675): ACTION: CPU - Setting CPU[1] to 1728000
I/ThermalEngine(  675): ACTION: CPU - Setting CPU[2] to 1728000
E/ThermalEngine(  675): Failed to set desired CPU[2] frequency limit to 1728000
I/ThermalEngine(  675): ACTION: CPU - Setting CPU[3] to 1728000
E/ThermalEngine(  675): Failed to set desired CPU[3] frequency limit to 1728000
D/charger_monitor(  961): AICL: usbin 4476900, vin 4300000
D/charger_monitor(  961): AICL: step up: input_current_max 1000000 usb_target_ua 1500000
I/ServiceManager(  258): Waiting for service batterystats...
E/Diag_Lib(  417): Thread state: conn_id=58, state=MAIN_THREAD_CLIENT_RECV
E/Diag_Lib(  417): qmuxd: RX 896 bytes on fd=29 from qmux_client_id=0x0
E/Diag_Lib(  417): Thread state: conn_id=58, state=MAIN_THREAD_MODEM_TX
E/Diag_Lib(  417): Sending control message with message id:22
E/Diag_Lib(  417): qmi_qmux: TX/RX - TX 16 bytes on conn_id=0
E/Diag_Lib(  417): 01 0F 00 00 00 00 00 1C 22 00 04 00 01 01 00 21 
E/Diag_Lib(  417): Thread state: conn_id=58, state=MAIN_THREAD_WAIT_SELECT
E/Diag_Lib(  417): Thread state: conn_id=0, state=RX_THREAD_WAIT_READ
E/Diag_Lib(  417): Thread state: conn_id=0, state=RX_THREAD_CLIENT_TX
E/Diag_Lib(  417): qmi_qmux: TX/RX - RX 19 bytes on conn_id=0
E/Diag_Lib(  417): 01 12 00 80 00 00 01 1C 22 00 07 00 02 04 00 01 
E/Diag_Lib(  417): 00 1F 00 
E/Diag_Lib(  417):  Striping of the standard result code ...
E/Diag_Lib(  417): qmuxd: TX message on fd=29, to qmux_client_id=0x0, len=896
E/Diag_Lib(  417): Thread state: conn_id=0, state=RX_THREAD_WAIT_POLL
I/ThermalEngine(  675): Sensor:tsens_tz_sensor5:60000 mC
I/ThermalEngine(  675): Sensor:tsens_tz_sensor5:60000 mC
I/ThermalEngine(  675): TM Id 'CPU0_MONITOR' Sensor 'cpu0' - alarm raised 2 at 60.0 degC
I/ThermalEngine(  675): ACTION: CPU - Setting CPU[0] to 1497600
E/ThermalEngine(  675): Failed to set desired CPU[0] frequency limit to 1497600
I/ThermalEngine(  675): ACTION: CPU - Setting CPU[1] to 1497600
I/ThermalEngine(  675): ACTION: CPU - Setting CPU[2] to 1497600
I/ThermalEngine(  675): ACTION: CPU - Setting CPU[3] to 1497600
E/ThermalEngine(  675): Failed to set desired CPU[3] frequency limit to 1497600
I/ThermalEngine(  675): Sensor:batt_temp:300 mC
E/Diag_Lib(  417): Thread state: conn_id=0, state=RX_THREAD_WAIT_READ
E/Diag_Lib(  417): Thread state: conn_id=0, state=RX_THREAD_CLIENT_TX
E/Diag_Lib(  417): qmi_qmux: TX/RX - RX 20 bytes on conn_id=0
E/Diag_Lib(  417): 01 13 00 80 0C 01 04 03 00 0D 00 07 00 01 04 00 
E/Diag_Lib(  417): 01 06 01 03 
E/Diag_Lib(  417): qmuxd: TX message on fd=29, to qmux_client_id=0x0, len=54
E/Diag_Lib(  417): Thread state: conn_id=0, state=RX_THREAD_WAIT_POLL
I/ThermalEngine(  675): Sensor:tsens_tz_sensor5:55000 mC
I/ThermalEngine(  675): Sensor:tsens_tz_sensor5:55000 mC
I/ThermalEngine(  675): TM Id 'CPU0_MONITOR' Sensor 'cpu0' - alarm cleared 2 at 55.0 degC
I/ThermalEngine(  675): ACTION: CPU - Setting CPU[0] to 1728000
E/ThermalEngine(  675): Failed to set desired CPU[0] frequency limit to 1728000
I/ThermalEngine(  675): ACTION: CPU - Setting CPU[1] to 1728000
I/ThermalEngine(  675): ACTION: CPU - Setting CPU[2] to 1728000
I/ThermalEngine(  675): ACTION: CPU - Setting CPU[3] to 1728000
E/ThermalEngine(  675): Failed to set desired CPU[3] frequency limit to 1728000
D/charger_monitor(  961): AICL: usbin 4486680, vin 4300000
D/charger_monitor(  961): AICL: step up: input_current_max 1100000 usb_target_ua 1500000
I/ThermalEngine(  675): Sensor:tsens_tz_sensor5:61000 mC
I/ThermalEngine(  675): Sensor:tsens_tz_sensor5:61000 mC
I/ThermalEngine(  675): TM Id 'CPU0_MONITOR' Sensor 'cpu0' - alarm raised 2 at 61.0 degC
I/ThermalEngine(  675): ACTION: CPU - Setting CPU[0] to 1497600
E/ThermalEngine(  675): Failed to set desired CPU[0] frequency limit to 1497600
I/ThermalEngine(  675): ACTION: CPU - Setting CPU[1] to 1497600
I/ThermalEngine(  675): ACTION: CPU - Setting CPU[2] to 1497600
I/ThermalEngine(  675): ACTION: CPU - Setting CPU[3] to 1497600
E/ThermalEngine(  675): Failed to set desired CPU[3] frequency limit to 1497600
E/Sensors (  998): sns_smr_util.c(104):Unable to initialize service 259 with QCCI, timed out (2000 ms)
E/Sensors (  998): sns_acm_mr.c(472):Error getting info for service 3
D/charger_monitor(  961): AICL: usbin 4486680, vin 4300000
D/charger_monitor(  961): AICL: step up: input_current_max 1200000 usb_target_ua 1500000
I/ServiceManager(  258): Waiting for service batterystats...
E/Diag_Lib(  417): Thread state: conn_id=58, state=MAIN_THREAD_CLIENT_RECV
E/Diag_Lib(  417): qmuxd: RX 896 bytes on fd=29 from qmux_client_id=0x0
E/Diag_Lib(  417): Thread state: conn_id=58, state=MAIN_THREAD_MODEM_TX
E/Diag_Lib(  417): Sending control message with message id:22
E/Diag_Lib(  417): qmi_qmux: TX/RX - TX 16 bytes on conn_id=0
E/Diag_Lib(  417): 01 0F 00 00 00 00 00 1D 22 00 04 00 01 01 00 21 
E/Diag_Lib(  417): Thread state: conn_id=58, state=MAIN_THREAD_WAIT_SELECT
E/Diag_Lib(  417): Thread state: conn_id=0, state=RX_THREAD_WAIT_READ
E/Diag_Lib(  417): Thread state: conn_id=0, state=RX_THREAD_CLIENT_TX
E/Diag_Lib(  417): qmi_qmux: TX/RX - RX 19 bytes on conn_id=0
E/Diag_Lib(  417): 01 12 00 80 00 00 01 1D 22 00 07 00 02 04 00 01 
E/Diag_Lib(  417): 00 1F 00 
E/Diag_Lib(  417):  Striping of the standard result code ...
E/Diag_Lib(  417): qmuxd: TX message on fd=29, to qmux_client_id=0x0, len=896
E/Diag_Lib(  417): Thread state: conn_id=0, state=RX_THREAD_WAIT_POLL
I/ThermalEngine(  675): Sensor:batt_temp:301 mC
D/charger_monitor(  961): AICL: usbin 4471020, vin 4300000
D/charger_monitor(  961): AICL: step up: input_current_max 1300000 usb_target_ua 1500000
E/Diag_Lib(  264): qmi_init:  Not initialized, calling process init sequence
E/Diag_Lib(  264): Setting internal use port to rmnet0
E/Diag_Lib(  417): qmuxd: servicing new client request on listener_fd=[25:/dev/socket/qmux_radio/qmux_connect_socket]
E/Diag_Lib(  417): Thread state: conn_id=58, state=MAIN_THREAD_PROCESS_NEW_CLIENT
E/Diag_Lib(  417): qmuxd: sending qmux_client_id=0x2 to client_fd=31
E/Diag_Lib(  417): qmuxd: added new qmux_client_id=0x2, fd=31, max_fd=31
E/Diag_Lib(  417): Thread state: conn_id=58, state=MAIN_THREAD_WAIT_SELECT
E/Diag_Lib(  417): Thread state: conn_id=58, state=MAIN_THREAD_CLIENT_RECV
E/Diag_Lib(  417): qmuxd: RX 896 bytes on fd=31 from qmux_client_id=0x2
E/Diag_Lib(  417): Thread state: conn_id=58, state=MAIN_THREAD_MODEM_TX
E/Diag_Lib(  417): QMUX qmux_client_id=2 added to QMUX client ID list
E/Diag_Lib(  417): qmuxd: TX message on fd=31, to qmux_client_id=0x2, len=896
E/Diag_Lib(  417): Thread state: conn_id=58, state=MAIN_THREAD_WAIT_SELECT
E/Diag_Lib(  417): Thread state: conn_id=58, state=MAIN_THREAD_CLIENT_RECV
E/Diag_Lib(  417): qmuxd: RX 896 bytes on fd=31 from qmux_client_id=0x2
E/Diag_Lib(  417): Thread state: conn_id=58, state=MAIN_THREAD_MODEM_TX
E/Diag_Lib(  417): Sending control message with message id:22
E/Diag_Lib(  417): qmi_qmux: TX/RX - TX 16 bytes on conn_id=0
E/Diag_Lib(  417): 01 0F 00 00 00 00 00 1E 22 00 04 00 01 01 00 01 
E/Diag_Lib(  417): Thread state: conn_id=58, state=MAIN_THREAD_WAIT_SELECT
E/Diag_Lib(  417): Thread state: conn_id=0, state=RX_THREAD_WAIT_READ
E/Diag_Lib(  417): Thread state: conn_id=0, state=RX_THREAD_CLIENT_TX
E/Diag_Lib(  417): qmi_qmux: TX/RX - RX 24 bytes on conn_id=0
E/Diag_Lib(  417): 01 17 00 80 00 00 01 1E 22 00 0C 00 02 04 00 00 
E/Diag_Lib(  417): 00 00 00 01 02 00 01 13 
E/Diag_Lib(  417):  Striping of the standard result code ...
E/Diag_Lib(  417): qmuxd: TX message on fd=31, to qmux_client_id=0x2, len=896
E/Diag_Lib(  417): Thread state: conn_id=0, state=RX_THREAD_WAIT_POLL
E/Diag_Lib(  417): Thread state: conn_id=58, state=MAIN_THREAD_CLIENT_RECV
E/Diag_Lib(  417): qmuxd: RX 51 bytes on fd=31 from qmux_client_id=0x2
E/Diag_Lib(  417): Thread state: conn_id=58, state=MAIN_THREAD_MODEM_TX
E/Diag_Lib(  417): qmi_qmux: TX/RX - TX 17 bytes on conn_id=0
E/Diag_Lib(  417): 01 10 00 00 01 13 00 01 00 4D 00 04 00 01 01 00 
E/Diag_Lib(  417): 04 
E/Diag_Lib(  417): Thread state: conn_id=58, state=MAIN_THREAD_WAIT_SELECT
E/Diag_Lib(  417): Thread state: conn_id=0, state=RX_THREAD_WAIT_READ
E/Diag_Lib(  417): Thread state: conn_id=0, state=RX_THREAD_CLIENT_TX
E/Diag_Lib(  417): qmi_qmux: TX/RX - RX 20 bytes on conn_id=0
E/Diag_Lib(  417): 01 13 00 80 01 13 02 01 00 4D 00 07 00 02 04 00 
E/Diag_Lib(  417): 00 00 00 00 
E/Diag_Lib(  417): qmuxd: TX message on fd=31, to qmux_client_id=0x2, len=54
E/Diag_Lib(  417): Thread state: conn_id=0, state=RX_THREAD_WAIT_POLL
E/Diag_Lib(  417): Thread state: conn_id=58, state=MAIN_THREAD_CLIENT_RECV
E/Diag_Lib(  417): qmuxd: RX 51 bytes on fd=31 from qmux_client_id=0x2
E/Diag_Lib(  417): Thread state: conn_id=58, state=MAIN_THREAD_MODEM_TX
E/Diag_Lib(  417): qmi_qmux: TX/RX - TX 17 bytes on conn_id=0
E/Diag_Lib(  417): 01 10 00 00 01 13 00 02 00 01 00 04 00 1E 01 00 
E/Diag_Lib(  417): 01 
E/Diag_Lib(  417): Thread state: conn_id=58, state=MAIN_THREAD_WAIT_SELECT
E/Diag_Lib(  417): Thread state: conn_id=0, state=RX_THREAD_WAIT_READ
E/Diag_Lib(  417): Thread state: conn_id=0, state=RX_THREAD_CLIENT_TX
E/Diag_Lib(  417): qmi_qmux: TX/RX - RX 20 bytes on conn_id=0
E/Diag_Lib(  417): 01 13 00 80 01 13 02 02 00 01 00 07 00 02 04 00 
E/Diag_Lib(  417): 00 00 00 00 
E/Diag_Lib(  417): qmuxd: TX message on fd=31, to qmux_client_id=0x2, len=54
E/Diag_Lib(  417): Thread state: conn_id=0, state=RX_THREAD_WAIT_POLL
E/Diag_Lib(  417): Thread state: conn_id=58, state=MAIN_THREAD_CLIENT_RECV
E/Diag_Lib(  417): qmuxd: RX 896 bytes on fd=31 from qmux_client_id=0x2
E/Diag_Lib(  417): Thread state: conn_id=58, state=MAIN_THREAD_MODEM_TX
E/Diag_Lib(  417): Sending control message with message id:22
E/Diag_Lib(  417): qmi_qmux: TX/RX - TX 16 bytes on conn_id=0
E/Diag_Lib(  417): 01 0F 00 00 00 00 00 1F 22 00 04 00 01 01 00 01 
E/Diag_Lib(  417): Thread state: conn_id=58, state=MAIN_THREAD_WAIT_SELECT
E/Diag_Lib(  417): Thread state: conn_id=0, state=RX_THREAD_WAIT_READ
E/Diag_Lib(  417): Thread state: conn_id=0, state=RX_THREAD_CLIENT_TX
E/Diag_Lib(  417): qmi_qmux: TX/RX - RX 24 bytes on conn_id=0
E/Diag_Lib(  417): 01 17 00 80 00 00 01 1F 22 00 0C 00 02 04 00 00 
E/Diag_Lib(  417): 00 00 00 01 02 00 01 14 
E/Diag_Lib(  417):  Striping of the standard result code ...
E/Diag_Lib(  417): Adding client 20, service 1, conn_id=0...
E/Diag_Lib(  417): .... for qmux_client_id = 2, in slot 1, for clnt_srv_info=b5c29178
E/Diag_Lib(  417): qmuxd: TX message on fd=31, to qmux_client_id=0x2, len=896
E/Diag_Lib(  417): Thread state: conn_id=0, state=RX_THREAD_WAIT_POLL
E/Diag_Lib(  417): Thread state: conn_id=58, state=MAIN_THREAD_CLIENT_RECV
E/Diag_Lib(  417): qmuxd: RX 51 bytes on fd=31 from qmux_client_id=0x2
E/Diag_Lib(  417): Thread state: conn_id=58, state=MAIN_THREAD_MODEM_TX
E/Diag_Lib(  417): qmi_qmux: TX/RX - TX 17 bytes on conn_id=0
E/Diag_Lib(  417): 01 10 00 00 01 14 00 01 00 4D 00 04 00 01 01 00 
E/Diag_Lib(  417): 06 
E/Diag_Lib(  417): Thread state: conn_id=58, state=MAIN_THREAD_WAIT_SELECT
E/Diag_Lib(  417): Thread state: conn_id=0, state=RX_THREAD_WAIT_READ
E/Diag_Lib(  417): Thread state: conn_id=0, state=RX_THREAD_CLIENT_TX
E/Diag_Lib(  417): qmi_qmux: TX/RX - RX 20 bytes on conn_id=0
E/Diag_Lib(  417): 01 13 00 80 01 14 02 01 00 4D 00 07 00 02 04 00 
E/Diag_Lib(  417): 00 00 00 00 
E/Diag_Lib(  417): qmuxd: TX message on fd=31, to qmux_client_id=0x2, len=54
E/Diag_Lib(  417): Thread state: conn_id=0, state=RX_THREAD_WAIT_POLL
E/Diag_Lib(  417): Thread state: conn_id=58, state=MAIN_THREAD_CLIENT_RECV
E/Diag_Lib(  417): qmuxd: RX 51 bytes on fd=31 from qmux_client_id=0x2
E/Diag_Lib(  417): Thread state: conn_id=58, state=MAIN_THREAD_MODEM_TX
E/Diag_Lib(  417): qmi_qmux: TX/RX - TX 17 bytes on conn_id=0
E/Diag_Lib(  417): 01 10 00 00 01 14 00 02 00 01 00 04 00 1E 01 00 
E/Diag_Lib(  417): 01 
E/Diag_Lib(  417): Thread state: conn_id=58, state=MAIN_THREAD_WAIT_SELECT
E/Diag_Lib(  417): Thread state: conn_id=0, state=RX_THREAD_WAIT_READ
E/Diag_Lib(  417): Thread state: conn_id=0, state=RX_THREAD_CLIENT_TX
E/Diag_Lib(  417): qmi_qmux: TX/RX - RX 20 bytes on conn_id=0
E/Diag_Lib(  417): 01 13 00 80 01 14 02 02 00 01 00 07 00 02 04 00 
E/Diag_Lib(  417): 00 00 00 00 
E/Diag_Lib(  417): qmuxd: TX message on fd=31, to qmux_client_id=0x2, len=54
E/Diag_Lib(  417): Thread state: conn_id=0, state=RX_THREAD_WAIT_POLL
E/Diag_Lib(  417): Thread state: conn_id=58, state=MAIN_THREAD_CLIENT_RECV
E/Diag_Lib(  417): qmuxd: RX 896 bytes on fd=31 from qmux_client_id=0x2
E/Diag_Lib(  417): Thread state: conn_id=58, state=MAIN_THREAD_MODEM_TX
E/Diag_Lib(  417): Sending control message with message id:22
E/Diag_Lib(  417): qmi_qmux: TX/RX - TX 16 bytes on conn_id=0
E/Diag_Lib(  417): 01 0F 00 00 00 00 00 20 22 00 04 00 01 01 00 04 
E/Diag_Lib(  417): Thread state: conn_id=58, state=MAIN_THREAD_WAIT_SELECT
E/Diag_Lib(  417): Thread state: conn_id=0, state=RX_THREAD_WAIT_READ
E/Diag_Lib(  417): Thread state: conn_id=0, state=RX_THREAD_CLIENT_TX
E/Diag_Lib(  417): qmi_qmux: TX/RX - RX 24 bytes on conn_id=0
E/Diag_Lib(  417): 01 17 00 80 00 00 01 20 22 00 0C 00 02 04 00 00 
E/Diag_Lib(  417): 00 00 00 01 02 00 04 02 
E/Diag_Lib(  417):  Striping of the standard result code ...
E/Diag_Lib(  417): qmuxd: TX message on fd=31, to qmux_client_id=0x2, len=896
E/Diag_Lib(  417): Thread state: conn_id=0, state=RX_THREAD_WAIT_POLL
E/Diag_Lib(  417): Thread state: conn_id=58, state=MAIN_THREAD_CLIENT_RECV
E/Diag_Lib(  417): qmuxd: RX 51 bytes on fd=31 from qmux_client_id=0x2
E/Diag_Lib(  417): Thread state: conn_id=58, state=MAIN_THREAD_MODEM_TX
E/Diag_Lib(  417): qmi_qmux: TX/RX - TX 17 bytes on conn_id=0
E/Diag_Lib(  417): 01 10 00 00 04 02 00 01 00 2A 00 04 00 01 01 00 
E/Diag_Lib(  417): 04 
E/Diag_Lib(  417): Thread state: conn_id=58, state=MAIN_THREAD_WAIT_SELECT
E/Diag_Lib(  417): Thread state: conn_id=0, state=RX_THREAD_WAIT_READ
E/Diag_Lib(  417): Thread state: conn_id=0, state=RX_THREAD_CLIENT_TX
E/Diag_Lib(  417): qmi_qmux: TX/RX - RX 20 bytes on conn_id=0
E/Diag_Lib(  417): 01 13 00 80 04 02 02 01 00 2A 00 07 00 02 04 00 
E/Diag_Lib(  417): 00 00 00 00 
E/Diag_Lib(  417): qmuxd: TX message on fd=31, to qmux_client_id=0x2, len=54
E/Diag_Lib(  417): Thread state: conn_id=0, state=RX_THREAD_WAIT_POLL
E/Diag_Lib(  417): Thread state: conn_id=58, state=MAIN_THREAD_CLIENT_RECV
E/Diag_Lib(  417): qmuxd: RX 51 bytes on fd=31 from qmux_client_id=0x2
E/Diag_Lib(  417): Thread state: conn_id=58, state=MAIN_THREAD_MODEM_TX
E/Diag_Lib(  417): qmi_qmux: TX/RX - TX 17 bytes on conn_id=0
E/Diag_Lib(  417): 01 10 00 00 04 02 00 02 00 01 00 04 00 10 01 00 
E/Diag_Lib(  417): 01 
E/Diag_Lib(  417): Thread state: conn_id=58, state=MAIN_THREAD_WAIT_SELECT
E/Diag_Lib(  417): Thread state: conn_id=0, state=RX_THREAD_WAIT_READ
E/Diag_Lib(  417): Thread state: conn_id=0, state=RX_THREAD_CLIENT_TX
E/Diag_Lib(  417): qmi_qmux: TX/RX - RX 20 bytes on conn_id=0
E/Diag_Lib(  417): 01 13 00 80 04 02 02 02 00 01 00 07 00 02 04 00 
E/Diag_Lib(  417): 00 00 00 00 
E/Diag_Lib(  417): qmuxd: TX message on fd=31, to qmux_client_id=0x2, len=54
E/Diag_Lib(  417): Thread state: conn_id=0, state=RX_THREAD_WAIT_POLL
E/Diag_Lib(  417): Thread state: conn_id=58, state=MAIN_THREAD_CLIENT_RECV
E/Diag_Lib(  417): qmuxd: RX 896 bytes on fd=31 from qmux_client_id=0x2
E/Diag_Lib(  417): Thread state: conn_id=58, state=MAIN_THREAD_MODEM_TX
E/Diag_Lib(  417): Sending control message with message id:22
E/Diag_Lib(  417): qmi_qmux: TX/RX - TX 16 bytes on conn_id=0
E/Diag_Lib(  417): 01 0F 00 00 00 00 00 21 22 00 04 00 01 01 00 04 
E/Diag_Lib(  417): Thread state: conn_id=58, state=MAIN_THREAD_WAIT_SELECT
E/Diag_Lib(  417): Thread state: conn_id=0, state=RX_THREAD_WAIT_READ
E/Diag_Lib(  417): Thread state: conn_id=0, state=RX_THREAD_CLIENT_TX
E/Diag_Lib(  417): qmi_qmux: TX/RX - RX 24 bytes on conn_id=0
E/Diag_Lib(  417): 01 17 00 80 00 00 01 21 22 00 0C 00 02 04 00 00 
E/Diag_Lib(  417): 00 00 00 01 02 00 04 03 
E/Diag_Lib(  417):  Striping of the standard result code ...
E/Diag_Lib(  417): Adding client 3, service 4, conn_id=0...
E/Diag_Lib(  417): .... for qmux_client_id = 2, in slot 1, for clnt_srv_info=b5c29190
E/Diag_Lib(  417): qmuxd: TX message on fd=31, to qmux_client_id=0x2, len=896
E/Diag_Lib(  417): Thread state: conn_id=0, state=RX_THREAD_WAIT_POLL
E/Diag_Lib(  417): Thread state: conn_id=58, state=MAIN_THREAD_CLIENT_RECV
E/Diag_Lib(  417): qmuxd: RX 51 bytes on fd=31 from qmux_client_id=0x2
E/Diag_Lib(  417): Thread state: conn_id=58, state=MAIN_THREAD_MODEM_TX
E/Diag_Lib(  417): qmi_qmux: TX/RX - TX 17 bytes on conn_id=0
E/Diag_Lib(  417): 01 10 00 00 04 03 00 01 00 2A 00 04 00 01 01 00 
E/Diag_Lib(  417): 06 
E/Diag_Lib(  417): Thread state: conn_id=58, state=MAIN_THREAD_WAIT_SELECT
E/Diag_Lib(  417): Thread state: conn_id=0, state=RX_THREAD_WAIT_READ
E/Diag_Lib(  417): Thread state: conn_id=0, state=RX_THREAD_CLIENT_TX
E/Diag_Lib(  417): qmi_qmux: TX/RX - RX 20 bytes on conn_id=0
E/Diag_Lib(  417): 01 13 00 80 04 03 02 01 00 2A 00 07 00 02 04 00 
E/Diag_Lib(  417): 00 00 00 00 
E/Diag_Lib(  417): qmuxd: TX message on fd=31, to qmux_client_id=0x2, len=54
E/Diag_Lib(  417): Thread state: conn_id=0, state=RX_THREAD_WAIT_POLL
E/Diag_Lib(  417): Thread state: conn_id=58, state=MAIN_THREAD_CLIENT_RECV
E/Diag_Lib(  417): qmuxd: RX 51 bytes on fd=31 from qmux_client_id=0x2
E/Diag_Lib(  417): Thread state: conn_id=58, state=MAIN_THREAD_MODEM_TX
E/Diag_Lib(  417): qmi_qmux: TX/RX - TX 17 bytes on conn_id=0
E/Diag_Lib(  417): 01 10 00 00 04 03 00 02 00 01 00 04 00 10 01 00 
E/Diag_Lib(  417): 01 
E/Diag_Lib(  417): Thread state: conn_id=58, state=MAIN_THREAD_WAIT_SELECT
E/Diag_Lib(  417): Thread state: conn_id=0, state=RX_THREAD_WAIT_READ
E/Diag_Lib(  417): Thread state: conn_id=0, state=RX_THREAD_CLIENT_TX
E/Diag_Lib(  417): qmi_qmux: TX/RX - RX 20 bytes on conn_id=0
E/Diag_Lib(  417): 01 13 00 80 04 03 02 02 00 01 00 07 00 02 04 00 
E/Diag_Lib(  417): 00 00 00 00 
E/Diag_Lib(  417): qmuxd: TX message on fd=31, to qmux_client_id=0x2, len=54
E/Diag_Lib(  417): Thread state: conn_id=0, state=RX_THREAD_WAIT_POLL
E/Diag_Lib(  417): Thread state: conn_id=58, state=MAIN_THREAD_CLIENT_RECV
E/Diag_Lib(  417): qmuxd: RX 896 bytes on fd=31 from qmux_client_id=0x2
E/Diag_Lib(  417): Thread state: conn_id=58, state=MAIN_THREAD_MODEM_TX
E/Diag_Lib(  417): Sending control message with message id:26
E/Diag_Lib(  417): qmi_qmux: TX/RX - TX 21 bytes on conn_id=0
E/Diag_Lib(  417): 01 14 00 00 00 00 00 22 26 00 09 00 01 01 00 01 
E/Diag_Lib(  417): 10 02 00 02 00 
E/Diag_Lib(  417): Thread state: conn_id=58, state=MAIN_THREAD_WAIT_SELECT
E/Diag_Lib(  417): Thread state: conn_id=0, state=RX_THREAD_WAIT_READ
E/Diag_Lib(  417): Thread state: conn_id=0, state=RX_THREAD_CLIENT_TX
E/Diag_Lib(  417): qmi_qmux: TX/RX - RX 28 bytes on conn_id=0
E/Diag_Lib(  417): 01 1B 00 80 00 00 01 22 26 00 10 00 02 04 00 00 
E/Diag_Lib(  417): 00 00 00 12 01 00 01 10 02 00 02 00 
E/Diag_Lib(  417):  Striping of the standard result code ...
E/Diag_Lib(  417): qmi_ctl_handle_set_data_format_rsp, skipping unknown type = 18
E/Diag_Lib(  417): qmuxd: TX message on fd=31, to qmux_client_id=0x2, len=896
E/Diag_Lib(  417): Thread state: conn_id=0, state=RX_THREAD_WAIT_POLL
E/Diag_Lib(  417): Thread state: conn_id=58, state=MAIN_THREAD_CLIENT_RECV
E/Diag_Lib(  417): qmuxd: RX 896 bytes on fd=31 from qmux_client_id=0x2
E/Diag_Lib(  417): Thread state: conn_id=58, state=MAIN_THREAD_MODEM_TX
E/Diag_Lib(  417): Sending control message with message id:22
E/Diag_Lib(  417): qmi_qmux: TX/RX - TX 16 bytes on conn_id=1
E/Diag_Lib(  417): 01 0F 00 00 00 00 00 05 22 00 04 00 01 01 00 01 
E/Diag_Lib(  417): Thread state: conn_id=58, state=MAIN_THREAD_WAIT_SELECT
E/Diag_Lib(  417): Thread state: conn_id=1, state=RX_THREAD_WAIT_READ
E/Diag_Lib(  417): Thread state: conn_id=1, state=RX_THREAD_CLIENT_TX
E/Diag_Lib(  417): qmi_qmux: TX/RX - RX 24 bytes on conn_id=1
E/Diag_Lib(  417): 01 17 00 80 00 00 01 05 22 00 0C 00 02 04 00 00 
E/Diag_Lib(  417): 00 00 00 01 02 00 01 15 
E/Diag_Lib(  417):  Striping of the standard result code ...
E/Diag_Lib(  417): qmuxd: TX message on fd=31, to qmux_client_id=0x2, len=896
E/Diag_Lib(  417): Thread state: conn_id=1, state=RX_THREAD_WAIT_POLL
E/Diag_Lib(  417): Thread state: conn_id=58, state=MAIN_THREAD_CLIENT_RECV
E/Diag_Lib(  417): qmuxd: RX 51 bytes on fd=31 from qmux_client_id=0x2
E/Diag_Lib(  417): Thread state: conn_id=58, state=MAIN_THREAD_MODEM_TX
E/Diag_Lib(  417): qmi_qmux: TX/RX - TX 17 bytes on conn_id=1
E/Diag_Lib(  417): 01 10 00 00 01 15 00 01 00 4D 00 04 00 01 01 00 
E/Diag_Lib(  417): 04 
E/Diag_Lib(  417): Thread state: conn_id=58, state=MAIN_THREAD_WAIT_SELECT
E/Diag_Lib(  417): Thread state: conn_id=1, state=RX_THREAD_WAIT_READ
E/Diag_Lib(  417): Thread state: conn_id=1, state=RX_THREAD_CLIENT_TX
E/Diag_Lib(  417): qmi_qmux: TX/RX - RX 20 bytes on conn_id=1
E/Diag_Lib(  417): 01 13 00 80 01 15 02 01 00 4D 00 07 00 02 04 00 
E/Diag_Lib(  417): 00 00 00 00 
E/Diag_Lib(  417): qmuxd: TX message on fd=31, to qmux_client_id=0x2, len=54
E/Diag_Lib(  417): Thread state: conn_id=1, state=RX_THREAD_WAIT_POLL
E/Diag_Lib(  417): Thread state: conn_id=58, state=MAIN_THREAD_CLIENT_RECV
E/Diag_Lib(  417): qmuxd: RX 51 bytes on fd=31 from qmux_client_id=0x2
E/Diag_Lib(  417): Thread state: conn_id=58, state=MAIN_THREAD_MODEM_TX
E/Diag_Lib(  417): qmi_qmux: TX/RX - TX 17 bytes on conn_id=1
E/Diag_Lib(  417): 01 10 00 00 01 15 00 02 00 01 00 04 00 1E 01 00 
E/Diag_Lib(  417): 01 
E/Diag_Lib(  417): Thread state: conn_id=58, state=MAIN_THREAD_WAIT_SELECT
E/Diag_Lib(  417): Thread state: conn_id=1, state=RX_THREAD_WAIT_READ
E/Diag_Lib(  417): Thread state: conn_id=1, state=RX_THREAD_CLIENT_TX
E/Diag_Lib(  417): qmi_qmux: TX/RX - RX 20 bytes on conn_id=1
E/Diag_Lib(  417): 01 13 00 80 01 15 02 02 00 01 00 07 00 02 04 00 
E/Diag_Lib(  417): 00 00 00 00 
E/Diag_Lib(  417): qmuxd: TX message on fd=31, to qmux_client_id=0x2, len=54
E/Diag_Lib(  417): Thread state: conn_id=1, state=RX_THREAD_WAIT_POLL
E/Diag_Lib(  417): Thread state: conn_id=58, state=MAIN_THREAD_CLIENT_RECV
E/Diag_Lib(  417): qmuxd: RX 896 bytes on fd=31 from qmux_client_id=0x2
E/Diag_Lib(  417): Thread state: conn_id=58, state=MAIN_THREAD_MODEM_TX
E/Diag_Lib(  417): Sending control message with message id:22
E/Diag_Lib(  417): qmi_qmux: TX/RX - TX 16 bytes on conn_id=1
E/Diag_Lib(  417): 01 0F 00 00 00 00 00 06 22 00 04 00 01 01 00 01 
E/Diag_Lib(  417): Thread state: conn_id=58, state=MAIN_THREAD_WAIT_SELECT
E/Diag_Lib(  417): Thread state: conn_id=1, state=RX_THREAD_WAIT_READ
E/Diag_Lib(  417): Thread state: conn_id=1, state=RX_THREAD_CLIENT_TX
E/Diag_Lib(  417): qmi_qmux: TX/RX - RX 24 bytes on conn_id=1
E/Diag_Lib(  417): 01 17 00 80 00 00 01 06 22 00 0C 00 02 04 00 00 
E/Diag_Lib(  417): 00 00 00 01 02 00 01 16 
E/Diag_Lib(  417):  Striping of the standard result code ...
E/Diag_Lib(  417): Adding client 22, service 1, conn_id=1...
E/Diag_Lib(  417): .... for qmux_client_id = 2, in slot 1, for clnt_srv_info=b6437190
E/Diag_Lib(  417): qmuxd: TX message on fd=31, to qmux_client_id=0x2, len=896
E/Diag_Lib(  417): Thread state: conn_id=1, state=RX_THREAD_WAIT_POLL
E/Diag_Lib(  417): Thread state: conn_id=58, state=MAIN_THREAD_CLIENT_RECV
E/Diag_Lib(  417): qmuxd: RX 51 bytes on fd=31 from qmux_client_id=0x2
E/Diag_Lib(  417): Thread state: conn_id=58, state=MAIN_THREAD_MODEM_TX
E/Diag_Lib(  417): qmi_qmux: TX/RX - TX 17 bytes on conn_id=1
E/Diag_Lib(  417): 01 10 00 00 01 16 00 01 00 4D 00 04 00 01 01 00 
E/Diag_Lib(  417): 06 
E/Diag_Lib(  417): Thread state: conn_id=58, state=MAIN_THREAD_WAIT_SELECT
E/Diag_Lib(  417): Thread state: conn_id=1, state=RX_THREAD_WAIT_READ
E/Diag_Lib(  417): Thread state: conn_id=1, state=RX_THREAD_CLIENT_TX
E/Diag_Lib(  417): qmi_qmux: TX/RX - RX 20 bytes on conn_id=1
E/Diag_Lib(  417): 01 13 00 80 01 16 02 01 00 4D 00 07 00 02 04 00 
E/Diag_Lib(  417): 00 00 00 00 
E/Diag_Lib(  417): qmuxd: TX message on fd=31, to qmux_client_id=0x2, len=54
E/Diag_Lib(  417): Thread state: conn_id=1, state=RX_THREAD_WAIT_POLL
E/Diag_Lib(  417): Thread state: conn_id=58, state=MAIN_THREAD_CLIENT_RECV
E/Diag_Lib(  417): qmuxd: RX 51 bytes on fd=31 from qmux_client_id=0x2
E/Diag_Lib(  417): Thread state: conn_id=58, state=MAIN_THREAD_MODEM_TX
E/Diag_Lib(  417): qmi_qmux: TX/RX - TX 17 bytes on conn_id=1
E/Diag_Lib(  417): 01 10 00 00 01 16 00 02 00 01 00 04 00 1E 01 00 
E/Diag_Lib(  417): 01 
E/Diag_Lib(  417): Thread state: conn_id=58, state=MAIN_THREAD_WAIT_SELECT
E/Diag_Lib(  417): Thread state: conn_id=1, state=RX_THREAD_WAIT_READ
E/Diag_Lib(  417): Thread state: conn_id=1, state=RX_THREAD_CLIENT_TX
E/Diag_Lib(  417): qmi_qmux: TX/RX - RX 20 bytes on conn_id=1
E/Diag_Lib(  417): 01 13 00 80 01 16 02 02 00 01 00 07 00 02 04 00 
E/Diag_Lib(  417): 00 00 00 00 
E/Diag_Lib(  417): qmuxd: TX message on fd=31, to qmux_client_id=0x2, len=54
E/Diag_Lib(  417): Thread state: conn_id=1, state=RX_THREAD_WAIT_POLL
E/Diag_Lib(  417): Thread state: conn_id=58, state=MAIN_THREAD_CLIENT_RECV
E/Diag_Lib(  417): qmuxd: RX 896 bytes on fd=31 from qmux_client_id=0x2
E/Diag_Lib(  417): Thread state: conn_id=58, state=MAIN_THREAD_MODEM_TX
E/Diag_Lib(  417): Sending control message with message id:22
E/Diag_Lib(  417): qmi_qmux: TX/RX - TX 16 bytes on conn_id=1
E/Diag_Lib(  417): 01 0F 00 00 00 00 00 07 22 00 04 00 01 01 00 04 
E/Diag_Lib(  417): Thread state: conn_id=58, state=MAIN_THREAD_WAIT_SELECT
E/Diag_Lib(  417): Thread state: conn_id=1, state=RX_THREAD_WAIT_READ
E/Diag_Lib(  417): Thread state: conn_id=1, state=RX_THREAD_CLIENT_TX
E/Diag_Lib(  417): qmi_qmux: TX/RX - RX 24 bytes on conn_id=1
E/Diag_Lib(  417): 01 17 00 80 00 00 01 07 22 00 0C 00 02 04 00 00 
E/Diag_Lib(  417): 00 00 00 01 02 00 04 02 
E/Diag_Lib(  417):  Striping of the standard result code ...
E/Diag_Lib(  417): qmuxd: TX message on fd=31, to qmux_client_id=0x2, len=896
E/Diag_Lib(  417): Thread state: conn_id=1, state=RX_THREAD_WAIT_POLL
E/Diag_Lib(  417): Thread state: conn_id=58, state=MAIN_THREAD_CLIENT_RECV
E/Diag_Lib(  417): qmuxd: RX 51 bytes on fd=31 from qmux_client_id=0x2
E/Diag_Lib(  417): Thread state: conn_id=58, state=MAIN_THREAD_MODEM_TX
E/Diag_Lib(  417): qmi_qmux: TX/RX - TX 17 bytes on conn_id=1
E/Diag_Lib(  417): 01 10 00 00 04 02 00 01 00 2A 00 04 00 01 01 00 
E/Diag_Lib(  417): 04 
E/Diag_Lib(  417): Thread state: conn_id=58, state=MAIN_THREAD_WAIT_SELECT
E/Diag_Lib(  417): Thread state: conn_id=1, state=RX_THREAD_WAIT_READ
E/Diag_Lib(  417): Thread state: conn_id=1, state=RX_THREAD_CLIENT_TX
E/Diag_Lib(  417): qmi_qmux: TX/RX - RX 20 bytes on conn_id=1
E/Diag_Lib(  417): 01 13 00 80 04 02 02 01 00 2A 00 07 00 02 04 00 
E/Diag_Lib(  417): 00 00 00 00 
E/Diag_Lib(  417): qmuxd: TX message on fd=31, to qmux_client_id=0x2, len=54
E/Diag_Lib(  417): Thread state: conn_id=1, state=RX_THREAD_WAIT_POLL
E/Diag_Lib(  417): Thread state: conn_id=58, state=MAIN_THREAD_CLIENT_RECV
E/Diag_Lib(  417): qmuxd: RX 51 bytes on fd=31 from qmux_client_id=0x2
E/Diag_Lib(  417): Thread state: conn_id=58, state=MAIN_THREAD_MODEM_TX
E/Diag_Lib(  417): qmi_qmux: TX/RX - TX 17 bytes on conn_id=1
E/Diag_Lib(  417): 01 10 00 00 04 02 00 02 00 01 00 04 00 10 01 00 
E/Diag_Lib(  417): 01 
E/Diag_Lib(  417): Thread state: conn_id=58, state=MAIN_THREAD_WAIT_SELECT
E/Diag_Lib(  417): Thread state: conn_id=1, state=RX_THREAD_WAIT_READ
E/Diag_Lib(  417): Thread state: conn_id=1, state=RX_THREAD_CLIENT_TX
E/Diag_Lib(  417): qmi_qmux: TX/RX - RX 20 bytes on conn_id=1
E/Diag_Lib(  417): 01 13 00 80 04 02 02 02 00 01 00 07 00 02 04 00 
E/Diag_Lib(  417): 00 00 00 00 
E/Diag_Lib(  417): qmuxd: TX message on fd=31, to qmux_client_id=0x2, len=54
E/Diag_Lib(  417): Thread state: conn_id=1, state=RX_THREAD_WAIT_POLL
E/Diag_Lib(  417): Thread state: conn_id=58, state=MAIN_THREAD_CLIENT_RECV
E/Diag_Lib(  417): qmuxd: RX 896 bytes on fd=31 from qmux_client_id=0x2
E/Diag_Lib(  417): Thread state: conn_id=58, state=MAIN_THREAD_MODEM_TX
E/Diag_Lib(  417): Sending control message with message id:22
E/Diag_Lib(  417): qmi_qmux: TX/RX - TX 16 bytes on conn_id=1
E/Diag_Lib(  417): 01 0F 00 00 00 00 00 08 22 00 04 00 01 01 00 04 
E/Diag_Lib(  417): Thread state: conn_id=58, state=MAIN_THREAD_WAIT_SELECT
E/Diag_Lib(  417): Thread state: conn_id=1, state=RX_THREAD_WAIT_READ
E/Diag_Lib(  417): Thread state: conn_id=1, state=RX_THREAD_CLIENT_TX
E/Diag_Lib(  417): qmi_qmux: TX/RX - RX 24 bytes on conn_id=1
E/Diag_Lib(  417): 01 17 00 80 00 00 01 08 22 00 0C 00 02 04 00 00 
E/Diag_Lib(  417): 00 00 00 01 02 00 04 03 
E/Diag_Lib(  417):  Striping of the standard result code ...
E/Diag_Lib(  417): Adding client 3, service 4, conn_id=1...
