E/Diag_Lib(  417): Thread state: conn_id=2, state=RX_THREAD_WAIT_READ
E/Diag_Lib(  675): Sending signal ...... to read cmd data 
E/Diag_Lib(  675): qmi error code.........:0
E/Diag_Lib(  675): qmi sys error code.........:-5
E/Diag_Lib(  417): Thread state: conn_id=58, state=MAIN_THREAD_WAIT_SELECT
E/Diag_Lib(  675): qmi_client [675] 1: sending 896 bytes on fd = 36
E/Diag_Lib(  417): Thread state: conn_id=58, state=MAIN_THREAD_CLIENT_RECV
E/Diag_Lib(  417): qmuxd: RX 896 bytes on fd=30 from qmux_client_id=0x1
E/Diag_Lib(  417): Thread state: conn_id=2, state=RX_THREAD_CLIENT_TX
E/Diag_Lib(  417): Thread state: conn_id=58, state=MAIN_THREAD_MODEM_TX
E/Diag_Lib(  417): qmi_qmux: TX/RX - RX 24 bytes on conn_id=2
E/Diag_Lib(  417): 01 17 00 80 00 00 01 03 22 00 0C 00 02 04 00 00 
E/Diag_Lib(  417): qmi_qmux_open_connection: connection is disabled for conn_id=29
E/Diag_Lib(  417): 00 00 00 01 02 00 01 06 
E/Diag_Lib(  417): qmi_qmux_tx_msg: failed to open inactive connd_id=29
E/Diag_Lib(  417):  Striping of the standard result code ...
E/Diag_Lib(  417): Sending control message with message id:21
E/Diag_Lib(  417): Adding client 6, service 1, conn_id=2...
E/Diag_Lib(  417): .... for qmux_client_id = 0, in slot 1, for clnt_srv_info=b5c291a8
E/Diag_Lib(  417): qmi_qmux: TX failed, connection inactive or in reset, conn_id=29, status_flags=4
E/Diag_Lib(  417): qmuxd: TX message on fd=29, to qmux_client_id=0x0, len=896
E/Diag_Lib(  417): qmi_ctl_tx_msg: qmi_qmux_tx_msg failed
E/Diag_Lib(  417): qmi_ctl_handle_request: qmi_ctl_tx_msg call failed
E/Diag_Lib(  417): Thread state: conn_id=2, state=RX_THREAD_WAIT_POLL
E/Diag_Lib(  417): qmi_qmux_tx_msg failed....replying back to client
E/Diag_Lib(  417): qmuxd: TX message on fd=30, to qmux_client_id=0x1, len=896
E/Diag_Lib(  675): qmi_client [675] 1: Received 896 bytes on fd = 36
E/Diag_Lib(  675): Sending signal ...... to read cmd data 
E/Diag_Lib(  675): qmi error code.........:0
E/Diag_Lib(  675): qmi sys error code.........:-5
E/Diag_Lib(  417): Thread state: conn_id=58, state=MAIN_THREAD_WAIT_SELECT
E/Diag_Lib(  675): qmi_client [675] 1: sending 896 bytes on fd = 36
E/Diag_Lib(  417): Thread state: conn_id=58, state=MAIN_THREAD_CLIENT_RECV
E/Diag_Lib(  417): qmuxd: RX 896 bytes on fd=29 from qmux_client_id=0x0
E/Diag_Lib(  417): Thread state: conn_id=58, state=MAIN_THREAD_MODEM_TX
E/Diag_Lib(  417): Sending control message with message id:22
E/Diag_Lib(  417): qmi_qmux: TX/RX - TX 16 bytes on conn_id=2
E/Diag_Lib(  417): 01 0F 00 00 00 00 00 04 22 00 04 00 01 01 00 04 
E/Diag_Lib(  417): Thread state: conn_id=58, state=MAIN_THREAD_CLIENT_RECV
E/Diag_Lib(  417): qmuxd: RX 896 bytes on fd=30 from qmux_client_id=0x1
E/Diag_Lib(  417): Thread state: conn_id=58, state=MAIN_THREAD_MODEM_TX
E/Diag_Lib(  417): qmi_qmux_open_connection: connection is disabled for conn_id=48
E/Diag_Lib(  417): qmi_qmux_tx_msg: failed to open inactive connd_id=48
E/Diag_Lib(  417): qmi_ctl_handle_reg_srvc_avail_req: Requesting for new service id:18
E/Diag_Lib(  417): Service requested is already in the list
E/Diag_Lib(  417): Sending control message with message id:2e
E/Diag_Lib(  417): qmi_qmux: TX failed, connection inactive or in reset, conn_id=48, status_flags=4
E/Diag_Lib(  417): qmi_ctl_tx_msg: qmi_qmux_tx_msg failed
E/Diag_Lib(  417): qmi_ctl_handle_request: qmi_ctl_tx_msg call failed
E/Diag_Lib(  417): qmi_qmux_tx_msg failed....replying back to client
E/Diag_Lib(  417): qmuxd: TX message on fd=30, to qmux_client_id=0x1, len=896
E/Diag_Lib(  417): Thread state: conn_id=2, state=RX_THREAD_WAIT_READ
E/Diag_Lib(  417): Thread state: conn_id=2, state=RX_THREAD_CLIENT_TX
E/Diag_Lib(  675): qmi_client [675] 1: Received 896 bytes on fd = 36
E/Diag_Lib(  417): qmi_qmux: TX/RX - RX 24 bytes on conn_id=2
E/Diag_Lib(  417): 01 17 00 80 00 00 01 04 22 00 0C 00 02 04 00 00 
E/Diag_Lib(  675): Sending signal ...... to read cmd data 
E/Diag_Lib(  417): 00 00 00 01 02 00 04 01 
E/Diag_Lib(  417):  Striping of the standard result code ...
E/Diag_Lib(  675): qmi error code.........:0
E/Diag_Lib(  675): qmi sys error code.........:-5
E/Diag_Lib(  417): Thread state: conn_id=58, state=MAIN_THREAD_WAIT_SELECT
E/Diag_Lib(  417): Thread state: conn_id=58, state=MAIN_THREAD_CLIENT_RECV
E/Diag_Lib(  417): qmuxd: RX 896 bytes on fd=30 from qmux_client_id=0x1
E/Diag_Lib(  675): Getting service version from cache: Conn_id 0, Service 24, Major version 1, Minor version 0..........
E/Diag_Lib(  417): Thread state: conn_id=58, state=MAIN_THREAD_MODEM_TX
E/Diag_Lib(  675):  Sending message control to modem for getting version information..........
E/Diag_Lib(  417): qmi_qmux_open_connection: connection is disabled for conn_id=29
E/Diag_Lib(  675): qmi_client [675] 1: sending 896 bytes on fd = 36
E/Diag_Lib(  417): qmi_qmux_tx_msg: failed to open inactive connd_id=29
E/Diag_Lib(  417): qmi_ctl_handle_reg_srvc_avail_req: Requesting for new service id:18
E/Diag_Lib(  417): Service requested is already in the list
E/Diag_Lib(  417): Sending control message with message id:2e
E/Diag_Lib(  417): qmi_qmux: TX failed, connection inactive or in reset, conn_id=29, status_flags=4
E/Diag_Lib(  417): qmuxd: TX message on fd=29, to qmux_client_id=0x0, len=896
E/Diag_Lib(  417): qmi_ctl_tx_msg: qmi_qmux_tx_msg failed
E/Diag_Lib(  417): qmi_ctl_handle_request: qmi_ctl_tx_msg call failed
E/Diag_Lib(  417): qmi_qmux_tx_msg failed....replying back to client
E/Diag_Lib(  417): Thread state: conn_id=2, state=RX_THREAD_WAIT_POLL
E/Diag_Lib(  417): qmuxd: TX message on fd=30, to qmux_client_id=0x1, len=896
E/Diag_Lib(  675): qmi_client [675] 1: Received 896 bytes on fd = 36
E/Diag_Lib(  675): Sending signal ...... to read cmd data 
E/Diag_Lib(  675): qmi error code.........:0
E/Diag_Lib(  675): qmi sys error code.........:-5
E/Diag_Lib(  417): Thread state: conn_id=58, state=MAIN_THREAD_WAIT_SELECT
E/Diag_Lib(  675):  Sending message control to modem for getting version information..........
E/Diag_Lib(  675): qmi_client [675] 1: sending 896 bytes on fd = 36
E/Diag_Lib(  417): Thread state: conn_id=58, state=MAIN_THREAD_CLIENT_RECV
E/Diag_Lib(  417): qmuxd: RX 896 bytes on fd=29 from qmux_client_id=0x0
E/Diag_Lib(  417): Thread state: conn_id=58, state=MAIN_THREAD_MODEM_TX
E/Diag_Lib(  417): Sending control message with message id:22
E/Diag_Lib(  417): qmi_qmux: TX/RX - TX 16 bytes on conn_id=3
E/Diag_Lib(  417): 01 0F 00 00 00 00 00 02 22 00 04 00 01 01 00 01 
E/Diag_Lib(  417): Thread state: conn_id=58, state=MAIN_THREAD_CLIENT_RECV
E/Diag_Lib(  417): qmuxd: RX 896 bytes on fd=30 from qmux_client_id=0x1
E/Diag_Lib(  417): Thread state: conn_id=58, state=MAIN_THREAD_MODEM_TX
E/Diag_Lib(  417): qmi_qmux_open_connection: connection is disabled for conn_id=29
E/Diag_Lib(  417): qmi_qmux_tx_msg: failed to open inactive connd_id=29
E/Diag_Lib(  417): Sending control message with message id:21
E/Diag_Lib(  417): qmi_qmux: TX failed, connection inactive or in reset, conn_id=29, status_flags=4
E/Diag_Lib(  417): qmi_ctl_tx_msg: qmi_qmux_tx_msg failed
E/Diag_Lib(  417): qmi_ctl_handle_request: qmi_ctl_tx_msg call failed
E/Diag_Lib(  417): qmi_qmux_tx_msg failed....replying back to client
E/Diag_Lib(  417): qmuxd: TX message on fd=30, to qmux_client_id=0x1, len=896
E/Diag_Lib(  675): qmi_client [675] 1: Received 896 bytes on fd = 36
E/Diag_Lib(  675): Sending signal ...... to read cmd data 
E/Diag_Lib(  417): Thread state: conn_id=3, state=RX_THREAD_WAIT_READ
E/Diag_Lib(  675): qmi error code.........:0
E/Diag_Lib(  675): qmi sys error code.........:-5
E/Diag_Lib(  417): Thread state: conn_id=58, state=MAIN_THREAD_WAIT_SELECT
E/Diag_Lib(  675): qmi_client [675] 1: sending 896 bytes on fd = 36
E/Diag_Lib(  417): Thread state: conn_id=58, state=MAIN_THREAD_CLIENT_RECV
E/Diag_Lib(  417): qmuxd: RX 896 bytes on fd=30 from qmux_client_id=0x1
E/Diag_Lib(  417): Thread state: conn_id=58, state=MAIN_THREAD_MODEM_TX
E/Diag_Lib(  417): qmi_qmux_open_connection: connection is disabled for conn_id=48
E/Diag_Lib(  417): Thread state: conn_id=3, state=RX_THREAD_CLIENT_TX
E/Diag_Lib(  417): qmi_qmux_tx_msg: failed to open inactive connd_id=48
E/Diag_Lib(  417): qmi_qmux: TX/RX - RX 24 bytes on conn_id=3
E/Diag_Lib(  417): Sending control message with message id:21
E/Diag_Lib(  417): 01 17 00 80 00 00 01 02 22 00 0C 00 02 04 00 00 
E/Diag_Lib(  417): 00 00 00 01 02 00 01 07 
E/Diag_Lib(  417): qmi_qmux: TX failed, connection inactive or in reset, conn_id=48, status_flags=4
E/Diag_Lib(  417):  Striping of the standard result code ...
E/Diag_Lib(  417): qmi_ctl_tx_msg: qmi_qmux_tx_msg failed
E/Diag_Lib(  417): qmuxd: TX message on fd=29, to qmux_client_id=0x0, len=896
E/Diag_Lib(  417): qmi_ctl_handle_request: qmi_ctl_tx_msg call failed
E/Diag_Lib(  417): qmi_qmux_tx_msg failed....replying back to client
E/Diag_Lib(  417): Thread state: conn_id=3, state=RX_THREAD_WAIT_POLL
E/Diag_Lib(  417): qmuxd: TX message on fd=30, to qmux_client_id=0x1, len=896
E/Diag_Lib(  675): qmi_client [675] 1: Received 896 bytes on fd = 36
E/Diag_Lib(  675): Sending signal ...... to read cmd data 
E/Diag_Lib(  675): qmi error code.........:0
E/Diag_Lib(  675): qmi sys error code.........:-5
E/Diag_Lib(  417): Thread state: conn_id=58, state=MAIN_THREAD_WAIT_SELECT
E/Diag_Lib(  675): qmi_client [675] 1: sending 896 bytes on fd = 36
E/Diag_Lib(  417): Thread state: conn_id=58, state=MAIN_THREAD_CLIENT_RECV
E/Diag_Lib(  417): qmuxd: RX 896 bytes on fd=29 from qmux_client_id=0x0
E/Diag_Lib(  417): Thread state: conn_id=58, state=MAIN_THREAD_MODEM_TX
E/Diag_Lib(  417): Sending control message with message id:22
E/Diag_Lib(  417): qmi_qmux: TX/RX - TX 16 bytes on conn_id=3
E/Diag_Lib(  417): 01 0F 00 00 00 00 00 03 22 00 04 00 01 01 00 01 
E/Diag_Lib(  417): Thread state: conn_id=58, state=MAIN_THREAD_CLIENT_RECV
E/Diag_Lib(  417): qmuxd: RX 896 bytes on fd=30 from qmux_client_id=0x1
E/Diag_Lib(  417): Thread state: conn_id=58, state=MAIN_THREAD_MODEM_TX
E/Diag_Lib(  417): qmi_qmux_open_connection: connection is disabled for conn_id=29
E/Diag_Lib(  417): qmi_qmux_tx_msg: failed to open inactive connd_id=29
E/Diag_Lib(  417): qmi_ctl_handle_reg_srvc_avail_req: Requesting for new service id:18
E/Diag_Lib(  417): Service requested is already in the list
E/Diag_Lib(  417): Sending control message with message id:2e
E/Diag_Lib(  417): qmi_qmux: TX failed, connection inactive or in reset, conn_id=29, status_flags=4
E/Diag_Lib(  417): qmi_ctl_tx_msg: qmi_qmux_tx_msg failed
E/Diag_Lib(  417): qmi_ctl_handle_request: qmi_ctl_tx_msg call failed
E/Diag_Lib(  417): qmi_qmux_tx_msg failed....replying back to client
E/Diag_Lib(  417): qmuxd: TX message on fd=30, to qmux_client_id=0x1, len=896
E/Diag_Lib(  417): Thread state: conn_id=3, state=RX_THREAD_WAIT_READ
E/Diag_Lib(  675): qmi_client [675] 1: Received 896 bytes on fd = 36
E/Diag_Lib(  417): Thread state: conn_id=3, state=RX_THREAD_CLIENT_TX
E/Diag_Lib(  417): qmi_qmux: TX/RX - RX 24 bytes on conn_id=3
E/Diag_Lib(  417): 01 17 00 80 00 00 01 03 22 00 0C 00 02 04 00 00 
E/Diag_Lib(  675): Sending signal ...... to read cmd data 
E/Diag_Lib(  417): 00 00 00 01 02 00 01 08 
E/Diag_Lib(  675): qmi error code.........:0
E/Diag_Lib(  675): qmi sys error code.........:-5
E/Diag_Lib(  417): Thread state: conn_id=58, state=MAIN_THREAD_WAIT_SELECT
E/Diag_Lib(  675):  Sending message control to modem for getting version information..........
E/Diag_Lib(  417): Thread state: conn_id=58, state=MAIN_THREAD_CLIENT_RECV
E/Diag_Lib(  675): qmi_client [675] 1: sending 896 bytes on fd = 36
E/Diag_Lib(  417): qmuxd: RX 896 bytes on fd=30 from qmux_client_id=0x1
E/Diag_Lib(  417):  Striping of the standard result code ...
E/Diag_Lib(  417): Thread state: conn_id=58, state=MAIN_THREAD_MODEM_TX
E/Diag_Lib(  417): Adding client 8, service 1, conn_id=3...
E/Diag_Lib(  417): qmi_qmux_open_connection: connection is disabled for conn_id=48
E/Diag_Lib(  417): .... for qmux_client_id = 0, in slot 1, for clnt_srv_info=b64371c0
E/Diag_Lib(  417): qmi_qmux_tx_msg: failed to open inactive connd_id=48
E/Diag_Lib(  417): qmuxd: TX message on fd=29, to qmux_client_id=0x0, len=896
E/Diag_Lib(  417): qmi_ctl_handle_reg_srvc_avail_req: Requesting for new service id:18
E/Diag_Lib(  417): Service requested is already in the list
E/Diag_Lib(  417): Thread state: conn_id=3, state=RX_THREAD_WAIT_POLL
E/Diag_Lib(  417): Sending control message with message id:2e
E/Diag_Lib(  417): qmi_qmux: TX failed, connection inactive or in reset, conn_id=48, status_flags=4
E/Diag_Lib(  417): qmi_ctl_tx_msg: qmi_qmux_tx_msg failed
E/Diag_Lib(  417): qmi_ctl_handle_request: qmi_ctl_tx_msg call failed
E/Diag_Lib(  417): qmi_qmux_tx_msg failed....replying back to client
E/Diag_Lib(  417): qmuxd: TX message on fd=30, to qmux_client_id=0x1, len=896
E/Diag_Lib(  675): qmi_client [675] 1: Received 896 bytes on fd = 36
E/Diag_Lib(  675): Sending signal ...... to read cmd data 
E/Diag_Lib(  675): qmi error code.........:0
E/Diag_Lib(  675): qmi sys error code.........:-5
E/Diag_Lib(  417): Thread state: conn_id=58, state=MAIN_THREAD_WAIT_SELECT
E/Diag_Lib(  417): Thread state: conn_id=58, state=MAIN_THREAD_CLIENT_RECV
E/Diag_Lib(  675): Getting service version from cache: Conn_id 0, Service 24, Major version 1, Minor version 0..........
E/Diag_Lib(  417): qmuxd: RX 896 bytes on fd=29 from qmux_client_id=0x0
E/Diag_Lib(  675):  Sending message control to modem for getting version information..........
E/Diag_Lib(  675): qmi_client [675] 1: sending 896 bytes on fd = 36
E/Diag_Lib(  417): Thread state: conn_id=58, state=MAIN_THREAD_MODEM_TX
E/Diag_Lib(  417): Sending control message with message id:22
E/Diag_Lib(  417): qmi_qmux: TX/RX - TX 16 bytes on conn_id=3
E/Diag_Lib(  417): 01 0F 00 00 00 00 00 04 22 00 04 00 01 01 00 04 
E/Diag_Lib(  417): Thread state: conn_id=58, state=MAIN_THREAD_CLIENT_RECV
E/Diag_Lib(  417): qmuxd: RX 896 bytes on fd=30 from qmux_client_id=0x1
E/Diag_Lib(  417): Thread state: conn_id=58, state=MAIN_THREAD_MODEM_TX
E/Diag_Lib(  417): qmi_qmux_open_connection: connection is disabled for conn_id=48
E/Diag_Lib(  417): qmi_qmux_tx_msg: failed to open inactive connd_id=48
E/Diag_Lib(  417): Sending control message with message id:21
E/Diag_Lib(  417): qmi_qmux: TX failed, connection inactive or in reset, conn_id=48, status_flags=4
E/Diag_Lib(  417): qmi_ctl_tx_msg: qmi_qmux_tx_msg failed
E/Diag_Lib(  417): qmi_ctl_handle_request: qmi_ctl_tx_msg call failed
E/Diag_Lib(  417): qmi_qmux_tx_msg failed....replying back to client
E/Diag_Lib(  417): qmuxd: TX message on fd=30, to qmux_client_id=0x1, len=896
E/Diag_Lib(  417): Thread state: conn_id=3, state=RX_THREAD_WAIT_READ
E/Diag_Lib(  675): qmi_client [675] 1: Received 896 bytes on fd = 36
E/Diag_Lib(  417): Thread state: conn_id=3, state=RX_THREAD_CLIENT_TX
E/Diag_Lib(  675): Sending signal ...... to read cmd data 
E/Diag_Lib(  417): qmi_qmux: TX/RX - RX 24 bytes on conn_id=3
E/Diag_Lib(  417): 01 17 00 80 00 00 01 04 22 00 0C 00 02 04 00 00 
E/Diag_Lib(  417): 00 00 00 01 02 00 04 01 
E/Diag_Lib(  417): Thread state: conn_id=58, state=MAIN_THREAD_WAIT_SELECT
E/Diag_Lib(  675): qmi error code.........:0
E/Diag_Lib(  675): qmi sys error code.........:-5
E/Diag_Lib(  417): Thread state: conn_id=58, state=MAIN_THREAD_CLIENT_RECV
E/Diag_Lib(  675): qmi_client [675] 1: sending 896 bytes on fd = 36
E/Diag_Lib(  417): qmuxd: RX 896 bytes on fd=30 from qmux_client_id=0x1
E/Diag_Lib(  417): Thread state: conn_id=58, state=MAIN_THREAD_MODEM_TX
E/Diag_Lib(  417): qmi_qmux_open_connection: connection is disabled for conn_id=29
E/Diag_Lib(  417):  Striping of the standard result code ...
E/Diag_Lib(  417): qmi_qmux_tx_msg: failed to open inactive connd_id=29
E/Diag_Lib(  417): Sending control message with message id:21
E/Diag_Lib(  417): qmuxd: TX message on fd=29, to qmux_client_id=0x0, len=896
E/Diag_Lib(  417): qmi_qmux: TX failed, connection inactive or in reset, conn_id=29, status_flags=4
E/Diag_Lib(  417): Thread state: conn_id=3, state=RX_THREAD_WAIT_POLL
E/Diag_Lib(  417): qmi_ctl_tx_msg: qmi_qmux_tx_msg failed
E/Diag_Lib(  417): qmi_ctl_handle_request: qmi_ctl_tx_msg call failed
E/Diag_Lib(  417): qmi_qmux_tx_msg failed....replying back to client
E/Diag_Lib(  417): qmuxd: TX message on fd=30, to qmux_client_id=0x1, len=896
E/Diag_Lib(  675): qmi_client [675] 1: Received 896 bytes on fd = 36
E/Diag_Lib(  675): Sending signal ...... to read cmd data 
E/Diag_Lib(  675): qmi error code.........:0
E/Diag_Lib(  675): qmi sys error code.........:-5
E/Diag_Lib(  417): Thread state: conn_id=58, state=MAIN_THREAD_WAIT_SELECT
E/Diag_Lib(  675): qmi_client [675] 1: sending 896 bytes on fd = 36
E/Diag_Lib(  417): Thread state: conn_id=58, state=MAIN_THREAD_CLIENT_RECV
E/Diag_Lib(  417): qmuxd: RX 896 bytes on fd=29 from qmux_client_id=0x0
E/Diag_Lib(  417): Thread state: conn_id=58, state=MAIN_THREAD_MODEM_TX
E/Diag_Lib(  417): Sending control message with message id:22
E/Diag_Lib(  417): qmi_qmux: TX/RX - TX 16 bytes on conn_id=4
E/Diag_Lib(  417): 01 0F 00 00 00 00 00 02 22 00 04 00 01 01 00 01 
E/Diag_Lib(  417): Thread state: conn_id=58, state=MAIN_THREAD_CLIENT_RECV
E/Diag_Lib(  417): qmuxd: RX 896 bytes on fd=30 from qmux_client_id=0x1
E/Diag_Lib(  417): Thread state: conn_id=58, state=MAIN_THREAD_MODEM_TX
E/Diag_Lib(  417): qmi_qmux_open_connection: connection is disabled for conn_id=48
E/Diag_Lib(  417): qmi_qmux_tx_msg: failed to open inactive connd_id=48
E/Diag_Lib(  417): qmi_ctl_handle_reg_srvc_avail_req: Requesting for new service id:18
E/Diag_Lib(  417): Service requested is already in the list
E/Diag_Lib(  417): Sending control message with message id:2e
E/Diag_Lib(  417): qmi_qmux: TX failed, connection inactive or in reset, conn_id=48, status_flags=4
E/Diag_Lib(  417): qmi_ctl_tx_msg: qmi_qmux_tx_msg failed
E/Diag_Lib(  417): qmi_ctl_handle_request: qmi_ctl_tx_msg call failed
E/Diag_Lib(  417): qmi_qmux_tx_msg failed....replying back to client
E/Diag_Lib(  417): qmuxd: TX message on fd=30, to qmux_client_id=0x1, len=896
E/Diag_Lib(  675): qmi_client [675] 1: Received 896 bytes on fd = 36
E/Diag_Lib(  417): Thread state: conn_id=4, state=RX_THREAD_WAIT_READ
E/Diag_Lib(  675): Sending signal ...... to read cmd data 
E/Diag_Lib(  675): qmi error code.........:0
E/Diag_Lib(  675): qmi sys error code.........:-5
E/Diag_Lib(  417): Thread state: conn_id=58, state=MAIN_THREAD_WAIT_SELECT
E/Diag_Lib(  417): Thread state: conn_id=58, state=MAIN_THREAD_CLIENT_RECV
E/Diag_Lib(  417): Thread state: conn_id=4, state=RX_THREAD_CLIENT_TX
E/Diag_Lib(  417): qmuxd: RX 896 bytes on fd=30 from qmux_client_id=0x1
E/Diag_Lib(  417): qmi_qmux: TX/RX - RX 24 bytes on conn_id=4
E/Diag_Lib(  417): 01 17 00 80 00 00 01 02 22 00 0C 00 02 04 00 00 
E/Diag_Lib(  417): 00 00 00 01 02 00 01 09 
E/Diag_Lib(  417): Thread state: conn_id=58, state=MAIN_THREAD_MODEM_TX
E/Diag_Lib(  417):  Striping of the standard result code ...
E/Diag_Lib(  417): qmi_qmux_open_connection: connection is disabled for conn_id=29
E/Diag_Lib(  417): qmi_qmux_tx_msg: failed to open inactive connd_id=29
E/Diag_Lib(  417): qmuxd: TX message on fd=29, to qmux_client_id=0x0, len=896
E/Diag_Lib(  417): qmi_ctl_handle_reg_srvc_avail_req: Requesting for new service id:18
E/Diag_Lib(  417): Service requested is already in the list
E/Diag_Lib(  417): Thread state: conn_id=4, state=RX_THREAD_WAIT_POLL
E/Diag_Lib(  417): Sending control message with message id:2e
E/Diag_Lib(  417): qmi_qmux: TX failed, connection inactive or in reset, conn_id=29, status_flags=4
E/Diag_Lib(  417): qmi_ctl_tx_msg: qmi_qmux_tx_msg failed
E/Diag_Lib(  417): qmi_ctl_handle_request: qmi_ctl_tx_msg call failed
E/Diag_Lib(  417): qmi_qmux_tx_msg failed....replying back to client
E/Diag_Lib(  417): qmuxd: TX message on fd=30, to qmux_client_id=0x1, len=896
E/Diag_Lib(  675): qmi_client [675] 1: Received 896 bytes on fd = 36
E/Diag_Lib(  675): Sending signal ...... to read cmd data 
E/Diag_Lib(  675): qmi error code.........:0
E/Diag_Lib(  675): qmi sys error code.........:-5
E/Diag_Lib(  675):  Sending message control to modem for getting version information..........
E/Diag_Lib(  675): qmi_client [675] 1: sending 896 bytes on fd = 36
E/Diag_Lib(  675): qmi error code.........:0
E/Diag_Lib(  675): qmi sys error code.........:-5
E/Diag_Lib(  675): Getting service version from cache: Conn_id 0, Service 24, Major version 1, Minor version 0..........
E/Diag_Lib(  675):  Sending message control to modem for getting version information..........
E/Diag_Lib(  675): qmi_client [675] 1: sending 896 bytes on fd = 36
E/Diag_Lib(  675): qmi error code.........:0
E/Diag_Lib(  675): qmi sys error code.........:-5
E/Diag_Lib(  675): qmi_client [675] 1: sending 896 bytes on fd = 36
E/Diag_Lib(  417): Thread state: conn_id=58, state=MAIN_THREAD_WAIT_SELECT
E/Diag_Lib(  417): Thread state: conn_id=58, state=MAIN_THREAD_CLIENT_RECV
E/Diag_Lib(  417): qmuxd: RX 896 bytes on fd=29 from qmux_client_id=0x0
E/Diag_Lib(  417): Thread state: conn_id=58, state=MAIN_THREAD_MODEM_TX
E/Diag_Lib(  417): Sending control message with message id:22
E/Diag_Lib(  417): qmi_qmux: TX/RX - TX 16 bytes on conn_id=4
E/Diag_Lib(  417): 01 0F 00 00 00 00 00 03 22 00 04 00 01 01 00 01 
E/Diag_Lib(  417): Thread state: conn_id=58, state=MAIN_THREAD_CLIENT_RECV
E/Diag_Lib(  417): qmuxd: RX 896 bytes on fd=30 from qmux_client_id=0x1
E/Diag_Lib(  417): Thread state: conn_id=58, state=MAIN_THREAD_MODEM_TX
E/Diag_Lib(  417): qmi_qmux_open_connection: connection is disabled for conn_id=48
E/Diag_Lib(  417): qmi_qmux_tx_msg: failed to open inactive connd_id=48
E/Diag_Lib(  417): Sending control message with message id:21
E/Diag_Lib(  417): qmi_qmux: TX failed, connection inactive or in reset, conn_id=48, status_flags=4
E/Diag_Lib(  417): qmi_ctl_tx_msg: qmi_qmux_tx_msg failed
E/Diag_Lib(  417): qmi_ctl_handle_request: qmi_ctl_tx_msg call failed
E/Diag_Lib(  417): qmi_qmux_tx_msg failed....replying back to client
E/Diag_Lib(  417): qmuxd: TX message on fd=30, to qmux_client_id=0x1, len=896
E/Diag_Lib(  417): Thread state: conn_id=4, state=RX_THREAD_WAIT_READ
E/Diag_Lib(  675): qmi_client [675] 1: Received 896 bytes on fd = 36
E/Diag_Lib(  675): Sending signal ...... to read cmd data 
E/Diag_Lib(  417): Thread state: conn_id=4, state=RX_THREAD_CLIENT_TX
E/Diag_Lib(  675): qmi error code.........:0
E/Diag_Lib(  675): qmi sys error code.........:-5
E/Diag_Lib(  417): Thread state: conn_id=58, state=MAIN_THREAD_WAIT_SELECT
E/Diag_Lib(  675): qmi_client [675] 1: sending 896 bytes on fd = 36
E/Diag_Lib(  417): Thread state: conn_id=58, state=MAIN_THREAD_CLIENT_RECV
E/Diag_Lib(  417): qmuxd: RX 896 bytes on fd=30 from qmux_client_id=0x1
E/Diag_Lib(  417): qmi_qmux: TX/RX - RX 24 bytes on conn_id=4
E/Diag_Lib(  417): 01 17 00 80 00 00 01 03 22 00 0C 00 02 04 00 00 
E/Diag_Lib(  417): Thread state: conn_id=58, state=MAIN_THREAD_MODEM_TX
E/Diag_Lib(  417): 00 00 00 01 02 00 01 0A 
E/Diag_Lib(  417): qmi_qmux_open_connection: connection is disabled for conn_id=29
E/Diag_Lib(  417):  Striping of the standard result code ...
E/Diag_Lib(  417): qmi_qmux_tx_msg: failed to open inactive connd_id=29
E/Diag_Lib(  417): Adding client 10, service 1, conn_id=4...
E/Diag_Lib(  417): Sending control message with message id:21
E/Diag_Lib(  417): .... for qmux_client_id = 0, in slot 1, for clnt_srv_info=b5c29208
E/Diag_Lib(  417): qmuxd: TX message on fd=29, to qmux_client_id=0x0, len=896
E/Diag_Lib(  417): qmi_qmux: TX failed, connection inactive or in reset, conn_id=29, status_flags=4
E/Diag_Lib(  417): qmi_ctl_tx_msg: qmi_qmux_tx_msg failed
E/Diag_Lib(  417): Thread state: conn_id=4, state=RX_THREAD_WAIT_POLL
E/Diag_Lib(  417): qmi_ctl_handle_request: qmi_ctl_tx_msg call failed
E/Diag_Lib(  417): qmi_qmux_tx_msg failed....replying back to client
E/Diag_Lib(  417): qmuxd: TX message on fd=30, to qmux_client_id=0x1, len=896
E/Diag_Lib(  675): qmi_client [675] 1: Received 896 bytes on fd = 36
E/Diag_Lib(  675): Sending signal ...... to read cmd data 
E/Diag_Lib(  675): qmi error code.........:0
E/Diag_Lib(  675): qmi sys error code.........:-5
E/Diag_Lib(  675): qmi_client [675] 1: sending 896 bytes on fd = 36
E/Diag_Lib(  417): Thread state: conn_id=58, state=MAIN_THREAD_WAIT_SELECT
E/Diag_Lib(  417): Thread state: conn_id=58, state=MAIN_THREAD_CLIENT_RECV
E/Diag_Lib(  417): qmuxd: RX 896 bytes on fd=29 from qmux_client_id=0x0
E/Diag_Lib(  417): Thread state: conn_id=58, state=MAIN_THREAD_MODEM_TX
E/Diag_Lib(  417): Sending control message with message id:22
E/Diag_Lib(  417): qmi_qmux: TX/RX - TX 16 bytes on conn_id=4
E/Diag_Lib(  417): 01 0F 00 00 00 00 00 04 22 00 04 00 01 01 00 04 
E/Diag_Lib(  417): Thread state: conn_id=58, state=MAIN_THREAD_CLIENT_RECV
E/Diag_Lib(  417): qmuxd: RX 896 bytes on fd=30 from qmux_client_id=0x1
E/Diag_Lib(  417): Thread state: conn_id=58, state=MAIN_THREAD_MODEM_TX
E/Diag_Lib(  417): qmi_qmux_open_connection: connection is disabled for conn_id=29
E/Diag_Lib(  417): qmi_qmux_tx_msg: failed to open inactive connd_id=29
E/Diag_Lib(  417): qmi_ctl_handle_reg_srvc_avail_req: Requesting for new service id:17
E/Diag_Lib(  417): New service request, added to list
E/Diag_Lib(  417): Sending control message with message id:2e
E/Diag_Lib(  417): qmi_qmux: TX failed, connection inactive or in reset, conn_id=29, status_flags=4
E/Diag_Lib(  417): qmi_ctl_tx_msg: qmi_qmux_tx_msg failed
E/Diag_Lib(  417): qmi_ctl_handle_request: qmi_ctl_tx_msg call failed
E/Diag_Lib(  417): qmi_qmux_tx_msg failed....replying back to client
E/Diag_Lib(  417): qmuxd: TX message on fd=30, to qmux_client_id=0x1, len=896
E/Diag_Lib(  417): Thread state: conn_id=4, state=RX_THREAD_WAIT_READ
E/Diag_Lib(  675): qmi_client [675] 1: Received 896 bytes on fd = 36
E/Diag_Lib(  417): Thread state: conn_id=4, state=RX_THREAD_CLIENT_TX
E/Diag_Lib(  417): qmi_qmux: TX/RX - RX 24 bytes on conn_id=4
E/Diag_Lib(  417): 01 17 00 80 00 00 01 04 22 00 0C 00 02 04 00 00 
E/Diag_Lib(  675): Sending signal ...... to read cmd data 
E/Diag_Lib(  417): 00 00 00 01 02 00 04 01 
E/Diag_Lib(  417):  Striping of the standard result code ...
E/Diag_Lib(  675): qmi error code.........:0
E/Diag_Lib(  675): qmi sys error code.........:-5
E/Diag_Lib(  675):  Sending message control to modem for getting version information..........
E/Diag_Lib(  675): qmi_client [675] 1: sending 896 bytes on fd = 36
E/Diag_Lib(  417): Thread state: conn_id=58, state=MAIN_THREAD_WAIT_SELECT
E/Diag_Lib(  417): qmuxd: TX message on fd=29, to qmux_client_id=0x0, len=896
E/Diag_Lib(  417): Thread state: conn_id=4, state=RX_THREAD_WAIT_POLL
E/Diag_Lib(  417): Thread state: conn_id=58, state=MAIN_THREAD_CLIENT_RECV
E/Diag_Lib(  417): qmuxd: RX 896 bytes on fd=30 from qmux_client_id=0x1
E/Diag_Lib(  417): Thread state: conn_id=58, state=MAIN_THREAD_MODEM_TX
E/Diag_Lib(  417): qmi_qmux_open_connection: connection is disabled for conn_id=48
E/Diag_Lib(  417): qmi_qmux_tx_msg: failed to open inactive connd_id=48
E/Diag_Lib(  417): qmi_ctl_handle_reg_srvc_avail_req: Requesting for new service id:18
E/Diag_Lib(  417): Service requested is already in the list
E/Diag_Lib(  417): Sending control message with message id:2e
E/Diag_Lib(  417): qmi_qmux: TX failed, connection inactive or in reset, conn_id=48, status_flags=4
E/Diag_Lib(  417): qmi_ctl_tx_msg: qmi_qmux_tx_msg failed
E/Diag_Lib(  417): qmi_ctl_handle_request: qmi_ctl_tx_msg call failed
E/Diag_Lib(  417): qmi_qmux_tx_msg failed....replying back to client
E/Diag_Lib(  417): qmuxd: TX message on fd=30, to qmux_client_id=0x1, len=896
E/Diag_Lib(  675): qmi_client [675] 1: Received 896 bytes on fd = 36
E/Diag_Lib(  675): Sending signal ...... to read cmd data 
E/Diag_Lib(  675): qmi error code.........:0
E/Diag_Lib(  675): qmi sys error code.........:-5
E/Diag_Lib(  417): Thread state: conn_id=58, state=MAIN_THREAD_WAIT_SELECT
E/Diag_Lib(  417): Thread state: conn_id=58, state=MAIN_THREAD_CLIENT_RECV
E/Diag_Lib(  417): qmuxd: RX 896 bytes on fd=29 from qmux_client_id=0x0
E/Diag_Lib(  417): Thread state: conn_id=58, state=MAIN_THREAD_MODEM_TX
E/Diag_Lib(  417): Sending control message with message id:22
E/Diag_Lib(  417): qmi_qmux: TX/RX - TX 16 bytes on conn_id=5
E/Diag_Lib(  417): 01 0F 00 00 00 00 00 02 22 00 04 00 01 01 00 01 
E/Diag_Lib(  417): Thread state: conn_id=58, state=MAIN_THREAD_CLIENT_RECV
E/Diag_Lib(  417): qmuxd: RX 896 bytes on fd=30 from qmux_client_id=0x1
E/Diag_Lib(  417): Thread state: conn_id=58, state=MAIN_THREAD_MODEM_TX
E/Diag_Lib(  417): qmi_qmux_open_connection: connection is disabled for conn_id=29
E/Diag_Lib(  417): qmi_qmux_tx_msg: failed to open inactive connd_id=29
E/Diag_Lib(  675): Getting service version from cache: Conn_id 0, Service 24, Major version 1, Minor version 0..........
E/Diag_Lib(  417): qmi_ctl_handle_reg_srvc_avail_req: Requesting for new service id:18
E/Diag_Lib(  675):  Sending message control to modem for getting version information..........
E/Diag_Lib(  417): Service requested is already in the list
E/Diag_Lib(  417): Sending control message with message id:2e
E/Diag_Lib(  675): qmi_client [675] 1: sending 896 bytes on fd = 36
E/Diag_Lib(  417): qmi_qmux: TX failed, connection inactive or in reset, conn_id=29, status_flags=4
E/Diag_Lib(  417): qmi_ctl_tx_msg: qmi_qmux_tx_msg failed
E/Diag_Lib(  417): qmi_ctl_handle_request: qmi_ctl_tx_msg call failed
E/Diag_Lib(  417): qmi_qmux_tx_msg failed....replying back to client
E/Diag_Lib(  417): qmuxd: TX message on fd=30, to qmux_client_id=0x1, len=896
E/Diag_Lib(  675): qmi_client [675] 1: Received 896 bytes on fd = 36
E/Diag_Lib(  675): Sending signal ...... to read cmd data 
E/Diag_Lib(  675): qmi error code.........:0
E/Diag_Lib(  675): qmi sys error code.........:-5
E/Diag_Lib(  675):  Sending message control to modem for getting version information..........
E/Diag_Lib(  675): qmi_client [675] 1: sending 896 bytes on fd = 36
E/Diag_Lib(  417): Thread state: conn_id=58, state=MAIN_THREAD_WAIT_SELECT
E/Diag_Lib(  417): Thread state: conn_id=58, state=MAIN_THREAD_CLIENT_RECV
E/Diag_Lib(  417): qmuxd: RX 896 bytes on fd=30 from qmux_client_id=0x1
E/Diag_Lib(  417): Thread state: conn_id=58, state=MAIN_THREAD_MODEM_TX
E/Diag_Lib(  417): qmi_qmux_open_connection: connection is disabled for conn_id=48
E/Diag_Lib(  417): qmi_qmux_tx_msg: failed to open inactive connd_id=48
E/Diag_Lib(  417): Sending control message with message id:21
E/Diag_Lib(  417): qmi_qmux: TX failed, connection inactive or in reset, conn_id=48, status_flags=4
E/Diag_Lib(  417): qmi_ctl_tx_msg: qmi_qmux_tx_msg failed
E/Diag_Lib(  417): qmi_ctl_handle_request: qmi_ctl_tx_msg call failed
E/Diag_Lib(  417): qmi_qmux_tx_msg failed....replying back to client
E/Diag_Lib(  417): qmuxd: TX message on fd=30, to qmux_client_id=0x1, len=896
E/Diag_Lib(  675): qmi_client [675] 1: Received 896 bytes on fd = 36
E/Diag_Lib(  675): Sending signal ...... to read cmd data 
E/Diag_Lib(  675): qmi error code.........:0
E/Diag_Lib(  675): qmi sys error code.........:-5
E/Diag_Lib(  675): qmi_client [675] 1: sending 896 bytes on fd = 36
E/Diag_Lib(  417): Thread state: conn_id=58, state=MAIN_THREAD_WAIT_SELECT
E/Diag_Lib(  417): Thread state: conn_id=58, state=MAIN_THREAD_CLIENT_RECV
E/Diag_Lib(  417): qmuxd: RX 896 bytes on fd=30 from qmux_client_id=0x1
E/Diag_Lib(  417): Thread state: conn_id=58, state=MAIN_THREAD_MODEM_TX
E/Diag_Lib(  417): qmi_qmux_open_connection: connection is disabled for conn_id=29
E/Diag_Lib(  417): qmi_qmux_tx_msg: failed to open inactive connd_id=29
E/Diag_Lib(  417): Sending control message with message id:21
E/Diag_Lib(  417): qmi_qmux: TX failed, connection inactive or in reset, conn_id=29, status_flags=4
E/Diag_Lib(  417): qmi_ctl_tx_msg: qmi_qmux_tx_msg failed
E/Diag_Lib(  417): qmi_ctl_handle_request: qmi_ctl_tx_msg call failed
E/Diag_Lib(  417): qmi_qmux_tx_msg failed....replying back to client
E/Diag_Lib(  417): qmuxd: TX message on fd=30, to qmux_client_id=0x1, len=896
E/Diag_Lib(  675): qmi_client [675] 1: Received 896 bytes on fd = 36
E/Diag_Lib(  675): Sending signal ...... to read cmd data 
E/Diag_Lib(  675): qmi error code.........:0
E/Diag_Lib(  675): qmi sys error code.........:-5
E/Diag_Lib(  417): Thread state: conn_id=58, state=MAIN_THREAD_WAIT_SELECT
E/Diag_Lib(  675): qmi_client [675] 1: sending 896 bytes on fd = 36
E/Diag_Lib(  417): Thread state: conn_id=58, state=MAIN_THREAD_CLIENT_RECV
E/Diag_Lib(  417): qmuxd: RX 896 bytes on fd=30 from qmux_client_id=0x1
E/Diag_Lib(  417): Thread state: conn_id=58, state=MAIN_THREAD_MODEM_TX
E/Diag_Lib(  417): qmi_qmux_open_connection: connection is disabled for conn_id=48
E/Diag_Lib(  417): qmi_qmux_tx_msg: failed to open inactive connd_id=48
E/Diag_Lib(  417): Sending control message with message id:21
E/Diag_Lib(  417): qmi_qmux: TX failed, connection inactive or in reset, conn_id=48, status_flags=4
E/Diag_Lib(  417): qmi_ctl_tx_msg: qmi_qmux_tx_msg failed
E/Diag_Lib(  417): qmi_ctl_handle_request: qmi_ctl_tx_msg call failed
E/Diag_Lib(  417): qmi_qmux_tx_msg failed....replying back to client
E/Diag_Lib(  417): qmuxd: TX message on fd=30, to qmux_client_id=0x1, len=896
E/Diag_Lib(  675): qmi_client [675] 1: Received 896 bytes on fd = 36
E/Diag_Lib(  675): Sending signal ...... to read cmd data 
E/Diag_Lib(  675): qmi error code.........:0
E/Diag_Lib(  675): qmi sys error code.........:-5
E/Diag_Lib(  675): qmi_client [675] 1: sending 896 bytes on fd = 36
E/Diag_Lib(  417): Thread state: conn_id=58, state=MAIN_THREAD_WAIT_SELECT
E/Diag_Lib(  417): Thread state: conn_id=58, state=MAIN_THREAD_CLIENT_RECV
E/Diag_Lib(  417): qmuxd: RX 896 bytes on fd=30 from qmux_client_id=0x1
E/Diag_Lib(  417): Thread state: conn_id=58, state=MAIN_THREAD_MODEM_TX
E/Diag_Lib(  417): qmi_qmux_open_connection: connection is disabled for conn_id=48
E/Diag_Lib(  417): qmi_qmux_tx_msg: failed to open inactive connd_id=48
E/Diag_Lib(  417): qmi_ctl_handle_reg_srvc_avail_req: Requesting for new service id:17
E/Diag_Lib(  417): Service requested is already in the list
E/Diag_Lib(  417): Sending control message with message id:2e
E/Diag_Lib(  417): qmi_qmux: TX failed, connection inactive or in reset, conn_id=48, status_flags=4
E/Diag_Lib(  417): qmi_ctl_tx_msg: qmi_qmux_tx_msg failed
E/Diag_Lib(  417): qmi_ctl_handle_request: qmi_ctl_tx_msg call failed
E/Diag_Lib(  417): qmi_qmux_tx_msg failed....replying back to client
E/Diag_Lib(  417): qmuxd: TX message on fd=30, to qmux_client_id=0x1, len=896
E/Diag_Lib(  675): qmi_client [675] 1: Received 896 bytes on fd = 36
E/Diag_Lib(  675): Sending signal ...... to read cmd data 
E/Diag_Lib(  675): qmi error code.........:0
E/Diag_Lib(  675): qmi sys error code.........:-5
I/ThermalEngine(  675): qmi: Instance id 45 for fusion TS
E/Diag_Lib(  675): Getting service version from cache: Conn_id 0, Service 23, Major version 1, Minor version 0..........
E/Diag_Lib(  675):  Sending message control to modem for getting version information..........
E/Diag_Lib(  675): qmi_client [675] 1: sending 896 bytes on fd = 36
E/Diag_Lib(  417): Thread state: conn_id=58, state=MAIN_THREAD_WAIT_SELECT
E/Diag_Lib(  417): Thread state: conn_id=58, state=MAIN_THREAD_CLIENT_RECV
E/Diag_Lib(  417): qmuxd: RX 896 bytes on fd=30 from qmux_client_id=0x1
E/Diag_Lib(  417): Thread state: conn_id=58, state=MAIN_THREAD_MODEM_TX
E/Diag_Lib(  417): qmi_qmux_open_connection: connection is disabled for conn_id=29
E/Diag_Lib(  417): qmi_qmux_tx_msg: failed to open inactive connd_id=29
E/Diag_Lib(  417): qmi_ctl_handle_reg_srvc_avail_req: Requesting for new service id:18
E/Diag_Lib(  417): Service requested is already in the list
E/Diag_Lib(  417): Sending control message with message id:2e
E/Diag_Lib(  417): qmi_qmux: TX failed, connection inactive or in reset, conn_id=29, status_flags=4
E/Diag_Lib(  417): qmi_ctl_tx_msg: qmi_qmux_tx_msg failed
E/Diag_Lib(  417): qmi_ctl_handle_request: qmi_ctl_tx_msg call failed
E/Diag_Lib(  417): qmi_qmux_tx_msg failed....replying back to client
E/Diag_Lib(  417): qmuxd: TX message on fd=30, to qmux_client_id=0x1, len=896
E/Diag_Lib(  675): qmi_client [675] 1: Received 896 bytes on fd = 36
E/Diag_Lib(  675): Sending signal ...... to read cmd data 
E/Diag_Lib(  675): qmi error code.........:0
E/Diag_Lib(  675): qmi sys error code.........:-5
E/Diag_Lib(  417): Thread state: conn_id=58, state=MAIN_THREAD_WAIT_SELECT
E/Diag_Lib(  675):  Sending message control to modem for getting version information..........
E/Diag_Lib(  675): qmi_client [675] 1: sending 896 bytes on fd = 36
E/Diag_Lib(  417): Thread state: conn_id=58, state=MAIN_THREAD_CLIENT_RECV
E/Diag_Lib(  417): qmuxd: RX 896 bytes on fd=30 from qmux_client_id=0x1
E/Diag_Lib(  417): Thread state: conn_id=58, state=MAIN_THREAD_MODEM_TX
E/Diag_Lib(  417): qmi_qmux_open_connection: connection is disabled for conn_id=48
E/Diag_Lib(  417): qmi_qmux_tx_msg: failed to open inactive connd_id=48
E/Diag_Lib(  417): qmi_ctl_handle_reg_srvc_avail_req: Requesting for new service id:18
E/Diag_Lib(  417): Service requested is already in the list
E/Diag_Lib(  417): Sending control message with message id:2e
E/Diag_Lib(  417): qmi_qmux: TX failed, connection inactive or in reset, conn_id=48, status_flags=4
E/Diag_Lib(  417): qmi_ctl_tx_msg: qmi_qmux_tx_msg failed
E/Diag_Lib(  417): qmi_ctl_handle_request: qmi_ctl_tx_msg call failed
E/Diag_Lib(  417): Thread state: conn_id=5, state=RX_THREAD_WAIT_READ
E/Diag_Lib(  417): qmi_qmux_tx_msg failed....replying back to client
E/Diag_Lib(  417): qmuxd: TX message on fd=30, to qmux_client_id=0x1, len=896
E/Diag_Lib(  675): qmi_client [675] 1: Received 896 bytes on fd = 36
E/Diag_Lib(  675): Sending signal ...... to read cmd data 
E/Diag_Lib(  675): qmi error code.........:0
E/Diag_Lib(  675): qmi sys error code.........:-5
E/Diag_Lib(  417): Thread state: conn_id=5, state=RX_THREAD_CLIENT_TX
E/Diag_Lib(  417): qmi_qmux: TX/RX - RX 24 bytes on conn_id=5
E/Diag_Lib(  417): 01 17 00 80 00 00 01 02 22 00 0C 00 02 04 00 00 
E/Diag_Lib(  417): 00 00 00 01 02 00 01 0B 
E/Diag_Lib(  417):  Striping of the standard result code ...
E/Diag_Lib(  675): Getting service version from cache: Conn_id 0, Service 24, Major version 1, Minor version 0..........
E/Diag_Lib(  675):  Sending message control to modem for getting version information..........
E/Diag_Lib(  675): qmi_client [675] 1: sending 896 bytes on fd = 36
E/Diag_Lib(  417): qmuxd: TX message on fd=29, to qmux_client_id=0x0, len=896
E/Diag_Lib(  417): Thread state: conn_id=5, state=RX_THREAD_WAIT_POLL
E/Diag_Lib(  417): Thread state: conn_id=58, state=MAIN_THREAD_WAIT_SELECT
E/Diag_Lib(  417): Thread state: conn_id=58, state=MAIN_THREAD_CLIENT_RECV
E/Diag_Lib(  417): qmuxd: RX 896 bytes on fd=29 from qmux_client_id=0x0
E/Diag_Lib(  417): Thread state: conn_id=58, state=MAIN_THREAD_MODEM_TX
E/Diag_Lib(  417): Sending control message with message id:22
E/Diag_Lib(  417): qmi_qmux: TX/RX - TX 16 bytes on conn_id=5
E/Diag_Lib(  417): 01 0F 00 00 00 00 00 03 22 00 04 00 01 01 00 01 
E/Diag_Lib(  417): Thread state: conn_id=58, state=MAIN_THREAD_CLIENT_RECV
E/Diag_Lib(  417): qmuxd: RX 896 bytes on fd=30 from qmux_client_id=0x1
E/Diag_Lib(  417): Thread state: conn_id=58, state=MAIN_THREAD_MODEM_TX
E/Diag_Lib(  417): qmi_qmux_open_connection: connection is disabled for conn_id=29
E/Diag_Lib(  417): qmi_qmux_tx_msg: failed to open inactive connd_id=29
E/Diag_Lib(  417): Sending control message with message id:21
E/Diag_Lib(  417): qmi_qmux: TX failed, connection inactive or in reset, conn_id=29, status_flags=4
E/Diag_Lib(  417): qmi_ctl_tx_msg: qmi_qmux_tx_msg failed
E/Diag_Lib(  417): qmi_ctl_handle_request: qmi_ctl_tx_msg call failed
E/Diag_Lib(  417): qmi_qmux_tx_msg failed....replying back to client
E/Diag_Lib(  417): qmuxd: TX message on fd=30, to qmux_client_id=0x1, len=896
E/Diag_Lib(  675): qmi_client [675] 1: Received 896 bytes on fd = 36
E/Diag_Lib(  675): Sending signal ...... to read cmd data 
E/Diag_Lib(  675): qmi error code.........:0
E/Diag_Lib(  675): qmi sys error code.........:-5
E/Diag_Lib(  675): qmi_client [675] 1: sending 896 bytes on fd = 36
E/Diag_Lib(  417): Thread state: conn_id=5, state=RX_THREAD_WAIT_READ
E/Diag_Lib(  417): Thread state: conn_id=5, state=RX_THREAD_CLIENT_TX
E/Diag_Lib(  417): Thread state: conn_id=58, state=MAIN_THREAD_WAIT_SELECT
E/Diag_Lib(  417): qmi_qmux: TX/RX - RX 24 bytes on conn_id=5
E/Diag_Lib(  417): Thread state: conn_id=58, state=MAIN_THREAD_CLIENT_RECV
E/Diag_Lib(  417): 01 17 00 80 00 00 01 03 22 00 0C 00 02 04 00 00 
E/Diag_Lib(  417): 00 00 00 01 02 00 01 0C 
E/Diag_Lib(  417): qmuxd: RX 896 bytes on fd=30 from qmux_client_id=0x1
E/Diag_Lib(  417):  Striping of the standard result code ...
E/Diag_Lib(  417): Thread state: conn_id=58, state=MAIN_THREAD_MODEM_TX
E/Diag_Lib(  417): Adding client 12, service 1, conn_id=5...
E/Diag_Lib(  417): qmi_qmux_open_connection: connection is disabled for conn_id=48
E/Diag_Lib(  417): .... for qmux_client_id = 0, in slot 1, for clnt_srv_info=b6437220
E/Diag_Lib(  417): qmi_qmux_tx_msg: failed to open inactive connd_id=48
E/Diag_Lib(  417): qmuxd: TX message on fd=29, to qmux_client_id=0x0, len=896
E/Diag_Lib(  417): Sending control message with message id:21
E/Diag_Lib(  417): Thread state: conn_id=5, state=RX_THREAD_WAIT_POLL
E/Diag_Lib(  417): qmi_qmux: TX failed, connection inactive or in reset, conn_id=48, status_flags=4
E/Diag_Lib(  417): qmi_ctl_tx_msg: qmi_qmux_tx_msg failed
E/Diag_Lib(  417): qmi_ctl_handle_request: qmi_ctl_tx_msg call failed
E/Diag_Lib(  417): qmi_qmux_tx_msg failed....replying back to client
E/Diag_Lib(  417): qmuxd: TX message on fd=30, to qmux_client_id=0x1, len=896
E/Diag_Lib(  675): qmi_client [675] 1: Received 896 bytes on fd = 36
E/Diag_Lib(  675): Sending signal ...... to read cmd data 
E/Diag_Lib(  675): qmi error code.........:0
E/Diag_Lib(  675): qmi sys error code.........:-5
E/Diag_Lib(  417): Thread state: conn_id=58, state=MAIN_THREAD_WAIT_SELECT
E/Diag_Lib(  675): qmi_client [675] 1: sending 896 bytes on fd = 36
E/Diag_Lib(  417): Thread state: conn_id=58, state=MAIN_THREAD_CLIENT_RECV
E/Diag_Lib(  417): qmuxd: RX 896 bytes on fd=29 from qmux_client_id=0x0
E/Diag_Lib(  417): Thread state: conn_id=58, state=MAIN_THREAD_MODEM_TX
E/Diag_Lib(  417): Sending control message with message id:22
E/Diag_Lib(  417): qmi_qmux: TX/RX - TX 16 bytes on conn_id=5
E/Diag_Lib(  417): 01 0F 00 00 00 00 00 04 22 00 04 00 01 01 00 04 
E/Diag_Lib(  417): Thread state: conn_id=58, state=MAIN_THREAD_CLIENT_RECV
E/Diag_Lib(  417): qmuxd: RX 896 bytes on fd=30 from qmux_client_id=0x1
E/Diag_Lib(  417): Thread state: conn_id=58, state=MAIN_THREAD_MODEM_TX
E/Diag_Lib(  417): qmi_qmux_open_connection: connection is disabled for conn_id=29
E/Diag_Lib(  417): qmi_qmux_tx_msg: failed to open inactive connd_id=29
E/Diag_Lib(  417): Sending control message with message id:21
E/Diag_Lib(  417): qmi_qmux: TX failed, connection inactive or in reset, conn_id=29, status_flags=4
E/Diag_Lib(  417): qmi_ctl_tx_msg: qmi_qmux_tx_msg failed
E/Diag_Lib(  417): qmi_ctl_handle_request: qmi_ctl_tx_msg call failed
E/Diag_Lib(  417): qmi_qmux_tx_msg failed....replying back to client
E/Diag_Lib(  417): qmuxd: TX message on fd=30, to qmux_client_id=0x1, len=896
E/Diag_Lib(  675): qmi_client [675] 1: Received 896 bytes on fd = 36
E/Diag_Lib(  675): Sending signal ...... to read cmd data 
E/Diag_Lib(  675): qmi error code.........:0
E/Diag_Lib(  675): qmi sys error code.........:-5
E/Diag_Lib(  417): Thread state: conn_id=5, state=RX_THREAD_WAIT_READ
E/Diag_Lib(  675): qmi_client [675] 1: sending 896 bytes on fd = 36
E/Diag_Lib(  417): Thread state: conn_id=5, state=RX_THREAD_CLIENT_TX
E/Diag_Lib(  417): qmi_qmux: TX/RX - RX 24 bytes on conn_id=5
E/Diag_Lib(  417): Thread state: conn_id=58, state=MAIN_THREAD_WAIT_SELECT
E/Diag_Lib(  417): 01 17 00 80 00 00 01 04 22 00 0C 00 02 04 00 00 
E/Diag_Lib(  417): 00 00 00 01 02 00 04 01 
E/Diag_Lib(  417):  Striping of the standard result code ...
E/Diag_Lib(  417): Thread state: conn_id=58, state=MAIN_THREAD_CLIENT_RECV
E/Diag_Lib(  417): qmuxd: TX message on fd=29, to qmux_client_id=0x0, len=896
E/Diag_Lib(  417): qmuxd: RX 896 bytes on fd=30 from qmux_client_id=0x1
E/Diag_Lib(  417): Thread state: conn_id=5, state=RX_THREAD_WAIT_POLL
E/Diag_Lib(  417): Thread state: conn_id=58, state=MAIN_THREAD_MODEM_TX
E/Diag_Lib(  417): qmi_qmux_open_connection: connection is disabled for conn_id=29
E/Diag_Lib(  417): qmi_qmux_tx_msg: failed to open inactive connd_id=29
E/Diag_Lib(  417): qmi_ctl_handle_reg_srvc_avail_req: Requesting for new service id:17
E/Diag_Lib(  417): Service requested is already in the list
E/Diag_Lib(  417): Sending control message with message id:2e
E/Diag_Lib(  417): qmi_qmux: TX failed, connection inactive or in reset, conn_id=29, status_flags=4
E/Diag_Lib(  417): qmi_ctl_tx_msg: qmi_qmux_tx_msg failed
E/Diag_Lib(  417): qmi_ctl_handle_request: qmi_ctl_tx_msg call failed
E/Diag_Lib(  417): qmi_qmux_tx_msg failed....replying back to client
E/Diag_Lib(  417): qmuxd: TX message on fd=30, to qmux_client_id=0x1, len=896
E/Diag_Lib(  675): qmi_client [675] 1: Received 896 bytes on fd = 36
E/Diag_Lib(  675): Sending signal ...... to read cmd data 
E/Diag_Lib(  675): qmi error code.........:0
E/Diag_Lib(  675): qmi sys error code.........:-5
E/Diag_Lib(  675):  Sending message control to modem for getting version information..........
E/Diag_Lib(  675): qmi_client [675] 1: sending 896 bytes on fd = 36
E/Diag_Lib(  417): Thread state: conn_id=58, state=MAIN_THREAD_WAIT_SELECT
E/Diag_Lib(  417): Thread state: conn_id=58, state=MAIN_THREAD_CLIENT_RECV
E/Diag_Lib(  417): qmuxd: RX 896 bytes on fd=29 from qmux_client_id=0x0
E/Diag_Lib(  417): Thread state: conn_id=58, state=MAIN_THREAD_MODEM_TX
E/Diag_Lib(  417): Sending control message with message id:22
E/Diag_Lib(  417): qmi_qmux: TX/RX - TX 16 bytes on conn_id=6
E/Diag_Lib(  417): 01 0F 00 00 00 00 00 02 22 00 04 00 01 01 00 01 
E/Diag_Lib(  417): Thread state: conn_id=58, state=MAIN_THREAD_CLIENT_RECV
E/Diag_Lib(  417): qmuxd: RX 896 bytes on fd=30 from qmux_client_id=0x1
E/Diag_Lib(  417): Thread state: conn_id=58, state=MAIN_THREAD_MODEM_TX
E/Diag_Lib(  417): qmi_qmux_open_connection: connection is disabled for conn_id=48
E/Diag_Lib(  417): qmi_qmux_tx_msg: failed to open inactive connd_id=48
E/Diag_Lib(  417): qmi_ctl_handle_reg_srvc_avail_req: Requesting for new service id:18
E/Diag_Lib(  417): Service requested is already in the list
E/Diag_Lib(  417): Sending control message with message id:2e
E/Diag_Lib(  417): qmi_qmux: TX failed, connection inactive or in reset, conn_id=48, status_flags=4
E/Diag_Lib(  417): qmi_ctl_tx_msg: qmi_qmux_tx_msg failed
E/Diag_Lib(  417): qmi_ctl_handle_request: qmi_ctl_tx_msg call failed
E/Diag_Lib(  417): qmi_qmux_tx_msg failed....replying back to client
E/Diag_Lib(  417): qmuxd: TX message on fd=30, to qmux_client_id=0x1, len=896
E/Diag_Lib(  675): qmi_client [675] 1: Received 896 bytes on fd = 36
E/Diag_Lib(  675): Sending signal ...... to read cmd data 
E/Diag_Lib(  675): qmi error code.........:0
E/Diag_Lib(  675): qmi sys error code.........:-5
E/Diag_Lib(  417): Thread state: conn_id=58, state=MAIN_THREAD_WAIT_SELECT
E/Diag_Lib(  417): Thread state: conn_id=58, state=MAIN_THREAD_CLIENT_RECV
E/Diag_Lib(  675): Getting service version from cache: Conn_id 0, Service 24, Major version 1, Minor version 0..........
E/Diag_Lib(  417): qmuxd: RX 896 bytes on fd=30 from qmux_client_id=0x1
E/Diag_Lib(  417): Thread state: conn_id=6, state=RX_THREAD_WAIT_READ
E/Diag_Lib(  675):  Sending message control to modem for getting version information..........
E/Diag_Lib(  675): qmi_client [675] 1: sending 896 bytes on fd = 36
E/Diag_Lib(  417): Thread state: conn_id=58, state=MAIN_THREAD_MODEM_TX
E/Diag_Lib(  417): qmi_qmux_open_connection: connection is disabled for conn_id=29
E/Diag_Lib(  417): Thread state: conn_id=6, state=RX_THREAD_CLIENT_TX
E/Diag_Lib(  417): qmi_qmux_tx_msg: failed to open inactive connd_id=29
E/Diag_Lib(  417): qmi_qmux: TX/RX - RX 24 bytes on conn_id=6
E/Diag_Lib(  417): qmi_ctl_handle_reg_srvc_avail_req: Requesting for new service id:18
E/Diag_Lib(  417): 01 17 00 80 00 00 01 02 22 00 0C 00 02 04 00 00 
E/Diag_Lib(  417): Service requested is already in the list
E/Diag_Lib(  417): 00 00 00 01 02 00 01 0D 
E/Diag_Lib(  417): Sending control message with message id:2e
E/Diag_Lib(  417):  Striping of the standard result code ...
E/Diag_Lib(  417): qmi_qmux: TX failed, connection inactive or in reset, conn_id=29, status_flags=4
E/Diag_Lib(  417): qmuxd: TX message on fd=29, to qmux_client_id=0x0, len=896
E/Diag_Lib(  417): qmi_ctl_tx_msg: qmi_qmux_tx_msg failed
E/Diag_Lib(  417): qmi_ctl_handle_request: qmi_ctl_tx_msg call failed
E/Diag_Lib(  417): Thread state: conn_id=6, state=RX_THREAD_WAIT_POLL
E/Diag_Lib(  417): qmi_qmux_tx_msg failed....replying back to client
E/Diag_Lib(  417): qmuxd: TX message on fd=30, to qmux_client_id=0x1, len=896
E/Diag_Lib(  675): qmi_client [675] 1: Received 896 bytes on fd = 36
E/Diag_Lib(  675): Sending signal ...... to read cmd data 
E/Diag_Lib(  675): qmi error code.........:0
E/Diag_Lib(  675): qmi sys error code.........:-5
E/Diag_Lib(  675):  Sending message control to modem for getting version information..........
E/Diag_Lib(  675): qmi_client [675] 1: sending 896 bytes on fd = 36
E/Diag_Lib(  417): Thread state: conn_id=58, state=MAIN_THREAD_WAIT_SELECT
E/Diag_Lib(  417): Thread state: conn_id=58, state=MAIN_THREAD_CLIENT_RECV
E/Diag_Lib(  417): qmuxd: RX 896 bytes on fd=29 from qmux_client_id=0x0
E/Diag_Lib(  417): Thread state: conn_id=58, state=MAIN_THREAD_MODEM_TX
E/Diag_Lib(  417): Sending control message with message id:22
E/Diag_Lib(  417): qmi_qmux: TX/RX - TX 16 bytes on conn_id=6
E/Diag_Lib(  417): 01 0F 00 00 00 00 00 03 22 00 04 00 01 01 00 01 
E/Diag_Lib(  417): Thread state: conn_id=58, state=MAIN_THREAD_CLIENT_RECV
E/Diag_Lib(  417): qmuxd: RX 896 bytes on fd=30 from qmux_client_id=0x1
