I/rmt_storage(  249): rmt_storage_open_cb: /boot/modem_fs1: clnt_h=0x1: req_h=0x1 msg_id=1: Client found
I/rmt_storage(  249): rmt_storage_open_cb: /boot/modem_fs1: clnt_h=0x1: req_h=0x1 msg_id=1: Send response: res=0 err=0
I/rmt_storage(  249): rmt_storage_connect_cb: clnt_h=0x2 conn_h=0xb6403078
I/rmt_storage(  249): rmt_storage_open_cb: /boot/modem_fs2: clnt_h=0x2: req_h=0x2 msg_id=1: Client found
I/rmt_storage(  249): rmt_storage_open_cb: /boot/modem_fs2: clnt_h=0x2: req_h=0x2 msg_id=1: Send response: res=0 err=0
I/rmt_storage(  249): rmt_storage_connect_cb: clnt_h=0x3 conn_h=0xb6403080
I/rmt_storage(  249): rmt_storage_open_cb: /boot/modem_fsg: clnt_h=0x3: req_h=0x3 msg_id=1: Client found
I/rmt_storage(  249): rmt_storage_open_cb: /boot/modem_fsg: clnt_h=0x3: req_h=0x3 msg_id=1: Send response: res=0 err=0
I/rmt_storage(  249): rmt_storage_connect_cb: clnt_h=0x4 conn_h=0xb6403088
I/rmt_storage(  249): rmt_storage_open_cb: /boot/modem_fsc: clnt_h=0x4: req_h=0x4 msg_id=1: Client found
I/rmt_storage(  249): rmt_storage_open_cb: /boot/modem_fsc: clnt_h=0x4: req_h=0x4 msg_id=1: Send response: res=0 err=0
I/rmt_storage(  249): rmt_storage_alloc_buff_cb: /boot/modem_fs1: clnt_h=0x1: req_h=0x5 msg_id=4: Alloc request received: Size: 1572864
I/rmt_storage(  249): rmt_storage_alloc_buff_cb: /boot/modem_fs1: clnt_h=0x1: req_h=0x5 msg_id=4: Send response: res=0 err=0
I/rmt_storage(  249): rmt_storage_rw_iovec_cb: /boot/modem_fs1: clnt_h=0x1: req_h=0x6 msg_id=3: R/W request received
I/rmt_storage(  249): Shared mem address set to 0xb5e88000
I/rmt_storage(  249): wakelock acquired: 1, error no: 42
I/ThermalEngine(  675): Sensor:tsens_tz_sensor7:57000 mC
I/ThermalEngine(  675): Sensor:tsens_tz_sensor6:59000 mC
I/ThermalEngine(  675): Sensor:tsens_tz_sensor5:68000 mC
I/ThermalEngine(  675): Sensor:tsens_tz_sensor9:54000 mC
I/ThermalEngine(  675): Sensor:tsens_tz_sensor8:57000 mC
I/ThermalEngine(  675): Sensor:tsens_tz_sensor7:57000 mC
I/ThermalEngine(  675): Sensor:tsens_tz_sensor6:59000 mC
I/ThermalEngine(  675): Sensor:tsens_tz_sensor5:68000 mC
I/ThermalEngine(  675): Sensor:tsens_tz_sensor4:57000 mC
I/ThermalEngine(  675): Sensor:tsens_tz_sensor3:54000 mC
I/ThermalEngine(  675): Sensor:tsens_tz_sensor9:54000 mC
I/ThermalEngine(  675): Sensor:tsens_tz_sensor2:51000 mC
I/ThermalEngine(  675): Sensor:tsens_tz_sensor1:54000 mC
I/ThermalEngine(  675): Sensor:tsens_tz_sensor0:60000 mC
I/ThermalEngine(  675): Sensor:tsens_tz_sensor10:50000 mC
I/ThermalEngine(  675): Sensor:tsens_tz_sensor4:57000 mC
I/ThermalEngine(  675): Sensor:tsens_tz_sensor3:54000 mC
I/ThermalEngine(  675): Sensor:tsens_tz_sensor2:51000 mC
I/ThermalEngine(  675): Sensor:tsens_tz_sensor9:54000 mC
I/ThermalEngine(  675): Sensor:tsens_tz_sensor1:54000 mC
I/ThermalEngine(  675): Sensor:tsens_tz_sensor8:57000 mC
I/ThermalEngine(  675): Sensor:tsens_tz_sensor7:57000 mC
I/ThermalEngine(  675): Sensor:tsens_tz_sensor6:59000 mC
I/ThermalEngine(  675): Sensor:tsens_tz_sensor5:68000 mC
I/ThermalEngine(  675): Sensor:tsens_tz_sensor4:57000 mC
I/ThermalEngine(  675): Sensor:tsens_tz_sensor3:54000 mC
I/ThermalEngine(  675): Sensor:tsens_tz_sensor2:51000 mC
I/ThermalEngine(  675): Sensor:tsens_tz_sensor1:54000 mC
I/ThermalEngine(  675): Sensor:tsens_tz_sensor0:60000 mC
I/ThermalEngine(  675): vdd_restrict_qmi_request: MODEM req level(0) is recorded and waiting for completing QMI registration
I/ThermalEngine(  675): vdd_restrict_qmi_request: ADSP req level(0) is recorded and waiting for completing QMI registration
I/ThermalEngine(  675): hotplug_ktm_disable_cb: write out 0
I/ThermalEngine(  675): Sensor:tsens_tz_sensor0:60000 mC
I/rmt_storage(  249): rmt_storage_client_thread: /boot/modem_fs2: clnt_h=0x2 Worker thread started
I/rmt_storage(  249): wake lock name: rmt_storage_-1236806912, name creation success: 23
I/rmt_storage(  249): rmt_storage_client_thread: /boot/modem_fsc: clnt_h=0x4 Worker thread started
I/rmt_storage(  249): wake lock name: rmt_storage_-1236805632, name creation success: 23
I/rmt_storage(  249): rmt_storage_client_thread: /boot/modem_fs1: clnt_h=0x1 Worker thread started
I/rmt_storage(  249): wake lock name: rmt_storage_-1236807552, name creation success: 23
I/rmt_storage(  249): rmt_storage_client_thread: /boot/modem_fsg: clnt_h=0x3 Worker thread started
I/rmt_storage(  249): wake lock name: rmt_storage_-1236806272, name creation success: 23
E/OSAL    (  624): OS API: quipc_msg_queue_create failed to remove pipe /data/misc/location/quipc/quipc_pipe_2, err = 2, ignore 
W/OSAL    (  624): OS API: quipc_thread_create thread IWMM created on index = 0
E/OSAL    (  624): OS API: quipc_msg_queue_create failed to remove pipe /data/misc/location/quipc/quipc_pipe_9, err = 2, ignore 
W/OSAL    (  624): OS API: quipc_thread_create thread SLIMCW created on index = 1
E/OSAL    (  624): OS API: quipc_msg_queue_create failed to remove pipe /data/misc/location/quipc/quipc_pipe_8, err = 2, ignore 
W/OSAL    (  624): OS API: quipc_thread_create thread SDP created on index = 2
E/OSAL    (  624): OS API: quipc_msg_queue_create failed to remove pipe /data/misc/location/quipc/quipc_pipe_1, err = 2, ignore 
W/OSAL    (  624): OS API: quipc_thread_create thread IPE created on index = 3
W/QCALOG  (  624): [LOWIUtils] inPostcardToResponse - Unable to extract RESP
I/QCALOG  (  624): [LOWIUtils] inPostcardToResponse - FROM: LOCATION-MQ, TO:   18446744072483830764-LOWIClient, RESP:  NA
E/QCALOG  (  624): [LOWIUtils] inPostcardToResponse - NULL resp, break
E/QCALOG  (  624): [LOWIClient] Unable to parse the InPostcard
E/QCALOG  (  624): [LOWIClient] newMsg failed 1
W/QCALOG  (  624): [LOWIUtils] inPostcardToResponse - Unable to extract RESP
I/QCALOG  (  624): [LOWIUtils] inPostcardToResponse - FROM: LOCATION-MQ, TO:   18446744072483830764-LOWIClient, RESP:  NA
E/QCALOG  (  624): [LOWIUtils] inPostcardToResponse - NULL resp, break
E/QCALOG  (  624): [LOWIClient] Unable to parse the InPostcard
E/QCALOG  (  624): [LOWIClient] newMsg failed 1
W/QCALOG  (  624): [LOWIUtils] inPostcardToResponse - Unable to extract RESP
I/QCALOG  (  624): [LOWIUtils] inPostcardToResponse - FROM: LOCATION-MQ, TO:   18446744072483830764-LOWIClient, RESP:  NA
E/QCALOG  (  624): [LOWIUtils] inPostcardToResponse - NULL resp, break
E/QCALOG  (  624): [LOWIClient] Unable to parse the InPostcard
E/QCALOG  (  624): [LOWIClient] newMsg failed 1
W/QCALOG  (  624): [LOWIUtils] inPostcardToResponse - Unable to extract RESP
I/QCALOG  (  624): [LOWIUtils] inPostcardToResponse - FROM: LOCATION-MQ, TO:   18446744072483830764-LOWIClient, RESP:  NA
E/QCALOG  (  624): [LOWIUtils] inPostcardToResponse - NULL resp, break
E/QCALOG  (  624): [LOWIClient] Unable to parse the InPostcard
E/QCALOG  (  624): [LOWIClient] newMsg failed 1
I/rmt_storage(  249): rmt_storage_client_thread: /boot/modem_fs1: clnt_h=0x1: req_h=0x6 msg_id=3: Bytes read = 512
I/rmt_storage(  249): rmt_storage_client_thread: /boot/modem_fs1: clnt_h=0x1: req_h=0x6 msg_id=3: Send response: res=0 err=0
I/rmt_storage(  249): rmt_storage_client_thread: /boot/modem_fs1: clnt_h=0x1 About to block rmt_storage client thread (th_id: -1236807552) wakelock released: 0, error no: 22
I/rmt_storage(  249): 
I/rmt_storage(  249): rmt_storage_rw_iovec_cb: /boot/modem_fs2: clnt_h=0x2: req_h=0x7 msg_id=3: R/W request received
I/rmt_storage(  249): Shared mem address set to 0xb5e88000
I/rmt_storage(  249): wakelock acquired: 1, error no: 42
I/rmt_storage(  249): rmt_storage_client_thread: /boot/modem_fs2: clnt_h=0x2 Unblock worker thread (th_id: -1236806912)
I/rmt_storage(  249): rmt_storage_client_thread: /boot/modem_fs2: clnt_h=0x2: req_h=0x7 msg_id=3: Bytes read = 512
I/rmt_storage(  249): rmt_storage_client_thread: /boot/modem_fs2: clnt_h=0x2: req_h=0x7 msg_id=3: Send response: res=0 err=0
I/rmt_storage(  249): rmt_storage_client_thread: /boot/modem_fs2: clnt_h=0x2 About to block rmt_storage client thread (th_id: -1236806912) wakelock released: 1, error no: 0
I/rmt_storage(  249): 
I/rmt_storage(  249): rmt_storage_rw_iovec_cb: /boot/modem_fs2: clnt_h=0x2: req_h=0x8 msg_id=3: R/W request received
I/rmt_storage(  249): wakelock acquired: 1, error no: 42
I/rmt_storage(  249): rmt_storage_client_thread: /boot/modem_fs2: clnt_h=0x2 Unblock worker thread (th_id: -1236806912)
D/PRDrmPlugIn(  257): PRDrmPlugin::onGetSupportInfo: starts! uniqueId = 0
D/PRDrmPlugIn(  257): PRDrmPlugin::onGetSupportInfo: ends!
W/SDP     (  624): SDP: Thread starting
W/IPE     (  624): ipe_thread_init Diag init from IPE success with code
I/Adreno-EGL(  247): <qeglDrvAPI_eglInitialize:410>: EGL 1.4 QUALCOMM build: AU_LINUX_ANDROID_LA.BF.1.1.1_RB1.05.01.00.042.030_msm8974_LA.BF.1.1.1_RB1__release_AU ()
I/Adreno-EGL(  247): OpenGL ES Shader Compiler Version: E031.25.03.06
I/Adreno-EGL(  247): Build Date: 04/29/15 Wed
I/Adreno-EGL(  247): Local Branch: mybranch9497471
I/Adreno-EGL(  247): Remote Branch: quic/LA.BF.1.1.1_rb1.20
I/Adreno-EGL(  247): Local Patches: NONE
I/Adreno-EGL(  247): Reconstruct Branch: AU_LINUX_ANDROID_LA.BF.1.1.1_RB1.05.01.00.042.030 + 6151be1 +  NOTHING
D/QSEECOMD: (  253): Init dlopen(libsecureui.so, RTLD_NOW) succeeds
D/QSEECOMD: (  253): Init::Init dlsym(g_FSHandle secure_ui_init) succeeds
D/QSEECOMD: (  253): Init secure_ui_init ret = 0
D/QSEECOMD: (  253): secure UI services: init (Listener ID = 16384)
I/rmt_storage(  249): rmt_storage_client_thread: /boot/modem_fs2: clnt_h=0x2: req_h=0x8 msg_id=3: Bytes read = 1571840
I/rmt_storage(  249): rmt_storage_client_thread: /boot/modem_fs2: clnt_h=0x2: req_h=0x8 msg_id=3: Send response: res=0 err=0
I/rmt_storage(  249): rmt_storage_client_thread: /boot/modem_fs2: clnt_h=0x2 About to block rmt_storage client thread (th_id: -1236806912) wakelock released: 1, error no: 0
I/rmt_storage(  249): 
D/QSEECOMD: (  253): Parent qseecom daemon process paused!! 
D/QSEECOMD: (  822): qseecom listener service threads starting!!! 
D/QSEECOMD: (  822): Total listener services to start = 5
E/QSEECOMD: (  822): Listener: index = 0, hierarchy = 1
D/QSEECOMD: (  822): Init dlopen(librpmb.so, RTLD_NOW) succeeds
D/QSEECOMD: (  822): Init::Init dlsym(g_FSHandle rpmb_start) succeeds
D/QSEECOMAPI: (  822): QSEECom_register_listener 8192 sb_length = 0x5000
D/QSEECOMD: (  822): Init rpmb_start ret = 0
D/QSEECOMD: (  822): RPMB system services: Started (Listener ID = 8192)
E/QSEECOMD: (  822): Listener: index = 1, hierarchy = 1
D/QSEECOMD: (  822): Init dlopen(libssd.so, RTLD_NOW) succeeds
D/QSEECOMD: (  822): Init::Init dlsym(g_FSHandle ssd_start) succeeds
D/QSEECOMAPI: (  822): QSEECom_register_listener 12288 sb_length = 0x5000
D/QSEECOMD: (  822): Init ssd_start ret = 0
D/QSEECOMD: (  822): SSD system services: Started (Listener ID = 12288)
E/QSEECOMD: (  822): Listener: index = 2, hierarchy = 1
D/QSEECOMD: (  822): Init dlopen(libsecureui.so, RTLD_NOW) succeeds
D/QSEECOMD: (  822): Init::Init dlsym(g_FSHandle secure_ui_start) succeeds
D/QSEECOMAPI: (  822): QSEECom_register_listener 16384 sb_length = 0x1014
D/QSEECOMD: (  822): Init secure_ui_start ret = 0
D/QSEECOMD: (  822): secure UI services: Started (Listener ID = 16384)
E/QSEECOMD: (  822): Listener: index = 3, hierarchy = 1
D/QSEECOMD: (  822): Init dlopen(libdrmtime.so, RTLD_NOW) succeeds
D/QSEECOMD: (  822): Init::Init dlsym(g_FSHandle atime_start) succeeds
D/QSEECOMAPI: (  822): QSEECom_register_listener 11 sb_length = 0x5000
D/QSEECOMD: (  822): Init atime_start ret = 0
D/QSEECOMD: (  822): time services: Started (Listener ID = 11)
E/QSEECOMD: (  822): Listener: index = 4, hierarchy = 1
D/QSEECOMD: (  822): Init dlopen(libdrmfs.so, RTLD_NOW) succeeds
D/QSEECOMD: (  822): Init::Init dlsym(g_FSHandle fs_start) succeeds
D/QSEECOMAPI: (  822): QSEECom_register_listener 10 sb_length = 0x5000
D/QSEECOMD: (  822): Init fs_start ret = 0
D/QSEECOMD: (  822): file system services: Started (Listener ID = 10)
D/QSEECOMAPI: (  822): QSEECom_get_handle sb_length = 0x400
D/QSEECOMAPI: (  822): App is not loaded in QSEE
E/qdutils (  247): Failed to open msm_fb_panel_info node
E/qdutils (  247): int qdutils::getHDMINode(): Failed to open fb node 2
E/qdutils (  247): int qdutils::getHDMINode(): Failed to find HDMI node
I/qdhwcomposer(  247): Initializing Qualcomm Hardware Composer
I/qdhwcomposer(  247): MDP version: 500
I/SurfaceFlinger(  247): Using composer version 1.4
I/qdhwcomposer(  247): hwc_registerProcs
I/qdhwcomposer(  247): Initializing UEVENT Thread
I/qdhwcomposer(  247): Initializing VSYNC Thread
E/qdutils (  247): int qdutils::getHDMINode(): Failed to open fb node 2
E/qdutils (  247): int qdutils::getHDMINode(): Failed to find HDMI node
E/qdutils (  247): int qdutils::getHDMINode(): Failed to open fb node 2
E/qdutils (  247): int qdutils::getHDMINode(): Failed to find HDMI node
I/qdhwcomposer(  247): vsync_loop: Reading event 0 for dpy 0 from /sys/class/graphics/fb0/vsync_event
I/qdhwcomposer(  247): vsync_loop: Reading event 1 for dpy 0 from /sys/class/graphics/fb0/show_blank_event
I/qdhwcomposer(  247): vsync_loop: Reading event 0 for dpy 1 from /sys/class/graphics/fb-1/vsync_event
I/qdhwcomposer(  247): vsync_loop: Reading event 1 for dpy 1 from /sys/class/graphics/fb-1/show_blank_event
E/qdutils (  247): int qdutils::getHDMINode(): Failed to open fb node 2
E/qdutils (  247): int qdutils::getHDMINode(): Failed to find HDMI node
D/qdhwcomposer(  247): hwc_getDisplayAttributes disp = 0, width = 1080
D/qdhwcomposer(  247): hwc_getDisplayAttributes disp = 0, height = 1920
E/qdhwcomposer(  247): hwc_getDisplayConfigs display (1) is inactive
I/SurfaceFlinger(  247): EGL information:
I/SurfaceFlinger(  247): vendor    : Android
I/SurfaceFlinger(  247): version   : 1.4 Android META-EGL
I/SurfaceFlinger(  247): extensions: EGL_KHR_get_all_proc_addresses EGL_ANDROID_presentation_time EGL_KHR_image EGL_KHR_image_base EGL_KHR_lock_surface EGL_KHR_gl_texture_2D_image EGL_KHR_gl_texture_cubemap_image EGL_KHR_gl_renderbuffer_image EGL_KHR_fence_sync EGL_KHR_create_context EGL_EXT_create_context_robustness EGL_ANDROID_image_native_buffer EGL_KHR_wait_sync EGL_ANDROID_recordable 
I/SurfaceFlinger(  247): Client API: OpenGL_ES
I/SurfaceFlinger(  247): EGLSurface: 8-8-8-8, config=0x5
I/SurfaceFlinger(  247): OpenGL ES informations:
I/SurfaceFlinger(  247): vendor    : Qualcomm
I/SurfaceFlinger(  247): renderer  : Adreno (TM) 330
I/SurfaceFlinger(  247): version   : OpenGL ES 3.0 V@84.0 AU@05.01.00.042.030 (CL@)
I/SurfaceFlinger(  247): extensions: GL_AMD_compressed_ATC_texture GL_AMD_performance_monitor GL_AMD_program_binary_Z400 GL_EXT_debug_label GL_EXT_debug_marker GL_EXT_discard_framebuffer GL_EXT_robustness GL_EXT_texture_format_BGRA8888 GL_EXT_texture_type_2_10_10_10_REV GL_NV_fence GL_OES_compressed_ETC1_RGB8_texture GL_OES_depth_texture GL_OES_depth24 GL_OES_EGL_image GL_OES_EGL_sync GL_OES_EGL_image_external GL_OES_element_index_uint GL_OES_fbo_render_mipmap GL_OES_fragment_precision_high GL_OES_get_program_binary GL_OES_packed_depth_stencil GL_OES_depth_texture_cube_map GL_OES_rgb8_rgba8 GL_OES_standard_derivatives GL_OES_texture_3D GL_OES_texture_float GL_OES_texture_half_float GL_OES_texture_half_float_linear GL_OES_texture_npot GL_OES_vertex_half_float GL_OES_vertex_type_10_10_10_2 GL_OES_vertex_array_object GL_QCOM_alpha_test GL_QCOM_binning_control GL_QCOM_driver_control GL_QCOM_perfmon_global_mode GL_QCOM_extended_get GL_QCOM_extended_get2 GL_QCOM_tiled_rendering GL_QCOM_writeonly_rendering GL_EXT_sRGB GL_EXT_sRGB_write_con
I/SurfaceFlinger(  247): GL_MAX_TEXTURE_SIZE = 4096
I/SurfaceFlinger(  247): GL_MAX_VIEWPORT_DIMS = 4096
D/SurfaceFlinger(  247): Set power mode=2, type=0 flinger=0xb6482000
D/qdhwcomposer(  247): hwc_setPowerMode: Setting mode 2 on display: 0
I/qdhwcomposer(  247): handle_blank_event: dpy:0 panel power state: 1
D/qdhwcomposer(  247): hwc_setPowerMode: Done setting mode 2 on display 0
E/Sensors (  268): sns_debug_main.c(436):Debug Config File missing in EFS!
E/Sensors (  268): sns_fsa_la.c(316):mkdir failed, 2
E/Sensors (  268): sns_init_la.c(239):Error 5 initializing sns_file_init
E/Sensors (  268): sns_main.c(1692):Exiting! sensor1_init failed with 5
I/ThermalEngine(  675): Sensor:tsens_tz_sensor5:71000 mC
I/ThermalEngine(  675): Sensor:tsens_tz_sensor5:71000 mC
I/ThermalEngine(  675): TM Id 'CPU0_MONITOR' Sensor 'cpu0' - alarm raised 4 at 71.0 degC
I/ThermalEngine(  675): ACTION: CPU - Setting CPU[0] to 1036800
E/ThermalEngine(  675): Failed to set desired CPU[0] frequency limit to 1036800
I/ThermalEngine(  675): ACTION: CPU - Setting CPU[1] to 1036800
E/ThermalEngine(  675): Failed to set desired CPU[1] frequency limit to 1036800
I/ThermalEngine(  675): ACTION: CPU - Setting CPU[2] to 1036800
E/ThermalEngine(  675): Failed to set desired CPU[2] frequency limit to 1036800
I/ThermalEngine(  675): ACTION: CPU - Setting CPU[3] to 1036800
E/ThermalEngine(  675): Failed to set desired CPU[3] frequency limit to 1036800
D/QSEECOMAPI: (  822): Loaded image: APP id = 2
D/QSEECOMD: (  822): QSEECOM DAEMON RUNNING 
E/mm-camera(  272): server_process_module_init:59, int mods
E/mm-camera-sensor(  272): module_sensor_init:4194 Enter
D/AndroidRuntime(  267): >>>>>> START com.android.internal.os.ZygoteInit uid 0 <<<<<<
D/AndroidRuntime(  267): CheckJNI is OFF
I/SELinux (  245): avc:  received policyload notice (seqno=5)
E/mm-camera-sensor(  272): sensor_probe:117 failed: to load oem_camera1
E/mm-camera-sensor(  272): sensor_init_probe:118 failed: to load oem_camera1
E/mm-camera-sensor(  272): sensor_probe:117 failed: to load oem_camera2
E/mm-camera-sensor(  272): sensor_init_probe:118 failed: to load oem_camera2
E/mm-camera-sensor(  272): sensor_probe:117 failed: to load oem_camera3
E/mm-camera-sensor(  272): sensor_init_probe:118 failed: to load oem_camera3
E/mm-camera-sensor(  272): sensor_probe:117 failed: to load oem_camera4
E/mm-camera-sensor(  272): sensor_init_probe:118 failed: to load oem_camera4
I/art     (  267): option[0]=-Xzygote
I/art     (  267): option[1]=-Xstacktracefile:/data/anr/traces.txt
I/art     (  267): option[2]=exit
I/art     (  267): option[3]=vfprintf
I/art     (  267): option[4]=sensitiveThread
I/art     (  267): option[5]=-verbose:gc
I/art     (  267): option[6]=-Xms16m
I/art     (  267): option[7]=-Xmx512m
I/art     (  267): option[8]=-XX:mainThreadStackSize=24K
I/art     (  267): option[9]=-XX:HeapGrowthLimit=192m
I/art     (  267): option[10]=-XX:HeapMinFree=2m
I/art     (  267): option[11]=-XX:HeapMaxFree=8m
I/art     (  267): option[12]=-XX:HeapTargetUtilization=0.75
I/art     (  267): option[13]=-Xgenregmap
I/art     (  267): option[14]=-Xgc:precise
I/art     (  267): option[15]=-agentlib:jdwp=transport=dt_android_adb,suspend=n,server=y
I/art     (  267): option[16]=-Xlockprofthreshold:500
I/art     (  267): option[17]=-Ximage-compiler-option
I/art     (  267): option[18]=--runtime-arg
I/art     (  267): option[19]=-Ximage-compiler-option
I/art     (  267): option[20]=-Xms64m
I/art     (  267): option[21]=-Ximage-compiler-option
I/art     (  267): option[22]=--runtime-arg
I/art     (  267): option[23]=-Ximage-compiler-option
I/art     (  267): option[24]=-Xmx64m
I/art     (  267): option[25]=-Ximage-compiler-option
I/art     (  267): option[26]=--image-classes=/system/etc/preloaded-classes
I/art     (  267): option[27]=-Xcompiler-option
I/art     (  267): option[28]=--runtime-arg
I/art     (  267): option[29]=-Xcompiler-option
I/art     (  267): option[30]=-Xms64m
I/art     (  267): option[31]=-Xcompiler-option
I/art     (  267): option[32]=--runtime-arg
I/art     (  267): option[33]=-Xcompiler-option
I/art     (  267): option[34]=-Xmx512m
I/art     (  267): option[35]=-Duser.language=zh
I/art     (  267): option[36]=-Duser.region=CN
E/mm-camera-sensor(  272): module_sensor_init_eeprom:3997 Exit subdev_id[SUB_MODULE_EEPROM] == -1
E/mm-camera(  272): isp_util_gen_hws_caps: integrating kernel vfe is pending
E/mm-camera(  272): isp_tintless_create: using BE stats for tintless!, isp main version = 28
E/mm-camera(  272): isp_tintless_open_version: E: 40
E/mm-camera(  272): gyro_module_init: Enter
E/mm-camera(  272): gyro_module_init: Exit successful
E/mm-camera(  272): cpp_hardware_load_firmware:401, cpphw->hwinfo.version = 0x10010001
I/art     (  267): Pruning dalvik-cache since we are generating an image and will need to recompile
I/art     (  267): Using an offset of 0xffb93000 from default art base address of 0x70000000
I/art     (  267): GenerateImage: /system/bin/dex2oat --image=/data/dalvik-cache/arm/system@framework@boot.art --dex-file=/system/framework/core-libart.jar --dex-file=/system/framework/conscrypt.jar --dex-file=/system/framework/okhttp.jar --dex-file=/system/framework/core-junit.jar --dex-file=/system/framework/bouncycastle.jar --dex-file=/system/framework/ext.jar --dex-file=/system/framework/framework.jar --dex-file=/system/framework/telephony-common.jar --dex-file=/system/framework/voip-common.jar --dex-file=/system/framework/ims-common.jar --dex-file=/system/framework/mms-common.jar --dex-file=/system/framework/android.policy.jar --dex-file=/system/framework/apache-xml.jar --dex-file=/system/framework/qcmediaplayer.jar --dex-file=/system/framework/qcom.fmradio.jar --dex-file=/system/framework/org.codeaurora.Performance.jar --dex-file=/system/framework/tcmiface.jar --dex-file=/system/framework/flyme-framework.jar --dex-file=/system/framework/flyme-telephony-common.jar --dex-file=/system/framework/meizu2_jcifs.jar --oat-file=/
E/mm-camera(  272): vpe_module_init:26 name=vpe
E/mm-camera(  272): vpe_hardware_find_subdev:716: entity.name=video0 entity.revision=0
E/mm-camera(  272): vpe_hardware_find_subdev:716: entity.name=msm_cci entity.revision=0
E/mm-camera(  272): vpe_hardware_find_subdev:716: entity.name=v4l-subdev0 entity.revision=0
E/mm-camera(  272): vpe_hardware_find_subdev:716: entity.name=v4l-subdev1 entity.revision=0
E/mm-camera(  272): vpe_hardware_find_subdev:716: entity.name=v4l-subdev2 entity.revision=0
E/mm-camera(  272): vpe_hardware_find_subdev:716: entity.name=v4l-subdev3 entity.revision=0
E/mm-camera(  272): vpe_hardware_find_subdev:716: entity.name=v4l-subdev4 entity.revision=0
E/mm-camera(  272): vpe_hardware_find_subdev:716: entity.name=v4l-subdev5 entity.revision=0
E/mm-camera(  272): vpe_hardware_find_subdev:716: entity.name=v4l-subdev6 entity.revision=0
E/mm-camera(  272): vpe_hardware_find_subdev:716: entity.name=v4l-subdev7 entity.revision=0
E/mm-camera(  272): vpe_hardware_find_subdev:716: entity.name=v4l-subdev8 entity.revision=0
E/mm-camera(  272): vpe_hardware_find_subdev:716: entity.name=v4l-subdev9 entity.revision=0
E/mm-camera(  272): vpe_hardware_find_subdev:716: entity.name=v4l-subdev10 entity.revision=0
E/mm-camera(  272): vpe_hardware_find_subdev:716: entity.name=v4l-subdev11 entity.revision=0
E/mm-camera(  272): vpe_hardware_find_subdev:716: entity.name=v4l-subdev12 entity.revision=0
E/mm-camera(  272): vpe_hardware_find_subdev:716: entity.name=v4l-subdev13 entity.revision=0
E/mm-camera(  272): vpe_hardware_find_subdev:716: entity.name=v4l-subdev14 entity.revision=0
E/mm-camera(  272): vpe_hardware_find_subdev:716: entity.name=v4l-subdev15 entity.revision=0
E/mm-camera(  272): vpe_hardware_find_subdev:716: entity.name=v4l-subdev16 entity.revision=0
E/mm-camera(  272): vpe_hardware_find_subdev:716: entity.name=v4l-subdev17 entity.revision=0
E/mm-camera(  272): vpe_hardware_find_subdev:716: entity.name=v4l-subdev18 entity.revision=0
E/mm-camera(  272): vpe_hardware_find_subdev:716: entity.name=v4l-subdev19 entity.revision=19
E/mm-camera(  272): vpe_hardware_find_subdev:711: done enumerating media entities
E/mm-camera(  272): vpe_hardware_find_subdev:716: entity.name=video1 entity.revision=0
E/mm-camera(  272): vpe_hardware_find_subdev:711: done enumerating media entities
E/mm-camera(  272): vpe_hardware_find_subdev:716: entity.name=video2 entity.revision=0
E/mm-camera(  272): vpe_hardware_find_subdev:711: done enumerating media entities
E/mm-camera(  272): vpe_hardware_find_subdev:683: no more media devices
E/mm-camera(  272): vpe_hardware_find_subdev:728: no vpe device found.
E/mm-camera(  272): vpe_hardware_create:31: error: cannot find vpe subdev
E/mm-camera(  272): vpe_module_create_vpe_ctrl:141, failed, cannnot create vpe hardware instance
E/mm-camera(  272): vpe_module_init:34 failed
E/mm-camera(  272): c2d_module_init:28 name=c2d
E/mm-camera(  272): c2d_module_init:67: info: C2D module_init successful
E/mm-camera-img(  272): img_core_get_comp:37] role 3 name qcom.cac
E/mm-camera-img(  272): img_core_get_comp:42] comp_index[0] role 0 name qcom.wavelet
E/mm-camera-img(  272): img_core_get_comp:42] comp_index[1] role 1 name qcom.hdr
E/mm-camera-img(  272): img_core_get_comp:42] comp_index[2] role 2 name qcom.faceproc
E/mm-camera-img(  272): img_core_get_comp:42] comp_index[3] role 3 name qcom.cac
E/mm-camera-img(  272): img_core_get_comp:47] find component role 3 name qcom.cac
E/mm-camera-img(  272): cac_comp_load:657] Error opening CAC library
E/mm-camera(  272): module_cac_init:1028] Error rc -6
E/mm-camera(  272): pproc_module_init:2198] cac module create failed
E/mm-camera(  272): module_imglib_create_port:1784 portname imglib_d2_i0
E/mm-camera-img(  272): img_core_get_comp:37] role 2 name qcom.faceproc
E/mm-camera-img(  272): img_core_get_comp:42] comp_index[0] role 0 name qcom.wavelet
E/mm-camera-img(  272): img_core_get_comp:42] comp_index[1] role 1 name qcom.hdr
E/mm-camera-img(  272): img_core_get_comp:42] comp_index[2] role 2 name qcom.faceproc
E/mm-camera-img(  272): img_core_get_comp:47] find component role 2 name qcom.faceproc
W/linker  (  272): libmmcamera_faceproc.so has text relocations. This is wasting memory and prevents security hardening. Please fix.
E/mm-camera-img(  272): img_core_get_comp:37] role 1 name qcom.hdr
E/mm-camera-img(  272): img_core_get_comp:42] comp_index[0] role 0 name qcom.wavelet
E/mm-camera-img(  272): img_core_get_comp:42] comp_index[1] role 1 name qcom.hdr
E/mm-camera-img(  272): img_core_get_comp:47] find component role 1 name qcom.hdr
W/linker  (  272): libfastcvadsp_stub.so: unused DT entry: type 0x6ffffffe arg 0xd6e8
W/linker  (  272): libfastcvadsp_stub.so: unused DT entry: type 0x6fffffff arg 0x1
E/mm-camera-img(  272): hdr_comp_load:1139] HDR library loaded successfully
E/mm-camera(  272): Port hdr_dummy initialized
E/mm-camera-img(  272): img_core_get_comp:37] role 4 name qcom.gen_frameproc
E/mm-camera-img(  272): img_core_get_comp:42] comp_index[0] role 0 name qcom.wavelet
E/mm-camera-img(  272): img_core_get_comp:42] comp_index[1] role 1 name qcom.hdr
E/mm-camera-img(  272): img_core_get_comp:42] comp_index[2] role 2 name qcom.faceproc
E/mm-camera-img(  272): img_core_get_comp:42] comp_index[3] role 3 name qcom.cac
E/mm-camera-img(  272): img_core_get_comp:42] comp_index[4] role 4 name qcom.gen_frameproc
E/mm-camera-img(  272): img_core_get_comp:47] find component role 4 name qcom.gen_frameproc
D/SurfaceFlinger(  247): shader cache generated - 24 shaders in 331.658112 ms
D/qdutils (  247): DEBUG_CALC_FPS: 0
D/qdutils (  247): period: 10
D/qdutils (  247): ignorethresh_us: 500000
D/libEGL  (  855): loaded /vendor/lib/egl/libEGL_adreno.so
D/libEGL  (  855): loaded /vendor/lib/egl/libGLESv1_CM_adreno.so
I/dex2oat (  909): /system/bin/dex2oat --image=/data/dalvik-cache/arm/system@framework@boot.art --dex-file=/system/framework/core-libart.jar --dex-file=/system/framework/conscrypt.jar --dex-file=/system/framework/okhttp.jar --dex-file=/system/framework/core-junit.jar --dex-file=/system/framework/bouncycastle.jar --dex-file=/system/framework/ext.jar --dex-file=/system/framework/framework.jar --dex-file=/system/framework/telephony-common.jar --dex-file=/system/framework/voip-common.jar --dex-file=/system/framework/ims-common.jar --dex-file=/system/framework/mms-common.jar --dex-file=/system/framework/android.policy.jar --dex-file=/system/framework/apache-xml.jar --dex-file=/system/framework/qcmediaplayer.jar --dex-file=/system/framework/qcom.fmradio.jar --dex-file=/system/framework/org.codeaurora.Performance.jar --dex-file=/system/framework/tcmiface.jar --dex-file=/system/framework/flyme-framework.jar --dex-file=/system/framework/flyme-telephony-common.jar --dex-file=/system/framework/meizu2_jcifs.jar --oat-file=/data/dalvik-cac
D/libEGL  (  855): loaded /vendor/lib/egl/libGLESv2_adreno.so
E/mm-camera-img(  272): frameproc_comp_load:849] Warning linking img_algo_frame_ind
E/mm-camera-img(  272): frameproc_comp_load:856] Warning linking img_algo_meta_ind
E/mm-camera-img(  272): frameproc_comp_load:863] Warning linking img_algo_set_frame_ops
E/mm-camera-img(  272): frameproc_comp_load:867] libmmcamera_chromaflash_lib.so loaded successfully
E/mm-camera-img(  272): img_core_get_comp:37] role 4 name qcom.gen_frameproc
E/mm-camera-img(  272): img_core_get_comp:42] comp_index[0] role 0 name qcom.wavelet
E/mm-camera-img(  272): img_core_get_comp:42] comp_index[1] role 1 name qcom.hdr
E/mm-camera-img(  272): img_core_get_comp:42] comp_index[2] role 2 name qcom.faceproc
E/mm-camera-img(  272): img_core_get_comp:42] comp_index[3] role 3 name qcom.cac
E/mm-camera-img(  272): img_core_get_comp:42] comp_index[4] role 4 name qcom.gen_frameproc
E/mm-camera-img(  272): img_core_get_comp:47] find component role 4 name qcom.gen_frameproc
I/Adreno-EGL(  855): <qeglDrvAPI_eglInitialize:410>: EGL 1.4 QUALCOMM build: AU_LINUX_ANDROID_LA.BF.1.1.1_RB1.05.01.00.042.030_msm8974_LA.BF.1.1.1_RB1__release_AU ()
I/Adreno-EGL(  855): OpenGL ES Shader Compiler Version: E031.25.03.06
I/Adreno-EGL(  855): Build Date: 04/29/15 Wed
I/Adreno-EGL(  855): Local Branch: mybranch9497471
I/Adreno-EGL(  855): Remote Branch: quic/LA.BF.1.1.1_rb1.20
I/Adreno-EGL(  855): Local Patches: NONE
I/Adreno-EGL(  855): Reconstruct Branch: AU_LINUX_ANDROID_LA.BF.1.1.1_RB1.05.01.00.042.030 + 6151be1 +  NOTHING
E/mm-camera-img(  272): frameproc_comp_load:849] Warning linking img_algo_frame_ind
E/mm-camera-img(  272): frameproc_comp_load:856] Warning linking img_algo_meta_ind
E/mm-camera-img(  272): frameproc_comp_load:863] Warning linking img_algo_set_frame_ops
E/mm-camera-img(  272): frameproc_comp_load:867] libmmcamera_optizoom_lib.so loaded successfully
E/mm-camera-img(  272): img_core_get_comp:37] role 4 name qcom.gen_frameproc
E/mm-camera-img(  272): img_core_get_comp:42] comp_index[0] role 0 name qcom.wavelet
E/mm-camera-img(  272): img_core_get_comp:42] comp_index[1] role 1 name qcom.hdr
E/mm-camera-img(  272): img_core_get_comp:42] comp_index[2] role 2 name qcom.faceproc
E/mm-camera-img(  272): img_core_get_comp:42] comp_index[3] role 3 name qcom.cac
E/mm-camera-img(  272): img_core_get_comp:42] comp_index[4] role 4 name qcom.gen_frameproc
E/mm-camera-img(  272): img_core_get_comp:47] find component role 4 name qcom.gen_frameproc
E/Diag_Lib(  417): qmi_qmux: TX/RX - TX 12 bytes on conn_id=0
E/Diag_Lib(  417): 01 0B 00 00 00 00 00 01 27 00 00 00 
E/Diag_Lib(  417): qmuxd:  successfully opened qmi conn id 0
E/Diag_Lib(  417): Thread state: conn_id=0, state=RX_THREAD_WAIT_POLL
E/Diag_Lib(  417): Thread state: conn_id=0, state=RX_THREAD_WAIT_READ
E/Diag_Lib(  417): Thread state: conn_id=0, state=RX_THREAD_CLIENT_TX
E/Diag_Lib(  417): qmi_qmux: TX/RX - RX 12 bytes on conn_id=0
E/Diag_Lib(  417): 01 0B 00 80 00 00 02 00 27 00 00 00 
E/Diag_Lib(  417): qmi_qmux: CTL indication received ind_id=39, conn_id=0
E/Diag_Lib(  417): Thread state: conn_id=0, state=RX_THREAD_WAIT_POLL
E/Diag_Lib(  417): Thread state: conn_id=0, state=RX_THREAD_WAIT_READ
E/Diag_Lib(  417): Thread state: conn_id=0, state=RX_THREAD_CLIENT_TX
E/Diag_Lib(  417): qmi_qmux: TX/RX - RX 19 bytes on conn_id=0
E/Diag_Lib(  417): 01 12 00 80 00 00 01 01 27 00 07 00 02 04 00 00 
E/Diag_Lib(  417): 00 00 00 
E/Diag_Lib(  417): qmi_ctl_rx_msg.c Can't find txn info for txn_id = 1
E/Diag_Lib(  417): Thread state: conn_id=0, state=RX_THREAD_WAIT_POLL
I/charger_monitor(  961): Starting charger monitor 
D/charger_monitor(  961): vadc path /sys/bus/spmi/devices/qpnp-vadc-f6147a00/ vin_min_default 4300000 fast_chg 1
D/charger_monitor(  961): skipped uevent listening
D/charger_monitor(  961): vinmin 4300000
D/charger_monitor(  961): init target 1500000
D/charger_monitor(  961): AICL: start
D/charger_monitor(  961): AICL: step up: input_current_max 600000 usb_target_ua 1500000
D/MDnsDS  (  254): MDnsSdListener::Hander starting up
D/MDnsDS  (  254): MDnsSdListener starting to monitor
D/MDnsDS  (  254): Going to poll with pollCount 1
E/mm-camera-img(  272): frameproc_comp_load:856] Warning linking img_algo_meta_ind
E/mm-camera-img(  272): frameproc_comp_load:867] libmmcamera_ubifocus_lib.so loaded successfully
E/mm-camera(  272): module_imglib_create_dummy_port:1906 portname imglib_dymmy_d1_i0
I/ThermalEngine(  675): Sensor:tsens_tz_sensor5:63000 mC
I/ThermalEngine(  675): Sensor:tsens_tz_sensor5:63000 mC
I/ThermalEngine(  675): TM Id 'CPU0_MONITOR' Sensor 'cpu0' - alarm cleared 4 at 63.0 degC
I/ThermalEngine(  675): ACTION: CPU - Setting CPU[0] to 1190400
E/ThermalEngine(  675): Failed to set desired CPU[0] frequency limit to 1190400
I/ThermalEngine(  675): ACTION: CPU - Setting CPU[1] to 1190400
E/ThermalEngine(  675): Failed to set desired CPU[1] frequency limit to 1190400
I/ThermalEngine(  675): ACTION: CPU - Setting CPU[2] to 1190400
E/ThermalEngine(  675): Failed to set desired CPU[2] frequency limit to 1190400
I/ThermalEngine(  675): ACTION: CPU - Setting CPU[3] to 1190400
E/ThermalEngine(  675): Failed to set desired CPU[3] frequency limit to 1190400
E/Diag_Lib(  256): qmi_init:  Not initialized, calling process init sequence
E/Diag_Lib(  256): Setting internal use port to rmnet0
D/QCOMKeyMaster(  261): keymaster app is loaded
D/QCOMKeyMaster(  261): keymaster app got loaded at attempt number 1
D/QSEECOMAPI: (  261): QSEECom_get_handle sb_length = 0x2000
D/QSEECOMAPI: (  261): App is not loaded in QSEE
E/QSEECOMAPI: (  261): Error::Cannot open the file /vendor/firmware/keymaster/keymaster.mdt
E/QSEECOMAPI: (  261): Error::Loading image failed with ret = -1
D/QSEECOMAPI: (  261): QSEECom_get_handle sb_length = 0x2000
D/QSEECOMAPI: (  261): App is already loaded QSEE and app id = 2
I/ServiceManager(  258): Waiting for service batterystats...
I/ThermalEngine(  675): Sensor:tsens_tz_sensor5:60000 mC
I/ThermalEngine(  675): Sensor:tsens_tz_sensor5:60000 mC
I/ThermalEngine(  675): TM Id 'CPU0_MONITOR' Sensor 'cpu0' - alarm cleared 3 at 60.0 degC
I/ThermalEngine(  675): ACTION: CPU - Setting CPU[0] to 1497600
E/ThermalEngine(  675): Failed to set desired CPU[0] frequency limit to 1497600
I/ThermalEngine(  675): ACTION: CPU - Setting CPU[1] to 1497600
E/ThermalEngine(  675): Failed to set desired CPU[1] frequency limit to 1497600
I/ThermalEngine(  675): ACTION: CPU - Setting CPU[2] to 1497600
E/ThermalEngine(  675): Failed to set desired CPU[2] frequency limit to 1497600
I/ThermalEngine(  675): ACTION: CPU - Setting CPU[3] to 1497600
E/ThermalEngine(  675): Failed to set desired CPU[3] frequency limit to 1497600
E/Diag_Lib(  675): qmi_client [675]: unable to connect to server, errno=[2:No such file or directory], attempt=2
I/ThermalEngine(  675): Sensor:batt_temp:300 mC
E/Diag_Lib(  417): qmuxd: processing device[DATA6_CNTL] connid[1] transport[0x3] wait[0]
E/Diag_Lib(  417): linux_qmi_qmux_io_open_conn: open SMD port /dev/smdcntl1 for RDWR
E/Diag_Lib(  417): qmi_qmux: TX/RX - TX 12 bytes on conn_id=1
E/Diag_Lib(  417): 01 0B 00 00 00 00 00 01 27 00 00 00 
E/Diag_Lib(  417): Thread state: conn_id=1, state=RX_THREAD_WAIT_POLL
E/Diag_Lib(  417): Thread state: conn_id=1, state=RX_THREAD_WAIT_READ
E/Diag_Lib(  417): qmuxd:  successfully opened qmi conn id 1
E/Diag_Lib(  417): qmuxd: processing device[DATA7_CNTL] connid[2] transport[0x3] wait[0]
E/Diag_Lib(  417): Thread state: conn_id=1, state=RX_THREAD_CLIENT_TX
E/Diag_Lib(  417): qmi_qmux: TX/RX - RX 12 bytes on conn_id=1
E/Diag_Lib(  417): 01 0B 00 80 00 00 02 00 27 00 00 00 
E/Diag_Lib(  417): qmi_qmux: CTL indication received ind_id=39, conn_id=1
E/Diag_Lib(  417): Thread state: conn_id=1, state=RX_THREAD_WAIT_POLL
E/Diag_Lib(  417): Thread state: conn_id=1, state=RX_THREAD_WAIT_READ
E/Diag_Lib(  417): Thread state: conn_id=1, state=RX_THREAD_CLIENT_TX
E/Diag_Lib(  417): qmi_qmux: TX/RX - RX 19 bytes on conn_id=1
E/Diag_Lib(  417): 01 12 00 80 00 00 01 01 27 00 07 00 02 04 00 00 
E/Diag_Lib(  417): 00 00 00 
E/Diag_Lib(  417): qmi_ctl_rx_msg.c Can't find txn info for txn_id = 1
E/Diag_Lib(  417): linux_qmi_qmux_io_open_conn: open SMD port /dev/smdcntl2 for RDWR
E/Diag_Lib(  417): Thread state: conn_id=1, state=RX_THREAD_WAIT_POLL
E/Diag_Lib(  417): qmi_qmux: TX/RX - TX 12 bytes on conn_id=2
E/Diag_Lib(  417): 01 0B 00 00 00 00 00 01 27 00 00 00 
E/Diag_Lib(  417): qmuxd:  successfully opened qmi conn id 2
E/Diag_Lib(  417): qmuxd: processing device[DATA8_CNTL] connid[3] transport[0x3] wait[0]
E/Diag_Lib(  417): linux_qmi_qmux_io_open_conn: open SMD port /dev/smdcntl3 for RDWR
E/Diag_Lib(  417): Thread state: conn_id=2, state=RX_THREAD_WAIT_POLL
E/Diag_Lib(  417): Thread state: conn_id=2, state=RX_THREAD_WAIT_READ
E/Diag_Lib(  417): Thread state: conn_id=2, state=RX_THREAD_CLIENT_TX
E/Diag_Lib(  417): qmi_qmux: TX/RX - RX 12 bytes on conn_id=2
E/Diag_Lib(  417): 01 0B 00 80 00 00 02 00 27 00 00 00 
E/Diag_Lib(  417): qmi_qmux: CTL indication received ind_id=39, conn_id=2
E/Diag_Lib(  417): Thread state: conn_id=2, state=RX_THREAD_WAIT_POLL
E/Diag_Lib(  417): Thread state: conn_id=2, state=RX_THREAD_WAIT_READ
E/Diag_Lib(  417): Thread state: conn_id=2, state=RX_THREAD_CLIENT_TX
E/Diag_Lib(  417): qmi_qmux: TX/RX - RX 19 bytes on conn_id=2
E/Diag_Lib(  417): 01 12 00 80 00 00 01 01 27 00 07 00 02 04 00 00 
E/Diag_Lib(  417): 00 00 00 
E/Diag_Lib(  417): qmi_ctl_rx_msg.c Can't find txn info for txn_id = 1
E/Diag_Lib(  417): Thread state: conn_id=2, state=RX_THREAD_WAIT_POLL
E/Diag_Lib(  417): qmi_qmux: TX/RX - TX 12 bytes on conn_id=3
E/Diag_Lib(  417): 01 0B 00 00 00 00 00 01 27 00 00 00 
E/Diag_Lib(  417): qmuxd:  successfully opened qmi conn id 3
E/Diag_Lib(  417): qmuxd: processing device[DATA9_CNTL] connid[4] transport[0x3] wait[0]
E/Diag_Lib(  417): linux_qmi_qmux_io_open_conn: open SMD port /dev/smdcntl4 for RDWR
E/Diag_Lib(  417): Thread state: conn_id=3, state=RX_THREAD_WAIT_POLL
E/Diag_Lib(  417): Thread state: conn_id=3, state=RX_THREAD_WAIT_READ
E/Diag_Lib(  417): Thread state: conn_id=3, state=RX_THREAD_CLIENT_TX
E/Diag_Lib(  417): qmi_qmux: TX/RX - RX 12 bytes on conn_id=3
E/Diag_Lib(  417): 01 0B 00 80 00 00 02 00 27 00 00 00 
E/Diag_Lib(  417): qmi_qmux: CTL indication received ind_id=39, conn_id=3
E/Diag_Lib(  417): Thread state: conn_id=3, state=RX_THREAD_WAIT_POLL
E/Diag_Lib(  417): Thread state: conn_id=3, state=RX_THREAD_WAIT_READ
E/Diag_Lib(  417): Thread state: conn_id=3, state=RX_THREAD_CLIENT_TX
E/Diag_Lib(  417): qmi_qmux: TX/RX - RX 19 bytes on conn_id=3
E/Diag_Lib(  417): 01 12 00 80 00 00 01 01 27 00 07 00 02 04 00 00 
E/Diag_Lib(  417): 00 00 00 
E/Diag_Lib(  417): qmi_ctl_rx_msg.c Can't find txn info for txn_id = 1
E/Diag_Lib(  417): Thread state: conn_id=3, state=RX_THREAD_WAIT_POLL
E/Diag_Lib(  417): qmi_qmux: TX/RX - TX 12 bytes on conn_id=4
E/Diag_Lib(  417): 01 0B 00 00 00 00 00 01 27 00 00 00 
E/Diag_Lib(  417): qmuxd:  successfully opened qmi conn id 4
E/Diag_Lib(  417): Thread state: conn_id=4, state=RX_THREAD_WAIT_POLL
E/Diag_Lib(  417): qmuxd: processing device[DATA12_CNTL] connid[5] transport[0x3] wait[0]
E/Diag_Lib(  417): Thread state: conn_id=4, state=RX_THREAD_WAIT_READ
E/Diag_Lib(  417): linux_qmi_qmux_io_open_conn: open SMD port /dev/smdcntl5 for RDWR
E/Diag_Lib(  417): Thread state: conn_id=4, state=RX_THREAD_CLIENT_TX
E/Diag_Lib(  417): qmi_qmux: TX/RX - RX 12 bytes on conn_id=4
E/Diag_Lib(  417): 01 0B 00 80 00 00 02 00 27 00 00 00 
E/Diag_Lib(  417): qmi_qmux: CTL indication received ind_id=39, conn_id=4
E/Diag_Lib(  417): Thread state: conn_id=4, state=RX_THREAD_WAIT_POLL
E/Diag_Lib(  417): Thread state: conn_id=4, state=RX_THREAD_WAIT_READ
E/Diag_Lib(  417): Thread state: conn_id=4, state=RX_THREAD_CLIENT_TX
E/Diag_Lib(  417): qmi_qmux: TX/RX - RX 19 bytes on conn_id=4
E/Diag_Lib(  417): 01 12 00 80 00 00 01 01 27 00 07 00 02 04 00 00 
E/Diag_Lib(  417): 00 00 00 
E/Diag_Lib(  417): qmi_ctl_rx_msg.c Can't find txn info for txn_id = 1
E/Diag_Lib(  417): Thread state: conn_id=4, state=RX_THREAD_WAIT_POLL
E/Diag_Lib(  417): qmi_qmux: TX/RX - TX 12 bytes on conn_id=5
E/Diag_Lib(  417): 01 0B 00 00 00 00 00 01 27 00 00 00 
E/Diag_Lib(  417): Thread state: conn_id=5, state=RX_THREAD_WAIT_POLL
E/Diag_Lib(  417): qmuxd:  successfully opened qmi conn id 5
E/Diag_Lib(  417): qmuxd: processing device[DATA13_CNTL] connid[6] transport[0x3] wait[0]
E/Diag_Lib(  417): Thread state: conn_id=5, state=RX_THREAD_WAIT_READ
E/Diag_Lib(  417): linux_qmi_qmux_io_open_conn: open SMD port /dev/smdcntl6 for RDWR
E/Diag_Lib(  417): Thread state: conn_id=5, state=RX_THREAD_CLIENT_TX
E/Diag_Lib(  417): qmi_qmux: TX/RX - RX 12 bytes on conn_id=5
E/Diag_Lib(  417): 01 0B 00 80 00 00 02 00 27 00 00 00 
E/Diag_Lib(  417): qmi_qmux: CTL indication received ind_id=39, conn_id=5
E/Diag_Lib(  417): Thread state: conn_id=5, state=RX_THREAD_WAIT_POLL
E/Diag_Lib(  417): Thread state: conn_id=5, state=RX_THREAD_WAIT_READ
E/Diag_Lib(  417): Thread state: conn_id=5, state=RX_THREAD_CLIENT_TX
E/Diag_Lib(  417): qmi_qmux: TX/RX - RX 19 bytes on conn_id=5
E/Diag_Lib(  417): 01 12 00 80 00 00 01 01 27 00 07 00 02 04 00 00 
E/Diag_Lib(  417): 00 00 00 
E/Diag_Lib(  417): qmi_ctl_rx_msg.c Can't find txn info for txn_id = 1
E/Diag_Lib(  417): Thread state: conn_id=5, state=RX_THREAD_WAIT_POLL
E/Diag_Lib(  417): qmi_qmux: TX/RX - TX 12 bytes on conn_id=6
E/Diag_Lib(  417): 01 0B 00 00 00 00 00 01 27 00 00 00 
E/Diag_Lib(  417): qmuxd:  successfully opened qmi conn id 6
E/Diag_Lib(  417): Thread state: conn_id=6, state=RX_THREAD_WAIT_POLL
E/Diag_Lib(  417): qmuxd: processing device[DATA14_CNTL] connid[7] transport[0x3] wait[0]
E/Diag_Lib(  417): linux_qmi_qmux_io_open_conn: open SMD port /dev/smdcntl7 for RDWR
E/Diag_Lib(  417): Thread state: conn_id=6, state=RX_THREAD_WAIT_READ
E/Diag_Lib(  417): Thread state: conn_id=6, state=RX_THREAD_CLIENT_TX
E/Diag_Lib(  417): qmi_qmux: TX/RX - RX 12 bytes on conn_id=6
E/Diag_Lib(  417): 01 0B 00 80 00 00 02 00 27 00 00 00 
E/Diag_Lib(  417): qmi_qmux: CTL indication received ind_id=39, conn_id=6
E/Diag_Lib(  417): Thread state: conn_id=6, state=RX_THREAD_WAIT_POLL
E/Diag_Lib(  417): Thread state: conn_id=6, state=RX_THREAD_WAIT_READ
E/Diag_Lib(  417): Thread state: conn_id=6, state=RX_THREAD_CLIENT_TX
E/Diag_Lib(  417): qmi_qmux: TX/RX - RX 19 bytes on conn_id=6
E/Diag_Lib(  417): 01 12 00 80 00 00 01 01 27 00 07 00 02 04 00 00 
E/Diag_Lib(  417): 00 00 00 
E/Diag_Lib(  417): qmi_ctl_rx_msg.c Can't find txn info for txn_id = 1
E/Diag_Lib(  417): Thread state: conn_id=6, state=RX_THREAD_WAIT_POLL
E/Diag_Lib(  417): qmi_qmux: TX/RX - TX 12 bytes on conn_id=7
E/Diag_Lib(  417): 01 0B 00 00 00 00 00 01 27 00 00 00 
E/Diag_Lib(  417): qmuxd:  successfully opened qmi conn id 7
E/Diag_Lib(  417): qmuxd:  skipping opening conn_id=8, enabled=1, open_at_powerup=0
E/Diag_Lib(  417): qmuxd: processing device[DATA15_CNTL] connid[9] transport[0x3] wait[0]
E/Diag_Lib(  417): linux_qmi_qmux_io_open_conn: open SMD port /dev/smdcntl9 for RDWR
E/Diag_Lib(  417): linux_qmi_qmux_io.c: Unable to open port id /dev/smdcntl9, error [13:Permission denied]
E/Diag_Lib(  417): qmi_qmux_open_connection: QMI_QMUX_IO_PLATFORM_OPEN_CONN failed -1 
E/Diag_Lib(  417): qmuxd:  Opening connection for RMNET9 failed
E/Diag_Lib(  417): qmuxd: processing device[DATA16_CNTL] connid[10] transport[0x3] wait[0]
E/Diag_Lib(  417): linux_qmi_qmux_io_open_conn: open SMD port /dev/smdcntl10 for RDWR
E/Diag_Lib(  417): Thread state: conn_id=7, state=RX_THREAD_WAIT_POLL
E/Diag_Lib(  417): Thread state: conn_id=7, state=RX_THREAD_WAIT_READ
E/Diag_Lib(  417): linux_qmi_qmux_io.c: Unable to open port id /dev/smdcntl10, error [13:Permission denied]
E/Diag_Lib(  417): qmi_qmux_open_connection: QMI_QMUX_IO_PLATFORM_OPEN_CONN failed -1 
E/Diag_Lib(  417): qmuxd:  Opening connection for RMNET10 failed
E/Diag_Lib(  417): Thread state: conn_id=7, state=RX_THREAD_CLIENT_TX
E/Diag_Lib(  417): qmuxd: processing device[DATA17_CNTL] connid[11] transport[0x3] wait[0]
E/Diag_Lib(  417): linux_qmi_qmux_io_open_conn: open SMD port /dev/smdcntl11 for RDWR
E/Diag_Lib(  417): qmi_qmux: TX/RX - RX 12 bytes on conn_id=7
E/Diag_Lib(  417): 01 0B 00 80 00 00 02 00 27 00 00 00 
E/Diag_Lib(  417): qmi_qmux: CTL indication received ind_id=39, conn_id=7
E/Diag_Lib(  417): Thread state: conn_id=7, state=RX_THREAD_WAIT_POLL
E/Diag_Lib(  417): Thread state: conn_id=7, state=RX_THREAD_WAIT_READ
E/Diag_Lib(  417): Thread state: conn_id=7, state=RX_THREAD_CLIENT_TX
E/Diag_Lib(  417): qmi_qmux: TX/RX - RX 19 bytes on conn_id=7
E/Diag_Lib(  417): 01 12 00 80 00 00 01 01 27 00 07 00 02 04 00 00 
E/Diag_Lib(  417): 00 00 00 
E/Diag_Lib(  417): qmi_ctl_rx_msg.c Can't find txn info for txn_id = 1
E/Diag_Lib(  417): Thread state: conn_id=7, state=RX_THREAD_WAIT_POLL
E/Diag_Lib(  417): linux_qmi_qmux_io.c: Unable to open port id /dev/smdcntl11, error [13:Permission denied]
E/Diag_Lib(  417): qmi_qmux_open_connection: QMI_QMUX_IO_PLATFORM_OPEN_CONN failed -1 
E/Diag_Lib(  417): qmuxd:  Opening connection for RMNET11 failed
E/Diag_Lib(  417): qmuxd:  skipping opening conn_id=12, enabled=0, open_at_powerup=1
E/Diag_Lib(  417): qmuxd:  skipping opening conn_id=13, enabled=0, open_at_powerup=1
E/Diag_Lib(  417): qmuxd:  skipping opening conn_id=14, enabled=0, open_at_powerup=1
E/Diag_Lib(  417): qmuxd:  skipping opening conn_id=15, enabled=0, open_at_powerup=1
E/Diag_Lib(  417): qmuxd:  skipping opening conn_id=16, enabled=0, open_at_powerup=1
E/Diag_Lib(  417): qmuxd:  skipping opening conn_id=17, enabled=0, open_at_powerup=1
E/Diag_Lib(  417): qmuxd:  skipping opening conn_id=18, enabled=0, open_at_powerup=1
E/Diag_Lib(  417): qmuxd:  skipping opening conn_id=19, enabled=0, open_at_powerup=1
E/Diag_Lib(  417): qmuxd:  skipping opening conn_id=20, enabled=0, open_at_powerup=1
E/Diag_Lib(  417): qmuxd:  skipping opening conn_id=21, enabled=0, open_at_powerup=1
E/Diag_Lib(  417): qmuxd:  skipping opening conn_id=22, enabled=0, open_at_powerup=1
E/Diag_Lib(  417): qmuxd:  skipping opening conn_id=23, enabled=0, open_at_powerup=1
E/Diag_Lib(  417): qmuxd:  skipping opening conn_id=24, enabled=0, open_at_powerup=1
E/Diag_Lib(  417): qmuxd:  skipping opening conn_id=25, enabled=0, open_at_powerup=1
E/Diag_Lib(  417): qmuxd:  skipping opening conn_id=26, enabled=0, open_at_powerup=1
E/Diag_Lib(  417): qmuxd:  skipping opening conn_id=27, enabled=0, open_at_powerup=1
E/Diag_Lib(  417): qmuxd:  skipping opening conn_id=28, enabled=0, open_at_powerup=1
E/Diag_Lib(  417): qmuxd:  skipping opening conn_id=29, enabled=0, open_at_powerup=1
E/Diag_Lib(  417): qmuxd:  skipping opening conn_id=30, enabled=0, open_at_powerup=1
E/Diag_Lib(  417): qmuxd:  skipping opening conn_id=31, enabled=0, open_at_powerup=1
E/Diag_Lib(  417): qmuxd:  skipping opening conn_id=32, enabled=0, open_at_powerup=1
E/Diag_Lib(  417): qmuxd:  skipping opening conn_id=33, enabled=0, open_at_powerup=1
E/Diag_Lib(  417): qmuxd:  skipping opening conn_id=34, enabled=0, open_at_powerup=1
E/Diag_Lib(  417): qmuxd:  skipping opening conn_id=35, enabled=0, open_at_powerup=1
E/Diag_Lib(  417): qmuxd:  skipping opening conn_id=36, enabled=0, open_at_powerup=1
E/Diag_Lib(  417): qmuxd:  skipping opening conn_id=37, enabled=0, open_at_powerup=1
E/Diag_Lib(  417): qmuxd:  skipping opening conn_id=38, enabled=0, open_at_powerup=1
E/Diag_Lib(  417): qmuxd:  skipping opening conn_id=39, enabled=0, open_at_powerup=1
E/Diag_Lib(  417): qmuxd:  skipping opening conn_id=40, enabled=0, open_at_powerup=1
E/Diag_Lib(  417): qmuxd:  skipping opening conn_id=41, enabled=0, open_at_powerup=1
E/Diag_Lib(  417): qmuxd:  skipping opening conn_id=42, enabled=0, open_at_powerup=1
E/Diag_Lib(  417): qmuxd:  skipping opening conn_id=43, enabled=0, open_at_powerup=1
E/Diag_Lib(  417): qmuxd:  skipping opening conn_id=44, enabled=0, open_at_powerup=1
E/Diag_Lib(  417): qmuxd:  skipping opening conn_id=45, enabled=0, open_at_powerup=1
E/Diag_Lib(  417): qmuxd:  skipping opening conn_id=46, enabled=0, open_at_powerup=1
E/Diag_Lib(  417): qmuxd:  skipping opening conn_id=47, enabled=0, open_at_powerup=1
E/Diag_Lib(  417): qmuxd:  skipping opening conn_id=48, enabled=0, open_at_powerup=1
E/Diag_Lib(  417): qmuxd:  skipping opening conn_id=49, enabled=0, open_at_powerup=1
E/Diag_Lib(  417): qmuxd:  skipping opening conn_id=50, enabled=0, open_at_powerup=1
E/Diag_Lib(  417): qmuxd:  skipping opening conn_id=51, enabled=0, open_at_powerup=1
E/Diag_Lib(  417): qmuxd:  skipping opening conn_id=52, enabled=0, open_at_powerup=1
E/Diag_Lib(  417): qmuxd:  skipping opening conn_id=53, enabled=0, open_at_powerup=1
E/Diag_Lib(  417): qmuxd:  skipping opening conn_id=54, enabled=0, open_at_powerup=1
E/Diag_Lib(  417): qmuxd:  skipping opening conn_id=55, enabled=0, open_at_powerup=1
E/Diag_Lib(  417): qmuxd:  skipping opening conn_id=56, enabled=0, open_at_powerup=1
E/Diag_Lib(  417): qmuxd:  bypassing opening pipe to qmi proxy daemon as qmi proxy not supported 57
E/Diag_Lib(  417): qmuxd: Added read pipefd=23, maxfd=24
E/Diag_Lib(  417): qmuxd: addr path=/dev/socket/qmux_radio/qmux_connect_socket, len=44
E/Diag_Lib(  417): qmuxd: Added listener=[25:/dev/socket/qmux_radio/qmux_connect_socket], max_listener_fd=25, maxfd=25
E/Diag_Lib(  417): qmuxd: addr path=/dev/socket/qmux_audio/qmux_connect_socket, len=44
E/Diag_Lib(  417): qmuxd: Added listener=[26:/dev/socket/qmux_audio/qmux_connect_socket], max_listener_fd=26, maxfd=26
E/Diag_Lib(  417): qmuxd: addr path=/dev/socket/qmux_bluetooth/qmux_connect_socket, len=48
E/Diag_Lib(  417): qmuxd: Added listener=[27:/dev/socket/qmux_bluetooth/qmux_connect_socket], max_listener_fd=27, maxfd=27
